RETURN CODE: 0
STDOUT:
To honour the JVM settings for this build a single-use Daemon process will be forked. For more on this, please refer to https://docs.gradle.org/8.7/userguide/gradle_daemon.html#sec:disabling_the_daemon in the Gradle documentation.
Daemon will be stopped at the end of the build 

> Configure project :catroid
WARNING: The option 'android.enableBuildCache' is deprecated.
The current default is 'false'.
It was removed in version 7.0 of the Android Gradle plugin.
The Android-specific build caches were superseded by the Gradle build cache (https://docs.gradle.org/current/userguide/build_cache.html).
VersionCode is 130
VersionName is 2.2.0
WARNING: API 'variant.getJavaCompiler()' is obsolete and has been replaced with 'variant.getJavaCompileProvider()'.
It will be removed in version 9.0 of the Android Gradle plugin.
For more information, see https://d.android.com/r/tools/task-configuration-avoidance.
To determine what is calling variant.getJavaCompiler(), use -Pandroid.debug.obsoleteApi=true on the command line to display more information.

> Task :vncclient:preBuild UP-TO-DATE
> Task :vncclient:preDebugBuild UP-TO-DATE
> Task :lunoscript-annotations:checkKotlinGradlePluginConfigurationErrors
> Task :catroid:checkKotlinGradlePluginConfigurationErrors
> Task :lunoscript-processor:checkKotlinGradlePluginConfigurationErrors
> Task :catroid:preBuild UP-TO-DATE
> Task :catroid:preRuntimeDebugBuild UP-TO-DATE
> Task :lunoscript-processor:processResources NO-SOURCE
> Task :vncclient:generateDebugResValues UP-TO-DATE
> Task :vncclient:generateDebugResources UP-TO-DATE
> Task :vncclient:packageDebugResources UP-TO-DATE
> Task :vncclient:writeDebugAarMetadata UP-TO-DATE
> Task :vncclient:extractDeepLinksDebug UP-TO-DATE
> Task :vncclient:processDebugManifest UP-TO-DATE
> Task :vncclient:compileDebugLibraryResources UP-TO-DATE
> Task :lunoscript-annotations:compileKotlin UP-TO-DATE
> Task :lunoscript-annotations:compileJava NO-SOURCE
> Task :lunoscript-annotations:processResources NO-SOURCE
> Task :lunoscript-annotations:classes UP-TO-DATE
> Task :vncclient:parseDebugLocalResources UP-TO-DATE
> Task :lunoscript-annotations:jar UP-TO-DATE
> Task :lunoscript-processor:kaptGenerateStubsKotlin UP-TO-DATE
> Task :lunoscript-processor:kaptKotlin UP-TO-DATE
> Task :lunoscript-processor:compileKotlin UP-TO-DATE
> Task :lunoscript-processor:compileJava NO-SOURCE
> Task :lunoscript-processor:classes UP-TO-DATE
> Task :lunoscript-processor:jar UP-TO-DATE
> Task :vncclient:generateDebugRFile UP-TO-DATE
> Task :vncclient:checkKotlinGradlePluginConfigurationErrors
> Task :vncclient:compileDebugKotlin UP-TO-DATE
> Task :vncclient:javaPreCompileDebug UP-TO-DATE
> Task :vncclient:compileDebugJavaWithJavac NO-SOURCE
> Task :vncclient:bundleLibCompileToJarDebug UP-TO-DATE
> Task :catroid:dataBindingMergeDependencyArtifactsRuntimeDebug
> Task :catroid:generateRuntimeDebugResValues FROM-CACHE
> Task :catroid:generateRuntimeDebugResources FROM-CACHE
> Task :catroid:injectCrashlyticsMappingFileIdRuntimeDebug
> Task :catroid:processRuntimeDebugGoogleServices SKIPPED
> Task :catroid:mergeRuntimeDebugResources FROM-CACHE
> Task :catroid:dataBindingGenBaseClassesRuntimeDebug FROM-CACHE
> Task :catroid:generateRuntimeDebugBuildConfig FROM-CACHE
> Task :catroid:checkRuntimeDebugAarMetadata
> Task :catroid:mapRuntimeDebugSourceSetPaths
> Task :catroid:createRuntimeDebugCompatibleScreenManifests
> Task :catroid:extractDeepLinksRuntimeDebug FROM-CACHE
> Task :catroid:processRuntimeDebugMainManifest FROM-CACHE
> Task :catroid:processRuntimeDebugManifest FROM-CACHE
> Task :catroid:processRuntimeDebugManifestForPackage FROM-CACHE
> Task :catroid:processRuntimeDebugResources FROM-CACHE
> Task :catroid:kaptGenerateStubsRuntimeDebugKotlin UP-TO-DATE
> Task :catroid:kaptRuntimeDebugKotlin
> Task :catroid:compileRuntimeDebugKotlin
w: file:///C:/Users/ivanp/NewCatroid/catroid/build/generated/source/kaptKotlin/runtimeDebug/org/catrobat/catroid/utils/lunoscript/generated/GeneratedLunoRegistry.kt:5:31 Parameter 'interpreter' is never used
w: file:///C:/Users/ivanp/NewCatroid/catroid/src/main/java/android/preference/TrustListEditorPreference.kt:41:74 'constructor EditTextPreference(Context!, AttributeSet!)' is deprecated. Deprecated in Java
w: file:///C:/Users/ivanp/NewCatroid/catroid/src/main/java/android/preference/TrustListEditorPreference.kt:41:74 'EditTextPreference' is deprecated. Deprecated in Java
w: file:///C:/Users/ivanp/NewCatroid/catroid/src/main/java/android/preference/TrustListEditorPreference.kt:45:9 'setDialogTitle(Int): Unit' is deprecated. Deprecated in Java
w: file:///C:/Users/ivanp/NewCatroid/catroid/src/main/java/android/preference/TrustListEditorPreference.kt:46:9 'setPositiveButtonText(Int): Unit' is deprecated. Deprecated in Java
w: file:///C:/Users/ivanp/NewCatroid/catroid/src/main/java/android/preference/TrustListEditorPreference.kt:47:9 'setNegativeButtonText(Int): Unit' is deprecated. Deprecated in Java
w: file:///C:/Users/ivanp/NewCatroid/catroid/src/main/java/android/preference/TrustListEditorPreference.kt:52:46 'getter for context: Context!' is deprecated. Deprecated in Java
w: file:///C:/Users/ivanp/NewCatroid/catroid/src/main/java/android/preference/TrustListEditorPreference.kt:54:23 'getter for dialogTitle: CharSequence!' is deprecated. Deprecated in Java
w: file:///C:/Users/ivanp/NewCatroid/catroid/src/main/java/android/preference/TrustListEditorPreference.kt:55:22 'getter for dialogIcon: Drawable!' is deprecated. Deprecated in Java
w: file:///C:/Users/ivanp/NewCatroid/catroid/src/main/java/android/preference/TrustListEditorPreference.kt:56:32 'getter for positiveButtonText: CharSequence!' is deprecated. Deprecated in Java
w: file:///C:/Users/ivanp/NewCatroid/catroid/src/main/java/android/preference/TrustListEditorPreference.kt:57:17 'setter for text: String!' is deprecated. Deprecated in Java
w: file:///C:/Users/ivanp/NewCatroid/catroid/src/main/java/android/preference/TrustListEditorPreference.kt:57:24 'getter for editText: EditText!' is deprecated. Deprecated in Java
w: file:///C:/Users/ivanp/NewCatroid/catroid/src/main/java/android/preference/TrustListEditorPreference.kt:58:55 'getter for text: String!' is deprecated. Deprecated in Java
w: file:///C:/Users/ivanp/NewCatroid/catroid/src/main/java/android/preference/TrustListEditorPreference.kt:61:32 'getter for negativeButtonText: CharSequence!' is deprecated. Deprecated in Java
w: file:///C:/Users/ivanp/NewCatroid/catroid/src/main/java/android/preference/TrustListEditorPreference.kt:64:55 'getter for dialogLayoutResource: Int' is deprecated. Deprecated in Java
w: file:///C:/Users/ivanp/NewCatroid/catroid/src/main/java/android/preference/TrustListEditorPreference.kt:68:33 'getter for dialogMessage: CharSequence!' is deprecated. Deprecated in Java
w: file:///C:/Users/ivanp/NewCatroid/catroid/src/main/java/android/preference/TrustListEditorPreference.kt:70:9 'onPrepareDialogBuilder(AlertDialog.Builder!): Unit' is deprecated. Deprecated in Java
w: file:///C:/Users/ivanp/NewCatroid/catroid/src/main/java/android/preference/TrustListEditorPreference.kt:75:13 'getter for editText: EditText!' is deprecated. Deprecated in Java
w: file:///C:/Users/ivanp/NewCatroid/catroid/src/main/java/android/preference/TrustListEditorPreference.kt:87:15 'onBindDialogView(View!): Unit' is deprecated. Deprecated in Java
w: file:///C:/Users/ivanp/NewCatroid/catroid/src/main/java/android/preference/TrustListEditorPreference.kt:88:9 'setter for text: String!' is deprecated. Deprecated in Java
w: file:///C:/Users/ivanp/NewCatroid/catroid/src/main/java/android/preference/TrustListEditorPreference.kt:89:9 'getter for editText: EditText!' is deprecated. Deprecated in Java
w: file:///C:/Users/ivanp/NewCatroid/catroid/src/main/java/android/preference/TrustListEditorPreference.kt:89:26 'getter for text: String!' is deprecated. Deprecated in Java
w: file:///C:/Users/ivanp/NewCatroid/catroid/src/main/java/android/preference/TrustListEditorPreference.kt:90:9 'getter for editText: EditText!' is deprecated. Deprecated in Java
w: file:///C:/Users/ivanp/NewCatroid/catroid/src/main/java/android/preference/TrustListEditorPreference.kt:90:31 'getter for text: String!' is deprecated. Deprecated in Java
w: file:///C:/Users/ivanp/NewCatroid/catroid/src/main/java/android/preference/TrustListEditorPreference.kt:91:25 'getter for editText: EditText!' is deprecated. Deprecated in Java
w: file:///C:/Users/ivanp/NewCatroid/catroid/src/main/java/android/preference/TrustListEditorPreference.kt:93:51 'getter for editText: EditText!' is deprecated. Deprecated in Java
w: file:///C:/Users/ivanp/NewCatroid/catroid/src/main/java/android/preference/TrustListEditorPreference.kt:94:13 'onAddEditTextToDialogView(View!, EditText!): Unit' is deprecated. Deprecated in Java
w: file:///C:/Users/ivanp/NewCatroid/catroid/src/main/java/android/preference/TrustListEditorPreference.kt:94:45 'getter for editText: EditText!' is deprecated. Deprecated in Java
w: file:///C:/Users/ivanp/NewCatroid/catroid/src/main/java/com/google/mlkit/nl/languageid/LanguageIdentification.kt:13:26 Parameter 'text' is never used
w: file:///C:/Users/ivanp/NewCatroid/catroid/src/main/java/com/google/mlkit/vision/common/InputImage.kt:5:26 Parameter 'context' is never used
w: file:///C:/Users/ivanp/NewCatroid/catroid/src/main/java/com/google/mlkit/vision/common/InputImage.kt:5:60 Parameter 'path' is never used
w: file:///C:/Users/ivanp/NewCatroid/catroid/src/main/java/com/google/mlkit/vision/common/InputImage.kt:6:24 Parameter 'bitmap' is never used
w: file:///C:/Users/ivanp/NewCatroid/catroid/src/main/java/com/google/mlkit/vision/common/InputImage.kt:7:28 Parameter 'mediaImage' is never used
w: file:///C:/Users/ivanp/NewCatroid/catroid/src/main/java/com/google/mlkit/vision/common/InputImage.kt:7:61 Parameter 'rotation' is never used
w: file:///C:/Users/ivanp/NewCatroid/catroid/src/main/java/com/google/mlkit/vision/face/FaceDetection.kt:5:23 Parameter 'options' is never used
w: file:///C:/Users/ivanp/NewCatroid/catroid/src/main/java/com/google/mlkit/vision/face/FaceDetection.kt:11:23 Parameter 'options' is never used
w: file:///C:/Users/ivanp/NewCatroid/catroid/src/main/java/com/google/mlkit/vision/face/FaceDetection.kt:14:17 Parameter 'image' is never used
w: file:///C:/Users/ivanp/NewCatroid/catroid/src/main/java/com/google/mlkit/vision/face/FaceDetection.kt:26:35 Parameter 'mode' is never used
w: file:///C:/Users/ivanp/NewCatroid/catroid/src/main/java/com/google/mlkit/vision/objectdetection/ObjectDetection.kt:17:27 Parameter 'options' is never used
w: file:///C:/Users/ivanp/NewCatroid/catroid/src/main/java/com/google/mlkit/vision/objectdetection/ObjectDetector.kt:7:17 Parameter 'image' is never used
w: file:///C:/Users/ivanp/NewCatroid/catroid/src/main/java/com/google/mlkit/vision/objectdetection/ObjectDetectorOptions.kt:9:35 Parameter 'mode' is never used
w: file:///C:/Users/ivanp/NewCatroid/catroid/src/main/java/com/google/mlkit/vision/objects/ObjectDetection.kt:9:23 Parameter 'options' is never used
w: file:///C:/Users/ivanp/NewCatroid/catroid/src/main/java/com/google/mlkit/vision/pose/PoseDetection.kt:5:23 Parameter 'options' is never used
w: file:///C:/Users/ivanp/NewCatroid/catroid/src/main/java/com/google/mlkit/vision/pose/PoseDetection.kt:9:21 Parameter 'image' is never used
w: file:///C:/Users/ivanp/NewCatroid/catroid/src/main/java/com/google/mlkit/vision/pose/PoseDetectorOptions.kt:9:29 Parameter 'mode' is never used
w: file:///C:/Users/ivanp/NewCatroid/catroid/src/main/java/com/google/mlkit/vision/pose/defaults/PoseDetectorOptions.kt:11:29 Parameter 'mode' is never used
w: file:///C:/Users/ivanp/NewCatroid/catroid/src/main/java/com/google/mlkit/vision/text/TextRecognition.kt:5:23 Parameter 'options' is never used
w: file:///C:/Users/ivanp/NewCatroid/catroid/src/main/java/com/google/mlkit/vision/text/TextRecognition.kt:22:17 Parameter 'image' is never used
w: file:///C:/Users/ivanp/NewCatroid/catroid/src/main/java/org/catrobat/catroid/apkbuild/ApkToolboxManager.kt:54:35 'getter for androidManifestBlock: AndroidManifestBlock!' is deprecated. Deprecated in Java
w: file:///C:/Users/ivanp/NewCatroid/catroid/src/main/java/org/catrobat/catroid/apkbuild/ApkToolboxManager.kt:358:20 'getter for androidManifestBlock: AndroidManifestBlock!' is deprecated. Deprecated in Java
w: file:///C:/Users/ivanp/NewCatroid/catroid/src/main/java/org/catrobat/catroid/apkbuild/BakedApkBuilder.kt:175:45 'getInstance(): ProjectManager!' is deprecated. Deprecated in Java
w: file:///C:/Users/ivanp/NewCatroid/catroid/src/main/java/org/catrobat/catroid/apkbuild/BakedApkBuilder.kt:233:60 Parameter 'tempDir' is never used
w: file:///C:/Users/ivanp/NewCatroid/catroid/src/main/java/org/catrobat/catroid/apkbuild/RuntimeLoaderActivity.kt:120:15 'onBackPressed(): Unit' is deprecated. Deprecated in Java
w: file:///C:/Users/ivanp/NewCatroid/catroid/src/main/java/org/catrobat/catroid/camera/CameraManager.kt:322:28 'getInstance(): ProjectManager!' is deprecated. Deprecated in Java
w: file:///C:/Users/ivanp/NewCatroid/catroid/src/main/java/org/catrobat/catroid/camera/CameraManager.kt:329:41 'getInstance(): ProjectManager!' is deprecated. Deprecated in Java
w: file:///C:/Users/ivanp/NewCatroid/catroid/src/main/java/org/catrobat/catroid/camera/VisualDetectionHandler.kt:145:42 Elvis operator (?:) always returns the left operand of non-nullable type Int
w: file:///C:/Users/ivanp/NewCatroid/catroid/src/main/java/org/catrobat/catroid/camera/VisualDetectionHandler.kt:182:25 Unnecessary safe call on a non-null receiver of type PoseLandmark
w: file:///C:/Users/ivanp/NewCatroid/catroid/src/main/java/org/catrobat/catroid/camera/VisualDetectionHandler.kt:348:35 'getInstance(): ProjectManager!' is deprecated. Deprecated in Java
w: file:///C:/Users/ivanp/NewCatroid/catroid/src/main/java/org/catrobat/catroid/codeanalysis/AiConfig.kt:5:27 'PreferenceManager' is deprecated. Deprecated in Java
w: file:///C:/Users/ivanp/NewCatroid/catroid/src/main/java/org/catrobat/catroid/codeanalysis/AiConfig.kt:27:25 'PreferenceManager' is deprecated. Deprecated in Java
w: file:///C:/Users/ivanp/NewCatroid/catroid/src/main/java/org/catrobat/catroid/codeanalysis/AiConfig.kt:27:43 'getDefaultSharedPreferences(Context!): SharedPreferences!' is deprecated. Deprecated in Java
w: file:///C:/Users/ivanp/NewCatroid/catroid/src/main/java/org/catrobat/catroid/codeanalysis/AiConfig.kt:69:9 'PreferenceManager' is deprecated. Deprecated in Java
w: file:///C:/Users/ivanp/NewCatroid/catroid/src/main/java/org/catrobat/catroid/codeanalysis/AiConfig.kt:69:27 'getDefaultSharedPreferences(Context!): SharedPreferences!' is deprecated. Deprecated in Java
w: file:///C:/Users/ivanp/NewCatroid/catroid/src/main/java/org/catrobat/catroid/codeanalysis/AiProjectAssistant.kt:269:37 'getInstance(): ProjectManager!' is deprecated. Deprecated in Java
w: file:///C:/Users/ivanp/NewCatroid/catroid/src/main/java/org/catrobat/catroid/codeanalysis/AiProjectAssistant.kt:283:37 'getInstance(): ProjectManager!' is deprecated. Deprecated in Java
w: file:///C:/Users/ivanp/NewCatroid/catroid/src/main/java/org/catrobat/catroid/codeanalysis/AipContextManager.kt:67:30 Parameter 'targetScript' is never used
w: file:///C:/Users/ivanp/NewCatroid/catroid/src/main/java/org/catrobat/catroid/codeanalysis/AipContextManager.kt:68:38 'getInstance(): ProjectManager!' is deprecated. Deprecated in Java
w: file:///C:/Users/ivanp/NewCatroid/catroid/src/main/java/org/catrobat/catroid/codeanalysis/ConstantConditionRule.kt:17:38 'getInstance(): ProjectManager!' is deprecated. Deprecated in Java
w: file:///C:/Users/ivanp/NewCatroid/catroid/src/main/java/org/catrobat/catroid/codeanalysis/ConstantConditionRule.kt:18:37 'getInstance(): ProjectManager!' is deprecated. Deprecated in Java
w: file:///C:/Users/ivanp/NewCatroid/catroid/src/main/java/org/catrobat/catroid/codeanalysis/DeadScriptRule.kt:18:38 'getInstance(): ProjectManager!' is deprecated. Deprecated in Java
w: file:///C:/Users/ivanp/NewCatroid/catroid/src/main/java/org/catrobat/catroid/codeanalysis/DivisionByZeroRule.kt:54:57 'getInstance(): ProjectManager!' is deprecated. Deprecated in Java
w: file:///C:/Users/ivanp/NewCatroid/catroid/src/main/java/org/catrobat/catroid/codeanalysis/DivisionByZeroRule.kt:55:57 'getInstance(): ProjectManager!' is deprecated. Deprecated in Java
w: file:///C:/Users/ivanp/NewCatroid/catroid/src/main/java/org/catrobat/catroid/codeanalysis/NeuralSuggestionEngine.kt:163:37 'getInstance(): ProjectManager!' is deprecated. Deprecated in Java
w: file:///C:/Users/ivanp/NewCatroid/catroid/src/main/java/org/catrobat/catroid/codeanalysis/ResourceLeakRule.kt:9:58 'getInstance(): ProjectManager!' is deprecated. Deprecated in Java
w: file:///C:/Users/ivanp/NewCatroid/catroid/src/main/java/org/catrobat/catroid/codeanalysis/ThreedCompatibilityRule.kt:9:58 'getInstance(): ProjectManager!' is deprecated. Deprecated in Java
w: file:///C:/Users/ivanp/NewCatroid/catroid/src/main/java/org/catrobat/catroid/codeanalysis/TransformerSuggestionEngine.kt:178:37 'getInstance(): ProjectManager!' is deprecated. Deprecated in Java
w: file:///C:/Users/ivanp/NewCatroid/catroid/src/main/java/org/catrobat/catroid/codeanalysis/UndefinedReferenceRule.kt:14:38 'getInstance(): ProjectManager!' is deprecated. Deprecated in Java
w: file:///C:/Users/ivanp/NewCatroid/catroid/src/main/java/org/catrobat/catroid/codeanalysis/UndefinedReferenceRule.kt:15:37 'getInstance(): ProjectManager!' is deprecated. Deprecated in Java
w: file:///C:/Users/ivanp/NewCatroid/catroid/src/main/java/org/catrobat/catroid/codeanalysis/UnreachableCodeRule.kt:45:44 'getInstance(): ProjectManager!' is deprecated. Deprecated in Java
w: file:///C:/Users/ivanp/NewCatroid/catroid/src/main/java/org/catrobat/catroid/codeanalysis/UnreachableCodeRule.kt:46:44 'getInstance(): ProjectManager!' is deprecated. Deprecated in Java
w: file:///C:/Users/ivanp/NewCatroid/catroid/src/main/java/org/catrobat/catroid/codeanalysis/UnusedVariableRule.kt:10:58 'getInstance(): ProjectManager!' is deprecated. Deprecated in Java
w: file:///C:/Users/ivanp/NewCatroid/catroid/src/main/java/org/catrobat/catroid/content/NewDialogManager.kt:99:51 Unnecessary non-null assertion (!!) on a non-null receiver of type RadioGroup
w: file:///C:/Users/ivanp/NewCatroid/catroid/src/main/java/org/catrobat/catroid/content/NewDialogManager.kt:101:48 Unnecessary non-null assertion (!!) on a non-null receiver of type RadioGroup
w: file:///C:/Users/ivanp/NewCatroid/catroid/src/main/java/org/catrobat/catroid/content/PathfindingManager.kt:362:57 Type mismatch: inferred type is PathNode? but PathNode was expected
w: file:///C:/Users/ivanp/NewCatroid/catroid/src/main/java/org/catrobat/catroid/content/PathfindingManager.kt:397:53 Type mismatch: inferred type is PathNode? but PathNode was expected
w: file:///C:/Users/ivanp/NewCatroid/catroid/src/main/java/org/catrobat/catroid/content/PathfindingManager.kt:401:49 Type mismatch: inferred type is PathNode? but PathNode was expected
w: file:///C:/Users/ivanp/NewCatroid/catroid/src/main/java/org/catrobat/catroid/content/RenderTextureManager.kt:125:49 'getInstance(): ProjectManager!' is deprecated. Deprecated in Java
w: file:///C:/Users/ivanp/NewCatroid/catroid/src/main/java/org/catrobat/catroid/content/TransitionManager.kt:148:60 'getInstance(): ProjectManager!' is deprecated. Deprecated in Java
w: file:///C:/Users/ivanp/NewCatroid/catroid/src/main/java/org/catrobat/catroid/content/actions/ApplyAngularImpulseAction.kt:15:36 'getInstance(): ProjectManager!' is deprecated. Deprecated in Java
w: file:///C:/Users/ivanp/NewCatroid/catroid/src/main/java/org/catrobat/catroid/content/actions/ApplyForceAction.kt:18:36 'getInstance(): ProjectManager!' is deprecated. Deprecated in Java
w: file:///C:/Users/ivanp/NewCatroid/catroid/src/main/java/org/catrobat/catroid/content/actions/ApplyImpulseAction.kt:18:36 'getInstance(): ProjectManager!' is deprecated. Deprecated in Java
w: file:///C:/Users/ivanp/NewCatroid/catroid/src/main/java/org/catrobat/catroid/content/actions/ApplyTorqueAction.kt:15:36 'getInstance(): ProjectManager!' is deprecated. Deprecated in Java
w: file:///C:/Users/ivanp/NewCatroid/catroid/src/main/java/org/catrobat/catroid/content/actions/AskGemini2Action.kt:75:33 Parameter 'hostname' is never used, could be renamed to _
w: file:///C:/Users/ivanp/NewCatroid/catroid/src/main/java/org/catrobat/catroid/content/actions/AskGemini2Action.kt:75:43 Parameter 'session' is never used, could be renamed to _
w: file:///C:/Users/ivanp/NewCatroid/catroid/src/main/java/org/catrobat/catroid/content/actions/AskGemini2Action.kt:80:36 'api_key: String?' is deprecated. Use getApiKey(context) instead. Direct api_key field kept for backward compatibility.
w: file:///C:/Users/ivanp/NewCatroid/catroid/src/main/java/org/catrobat/catroid/content/actions/AskGemini2Action.kt:103:32 'create(MediaType?, String): RequestBody' is deprecated. Moved to extension function. Put the 'content' argument first to fix Java
w: file:///C:/Users/ivanp/NewCatroid/catroid/src/main/java/org/catrobat/catroid/content/actions/AskGeminiAction.kt:86:36 'api_key: String?' is deprecated. Use getApiKey(context) instead. Direct api_key field kept for backward compatibility.
w: file:///C:/Users/ivanp/NewCatroid/catroid/src/main/java/org/catrobat/catroid/content/actions/AskGeminiAction.kt:111:32 'create(MediaType?, String): RequestBody' is deprecated. Moved to extension function. Put the 'content' argument first to fix Java
w: file:///C:/Users/ivanp/NewCatroid/catroid/src/main/java/org/catrobat/catroid/content/actions/ChangeTempoByAction.kt:37:38 Unnecessary safe call on a non-null receiver of type Formula
w: file:///C:/Users/ivanp/NewCatroid/catroid/src/main/java/org/catrobat/catroid/content/actions/ChangeVariableAction.kt:54:50 'getInstance(): ProjectManager!' is deprecated. Deprecated in Java
w: file:///C:/Users/ivanp/NewCatroid/catroid/src/main/java/org/catrobat/catroid/content/actions/CopyLookAction.kt:74:43 'getInstance(): ProjectManager!' is deprecated. Deprecated in Java
w: file:///C:/Users/ivanp/NewCatroid/catroid/src/main/java/org/catrobat/catroid/content/actions/CopyLookAction.kt:98:54 'getInstance(): ProjectManager!' is deprecated. Deprecated in Java
w: file:///C:/Users/ivanp/NewCatroid/catroid/src/main/java/org/catrobat/catroid/content/actions/CreateDistanceJointAction.kt:28:13 Variable 'stage' is never used
w: file:///C:/Users/ivanp/NewCatroid/catroid/src/main/java/org/catrobat/catroid/content/actions/CreateDistanceJointAction.kt:30:36 'getInstance(): ProjectManager!' is deprecated. Deprecated in Java
w: file:///C:/Users/ivanp/NewCatroid/catroid/src/main/java/org/catrobat/catroid/content/actions/CreateGearJointAction.kt:23:36 'getInstance(): ProjectManager!' is deprecated. Deprecated in Java
w: file:///C:/Users/ivanp/NewCatroid/catroid/src/main/java/org/catrobat/catroid/content/actions/CreatePrismaticJointAction.kt:30:36 'getInstance(): ProjectManager!' is deprecated. Deprecated in Java
w: file:///C:/Users/ivanp/NewCatroid/catroid/src/main/java/org/catrobat/catroid/content/actions/CreatePulleyJointAction.kt:33:36 'getInstance(): ProjectManager!' is deprecated. Deprecated in Java
w: file:///C:/Users/ivanp/NewCatroid/catroid/src/main/java/org/catrobat/catroid/content/actions/CreateRevoluteJointAction.kt:22:36 'getInstance(): ProjectManager!' is deprecated. Deprecated in Java
w: file:///C:/Users/ivanp/NewCatroid/catroid/src/main/java/org/catrobat/catroid/content/actions/CreateWeldJointAction.kt:27:13 Variable 'stage' is never used
w: file:///C:/Users/ivanp/NewCatroid/catroid/src/main/java/org/catrobat/catroid/content/actions/CreateWeldJointAction.kt:29:36 'getInstance(): ProjectManager!' is deprecated. Deprecated in Java
w: file:///C:/Users/ivanp/NewCatroid/catroid/src/main/java/org/catrobat/catroid/content/actions/CutLookAction.kt:110:13 Unnecessary safe call on a non-null receiver of type LookData
w: file:///C:/Users/ivanp/NewCatroid/catroid/src/main/java/org/catrobat/catroid/content/actions/DelSquareAction.kt:49:13 Variable 'stage' is never used
w: file:///C:/Users/ivanp/NewCatroid/catroid/src/main/java/org/catrobat/catroid/content/actions/DeleteLookAction.kt:58:58 'getInstance(): ProjectManager!' is deprecated. Deprecated in Java
w: file:///C:/Users/ivanp/NewCatroid/catroid/src/main/java/org/catrobat/catroid/content/actions/DestroyJointAction.kt:14:24 'getInstance(): ProjectManager!' is deprecated. Deprecated in Java
w: file:///C:/Users/ivanp/NewCatroid/catroid/src/main/java/org/catrobat/catroid/content/actions/EditLookAction.kt:84:30 Unnecessary safe call on a non-null receiver of type Sprite
w: file:///C:/Users/ivanp/NewCatroid/catroid/src/main/java/org/catrobat/catroid/content/actions/EditLookAction.kt:90:17 Name shadowed: lookData
w: file:///C:/Users/ivanp/NewCatroid/catroid/src/main/java/org/catrobat/catroid/content/actions/EditLookAction.kt:100:54 'getInstance(): ProjectManager!' is deprecated. Deprecated in Java
w: file:///C:/Users/ivanp/NewCatroid/catroid/src/main/java/org/catrobat/catroid/content/actions/GenerateKeyAction.kt:22:13 This is a delicate API and its use requires care. Make sure you fully read and understand documentation of the declaration that is marked as a delicate API.
w: file:///C:/Users/ivanp/NewCatroid/catroid/src/main/java/org/catrobat/catroid/content/actions/GetZipFileNamesAction.kt:25:13 Variable 'context' is never used
w: file:///C:/Users/ivanp/NewCatroid/catroid/src/main/java/org/catrobat/catroid/content/actions/HideStatusBarAction.kt:54:43 'setter for systemUiVisibility: Int' is deprecated. Deprecated in Java
w: file:///C:/Users/ivanp/NewCatroid/catroid/src/main/java/org/catrobat/catroid/content/actions/HideStatusBarAction.kt:55:30 'SYSTEM_UI_FLAG_FULLSCREEN: Int' is deprecated. Deprecated in Java
w: file:///C:/Users/ivanp/NewCatroid/catroid/src/main/java/org/catrobat/catroid/content/actions/HideStatusBarAction.kt:56:41 'SYSTEM_UI_FLAG_HIDE_NAVIGATION: Int' is deprecated. Deprecated in Java
w: file:///C:/Users/ivanp/NewCatroid/catroid/src/main/java/org/catrobat/catroid/content/actions/HideStatusBarAction.kt:57:41 'SYSTEM_UI_FLAG_IMMERSIVE_STICKY: Int' is deprecated. Deprecated in Java
w: file:///C:/Users/ivanp/NewCatroid/catroid/src/main/java/org/catrobat/catroid/content/actions/IfOnEdgeBouncePhysicsAction.kt:47:53 'getInstance(): ProjectManager!' is deprecated. Deprecated in Java
w: file:///C:/Users/ivanp/NewCatroid/catroid/src/main/java/org/catrobat/catroid/content/actions/IfOnEdgeBouncePhysicsAction.kt:48:43 'getInstance(): ProjectManager!' is deprecated. Deprecated in Java
w: file:///C:/Users/ivanp/NewCatroid/catroid/src/main/java/org/catrobat/catroid/content/actions/IfOnEdgeBouncePhysicsAction.kt:156:13 'when' is exhaustive so 'else' is redundant here
w: file:///C:/Users/ivanp/NewCatroid/catroid/src/main/java/org/catrobat/catroid/content/actions/LaunchProjectAction.kt:21:45 'getInstance(): ProjectManager!' is deprecated. Deprecated in Java
w: file:///C:/Users/ivanp/NewCatroid/catroid/src/main/java/org/catrobat/catroid/content/actions/LaunchProjectAction.kt:102:26 Type mismatch: inferred type is String? but String was expected
w: file:///C:/Users/ivanp/NewCatroid/catroid/src/main/java/org/catrobat/catroid/content/actions/LoadSceneAction.kt:30:13 Variable 'threeDManager' is never used
w: file:///C:/Users/ivanp/NewCatroid/catroid/src/main/java/org/catrobat/catroid/content/actions/LookFileAction.kt:107:13 Unnecessary safe call on a non-null receiver of type LookData
w: file:///C:/Users/ivanp/NewCatroid/catroid/src/main/java/org/catrobat/catroid/content/actions/LookPostRequestAction.kt:62:39 'create(MediaType?, String): RequestBody' is deprecated. Moved to extension function. Put the 'content' argument first to fix Java
w: file:///C:/Users/ivanp/NewCatroid/catroid/src/main/java/org/catrobat/catroid/content/actions/LookPostRequestAction.kt:90:13 Condition 'response == null' is always 'false'
w: file:///C:/Users/ivanp/NewCatroid/catroid/src/main/java/org/catrobat/catroid/content/actions/LookPostRequestAction.kt:92:52 Type mismatch: inferred type is String? but String was expected
w: file:///C:/Users/ivanp/NewCatroid/catroid/src/main/java/org/catrobat/catroid/content/actions/LookRequestAction.kt:74:52 Type mismatch: inferred type is String? but String was expected
w: file:///C:/Users/ivanp/NewCatroid/catroid/src/main/java/org/catrobat/catroid/content/actions/MoveDownloadsAction.kt:56:17 Variable 'file' is never used
w: file:///C:/Users/ivanp/NewCatroid/catroid/src/main/java/org/catrobat/catroid/content/actions/MultiSpriteEventAction.kt:31:24 'getInstance(): ProjectManager!' is deprecated. Deprecated in Java
w: file:///C:/Users/ivanp/NewCatroid/catroid/src/main/java/org/catrobat/catroid/content/actions/PaintNewLookAction.kt:74:45 'getInstance(): ProjectManager!' is deprecated. Deprecated in Java
w: file:///C:/Users/ivanp/NewCatroid/catroid/src/main/java/org/catrobat/catroid/content/actions/PaintNewLookAction.kt:88:62 'getInstance(): ProjectManager!' is deprecated. Deprecated in Java
w: file:///C:/Users/ivanp/NewCatroid/catroid/src/main/java/org/catrobat/catroid/content/actions/PaintNewLookAction.kt:135:47 'getInstance(): ProjectManager!' is deprecated. Deprecated in Java
w: file:///C:/Users/ivanp/NewCatroid/catroid/src/main/java/org/catrobat/catroid/content/actions/PerformRayCastAction.kt:26:36 'getInstance(): ProjectManager!' is deprecated. Deprecated in Java
w: file:///C:/Users/ivanp/NewCatroid/catroid/src/main/java/org/catrobat/catroid/content/actions/PostWebRequestAction.kt:89:33 'create(MediaType?, String): RequestBody' is deprecated. Moved to extension function. Put the 'content' argument first to fix Java
w: file:///C:/Users/ivanp/NewCatroid/catroid/src/main/java/org/catrobat/catroid/content/actions/ReadVariableFromFileAction.kt:85:13 Variable 'context' is never used
w: file:///C:/Users/ivanp/NewCatroid/catroid/src/main/java/org/catrobat/catroid/content/actions/ReturnToPreviousProjectAction.kt:37:28 'getInstance(): ProjectManager!' is deprecated. Deprecated in Java
w: file:///C:/Users/ivanp/NewCatroid/catroid/src/main/java/org/catrobat/catroid/content/actions/SaveLookAction.kt:65:36 'getInstance(): ProjectManager!' is deprecated. Deprecated in Java
w: file:///C:/Users/ivanp/NewCatroid/catroid/src/main/java/org/catrobat/catroid/content/actions/SaveLookFilesAction.kt:65:36 'getInstance(): ProjectManager!' is deprecated. Deprecated in Java
w: file:///C:/Users/ivanp/NewCatroid/catroid/src/main/java/org/catrobat/catroid/content/actions/SetDampingAction.kt:17:36 'getInstance(): ProjectManager!' is deprecated. Deprecated in Java
w: file:///C:/Users/ivanp/NewCatroid/catroid/src/main/java/org/catrobat/catroid/content/actions/SetGeminiKeyAction.kt:25:23 'api_key: String?' is deprecated. Use getApiKey(context) instead. Direct api_key field kept for backward compatibility.
w: file:///C:/Users/ivanp/NewCatroid/catroid/src/main/java/org/catrobat/catroid/content/actions/SetLookFilesAction.kt:117:13 Unnecessary safe call on a non-null receiver of type LookData
w: file:///C:/Users/ivanp/NewCatroid/catroid/src/main/java/org/catrobat/catroid/content/actions/SetPostProcessingAction.kt:76:41 'newInstance(): T!' is deprecated. Deprecated in Java
w: file:///C:/Users/ivanp/NewCatroid/catroid/src/main/java/org/catrobat/catroid/content/actions/SetPostProcessingNewAction.kt:71:32 'newInstance(): T!' is deprecated. Deprecated in Java
w: file:///C:/Users/ivanp/NewCatroid/catroid/src/main/java/org/catrobat/catroid/content/actions/SetVariableAction.kt:74:24 'getInstance(): ProjectManager!' is deprecated. Deprecated in Java
w: file:///C:/Users/ivanp/NewCatroid/catroid/src/main/java/org/catrobat/catroid/content/actions/ShowTextAction.kt:85:38 Unnecessary safe call on a non-null receiver of type Formula
w: file:///C:/Users/ivanp/NewCatroid/catroid/src/main/java/org/catrobat/catroid/content/actions/ShowTextAction.kt:86:38 Unnecessary safe call on a non-null receiver of type Formula
w: file:///C:/Users/ivanp/NewCatroid/catroid/src/main/java/org/catrobat/catroid/content/actions/SignApkAction.kt:24:13 This is a delicate API and its use requires care. Make sure you fully read and understand documentation of the declaration that is marked as a delicate API.
w: file:///C:/Users/ivanp/NewCatroid/catroid/src/main/java/org/catrobat/catroid/content/actions/StoreCSVIntoUserListAction.kt:94:25 Unsafe use of a nullable receiver of type String?
w: file:///C:/Users/ivanp/NewCatroid/catroid/src/main/java/org/catrobat/catroid/content/actions/TapAtAction.kt:108:18 Unnecessary safe call on a non-null receiver of type Scope
w: file:///C:/Users/ivanp/NewCatroid/catroid/src/main/java/org/catrobat/catroid/content/actions/TestAction.kt:23:43 'setter for systemUiVisibility: Int' is deprecated. Deprecated in Java
w: file:///C:/Users/ivanp/NewCatroid/catroid/src/main/java/org/catrobat/catroid/content/actions/TestAction.kt:23:69 'SYSTEM_UI_FLAG_VISIBLE: Int' is deprecated. Deprecated in Java
w: file:///C:/Users/ivanp/NewCatroid/catroid/src/main/java/org/catrobat/catroid/content/actions/TimerAction.kt:71:38 'getInstance(): ProjectManager!' is deprecated. Deprecated in Java
w: file:///C:/Users/ivanp/NewCatroid/catroid/src/main/java/org/catrobat/catroid/content/actions/UpdateManifestAction.kt:29:13 This is a delicate API and its use requires care. Make sure you fully read and understand documentation of the declaration that is marked as a delicate API.
w: file:///C:/Users/ivanp/NewCatroid/catroid/src/main/java/org/catrobat/catroid/content/actions/WriteVarToFileAction.kt:80:29 Unnecessary safe call on a non-null receiver of type StageActivity?
w: file:///C:/Users/ivanp/NewCatroid/catroid/src/main/java/org/catrobat/catroid/content/actions/WriteVarToFileAction.kt:136:39 Name shadowed: uri
w: file:///C:/Users/ivanp/NewCatroid/catroid/src/main/java/org/catrobat/catroid/content/actions/WriteVariableToFileAction.kt:83:58 Elvis operator (?:) always returns the left operand of non-nullable type String
w: file:///C:/Users/ivanp/NewCatroid/catroid/src/main/java/org/catrobat/catroid/content/actions/WriteVariableToFileAction.kt:91:29 Unsafe use of a nullable receiver of type String?
w: file:///C:/Users/ivanp/NewCatroid/catroid/src/main/java/org/catrobat/catroid/content/bricks/BackgroundRequestBrick.kt:48:32 'getInstance(): ProjectManager!' is deprecated. Deprecated in Java
w: file:///C:/Users/ivanp/NewCatroid/catroid/src/main/java/org/catrobat/catroid/content/bricks/CopyLookBrick.kt:51:28 'getInstance(): ProjectManager!' is deprecated. Deprecated in Java
w: file:///C:/Users/ivanp/NewCatroid/catroid/src/main/java/org/catrobat/catroid/content/bricks/CustomBrick.kt:131:13 Check for instance is always 'true'
w: file:///C:/Users/ivanp/NewCatroid/catroid/src/main/java/org/catrobat/catroid/content/bricks/DeleteLookBrick.kt:44:28 'getInstance(): ProjectManager!' is deprecated. Deprecated in Java
w: file:///C:/Users/ivanp/NewCatroid/catroid/src/main/java/org/catrobat/catroid/content/bricks/EditLookBrick.kt:41:28 'getInstance(): ProjectManager!' is deprecated. Deprecated in Java
w: file:///C:/Users/ivanp/NewCatroid/catroid/src/main/java/org/catrobat/catroid/content/bricks/GhostSuggestionBrick.kt:118:19 Parameter 'context' is never used
w: file:///C:/Users/ivanp/NewCatroid/catroid/src/main/java/org/catrobat/catroid/content/bricks/NextLookBrick.kt:38:28 'getInstance(): ProjectManager!' is deprecated. Deprecated in Java
w: file:///C:/Users/ivanp/NewCatroid/catroid/src/main/java/org/catrobat/catroid/content/bricks/PaintNewLookBrick.kt:51:28 'getInstance(): ProjectManager!' is deprecated. Deprecated in Java
w: file:///C:/Users/ivanp/NewCatroid/catroid/src/main/java/org/catrobat/catroid/content/bricks/ParameterizedBrick.kt:142:26 Unnecessary safe call on a non-null receiver of type ParameterizedData
w: file:///C:/Users/ivanp/NewCatroid/catroid/src/main/java/org/catrobat/catroid/content/bricks/ParameterizedBrick.kt:165:45 'getInstance(): ProjectManager!' is deprecated. Deprecated in Java
w: file:///C:/Users/ivanp/NewCatroid/catroid/src/main/java/org/catrobat/catroid/content/bricks/ParameterizedBrick.kt:186:45 'getInstance(): ProjectManager!' is deprecated. Deprecated in Java
w: file:///C:/Users/ivanp/NewCatroid/catroid/src/main/java/org/catrobat/catroid/content/bricks/PreviousLookBrick.kt:38:28 'getInstance(): ProjectManager!' is deprecated. Deprecated in Java
w: file:///C:/Users/ivanp/NewCatroid/catroid/src/main/java/org/catrobat/catroid/content/bricks/StopSoundBrick.kt:53:37 'getInstance(): ProjectManager!' is deprecated. Deprecated in Java
w: file:///C:/Users/ivanp/NewCatroid/catroid/src/main/java/org/catrobat/catroid/content/bricks/SubCategoryHeaderBrick.kt:37:5 Parameter 'density' is never used
w: file:///C:/Users/ivanp/NewCatroid/catroid/src/main/java/org/catrobat/catroid/content/bricks/SubCategoryHeaderBrick.kt:120:17 Check for instance is always 'true'
w: file:///C:/Users/ivanp/NewCatroid/catroid/src/main/java/org/catrobat/catroid/formulaeditor/GpsStatusHandler.kt:53:25 'registerGnssStatusCallback(GnssStatus.Callback): Boolean' is deprecated. Deprecated in Java
w: file:///C:/Users/ivanp/NewCatroid/catroid/src/main/java/org/catrobat/catroid/ide/ApkBuilder.kt:130:32 'getter for androidManifestBlock: AndroidManifestBlock!' is deprecated. Deprecated in Java
w: file:///C:/Users/ivanp/NewCatroid/catroid/src/main/java/org/catrobat/catroid/ide/ApkBuilder.kt:224:17 Variable 'androidNameId' is never used
w: file:///C:/Users/ivanp/NewCatroid/catroid/src/main/java/org/catrobat/catroid/ide/ApkBuilder.kt:351:27 Unnecessary non-null assertion (!!) on a non-null receiver of type File
w: file:///C:/Users/ivanp/NewCatroid/catroid/src/main/java/org/catrobat/catroid/ide/ApkBuilder.kt:352:27 Unnecessary non-null assertion (!!) on a non-null receiver of type File
w: file:///C:/Users/ivanp/NewCatroid/catroid/src/main/java/org/catrobat/catroid/ide/BuildMonitorService.kt:48:17 'stopForeground(Boolean): Unit' is deprecated. Deprecated in Java
w: file:///C:/Users/ivanp/NewCatroid/catroid/src/main/java/org/catrobat/catroid/ide/BuildMonitorService.kt:76:25 Variable 'createdAt' is never used
w: file:///C:/Users/ivanp/NewCatroid/catroid/src/main/java/org/catrobat/catroid/ide/BuildMonitorService.kt:94:13 'stopForeground(Boolean): Unit' is deprecated. Deprecated in Java
w: file:///C:/Users/ivanp/NewCatroid/catroid/src/main/java/org/catrobat/catroid/ide/BuildMonitorService.kt:108:21 Variable 'progress' is never used
w: file:///C:/Users/ivanp/NewCatroid/catroid/src/main/java/org/catrobat/catroid/ide/BuildMonitorService.kt:122:13 'stopForeground(Boolean): Unit' is deprecated. Deprecated in Java
w: file:///C:/Users/ivanp/NewCatroid/catroid/src/main/java/org/catrobat/catroid/ide/BuildMonitorService.kt:144:13 'stopForeground(Boolean): Unit' is deprecated. Deprecated in Java
w: file:///C:/Users/ivanp/NewCatroid/catroid/src/main/java/org/catrobat/catroid/ide/BuildMonitorService.kt:183:13 'stopForeground(Boolean): Unit' is deprecated. Deprecated in Java
w: file:///C:/Users/ivanp/NewCatroid/catroid/src/main/java/org/catrobat/catroid/ide/DependencyManager.kt:319:14 Unsafe use of a nullable receiver of type File?
w: file:///C:/Users/ivanp/NewCatroid/catroid/src/main/java/org/catrobat/catroid/ide/DependencyManager.kt:319:44 Unsafe use of a nullable receiver of type File?
w: file:///C:/Users/ivanp/NewCatroid/catroid/src/main/java/org/catrobat/catroid/ide/IdeDashboardActivity.kt:152:21 Variable 'branchName' is never used
w: file:///C:/Users/ivanp/NewCatroid/catroid/src/main/java/org/catrobat/catroid/ide/ScriptExecutor.kt:197:46 'newInstance(): T!' is deprecated. Deprecated in Java
w: file:///C:/Users/ivanp/NewCatroid/catroid/src/main/java/org/catrobat/catroid/ide/ScriptExecutor.kt:239:9 Parameter 'packageName' is never used
w: file:///C:/Users/ivanp/NewCatroid/catroid/src/main/java/org/catrobat/catroid/ide/ScriptExecutor.kt:303:25 Variable 'mainClass' is never used
w: file:///C:/Users/ivanp/NewCatroid/catroid/src/main/java/org/catrobat/catroid/io/asynctask/ProjectCopier.kt:67:28 'getInstance(): ProjectManager!' is deprecated. Deprecated in Java
w: file:///C:/Users/ivanp/NewCatroid/catroid/src/main/java/org/catrobat/catroid/io/asynctask/ProjectLoader.kt:72:24 'getInstance(): ProjectManager!' is deprecated. Deprecated in Java
w: file:///C:/Users/ivanp/NewCatroid/catroid/src/main/java/org/catrobat/catroid/io/asynctask/ProjectLoader.kt:72:38 'loadProject(File!, Context!): Unit' is deprecated. Deprecated in Java
w: file:///C:/Users/ivanp/NewCatroid/catroid/src/main/java/org/catrobat/catroid/io/asynctask/ProjectLoader.kt:73:38 'getInstance(): ProjectManager!' is deprecated. Deprecated in Java
w: file:///C:/Users/ivanp/NewCatroid/catroid/src/main/java/org/catrobat/catroid/io/asynctask/ProjectRenamer.kt:77:20 'getInstance(): ProjectManager!' is deprecated. Deprecated in Java
w: file:///C:/Users/ivanp/NewCatroid/catroid/src/main/java/org/catrobat/catroid/koin/CatroidKoinHelper.kt:78:57 No cast needed
w: file:///C:/Users/ivanp/NewCatroid/catroid/src/main/java/org/catrobat/catroid/koin/CatroidKoinHelper.kt:82:60 No cast needed
w: file:///C:/Users/ivanp/NewCatroid/catroid/src/main/java/org/catrobat/catroid/koin/CatroidKoinHelper.kt:96:61 No cast needed
w: file:///C:/Users/ivanp/NewCatroid/catroid/src/main/java/org/catrobat/catroid/koin/CatroidKoinHelper.kt:100:50 No cast needed
w: file:///C:/Users/ivanp/NewCatroid/catroid/src/main/java/org/catrobat/catroid/koin/CatroidKoinHelper.kt:104:51 No cast needed
w: file:///C:/Users/ivanp/NewCatroid/catroid/src/main/java/org/catrobat/catroid/libraries/LibraryManager.kt:146:13 Variable 'currentFormula' is never used
w: file:///C:/Users/ivanp/NewCatroid/catroid/src/main/java/org/catrobat/catroid/libraries/LibraryManager.kt:190:55 Unnecessary non-null assertion (!!) on a non-null receiver of type String
w: file:///C:/Users/ivanp/NewCatroid/catroid/src/main/java/org/catrobat/catroid/libraries/LibraryManager.kt:191:65 Unnecessary non-null assertion (!!) on a non-null receiver of type String
w: file:///C:/Users/ivanp/NewCatroid/catroid/src/main/java/org/catrobat/catroid/libraries/LibraryManager.kt:195:67 Unnecessary non-null assertion (!!) on a non-null receiver of type String
w: file:///C:/Users/ivanp/NewCatroid/catroid/src/main/java/org/catrobat/catroid/libraries/LibraryManager.kt:280:47 Unnecessary non-null assertion (!!) on a non-null receiver of type String
w: file:///C:/Users/ivanp/NewCatroid/catroid/src/main/java/org/catrobat/catroid/libraries/LibraryManager.kt:281:59 Unnecessary non-null assertion (!!) on a non-null receiver of type String
w: file:///C:/Users/ivanp/NewCatroid/catroid/src/main/java/org/catrobat/catroid/libraries/LibraryManager.kt:283:67 Unnecessary non-null assertion (!!) on a non-null receiver of type String
w: file:///C:/Users/ivanp/NewCatroid/catroid/src/main/java/org/catrobat/catroid/libraryeditor/data/LibraryEditorViewModel.kt:62:54 Unnecessary non-null assertion (!!) on a non-null receiver of type LibraryDraft
w: file:///C:/Users/ivanp/NewCatroid/catroid/src/main/java/org/catrobat/catroid/merge/ImportProjectHelper.kt:101:29 No cast needed
w: file:///C:/Users/ivanp/NewCatroid/catroid/src/main/java/org/catrobat/catroid/physics/content/ActionPhysicsFactory.kt:51:32 'getInstance(): ProjectManager!' is deprecated. Deprecated in Java
w: file:///C:/Users/ivanp/NewCatroid/catroid/src/main/java/org/catrobat/catroid/physics/content/ActionPhysicsFactory.kt:66:42 'getInstance(): ProjectManager!' is deprecated. Deprecated in Java
w: file:///C:/Users/ivanp/NewCatroid/catroid/src/main/java/org/catrobat/catroid/physics/content/ActionPhysicsFactory.kt:74:42 'getInstance(): ProjectManager!' is deprecated. Deprecated in Java
w: file:///C:/Users/ivanp/NewCatroid/catroid/src/main/java/org/catrobat/catroid/physics/content/ActionPhysicsFactory.kt:83:42 'getInstance(): ProjectManager!' is deprecated. Deprecated in Java
w: file:///C:/Users/ivanp/NewCatroid/catroid/src/main/java/org/catrobat/catroid/physics/content/ActionPhysicsFactory.kt:92:42 'getInstance(): ProjectManager!' is deprecated. Deprecated in Java
w: file:///C:/Users/ivanp/NewCatroid/catroid/src/main/java/org/catrobat/catroid/physics/content/ActionPhysicsFactory.kt:101:42 'getInstance(): ProjectManager!' is deprecated. Deprecated in Java
w: file:///C:/Users/ivanp/NewCatroid/catroid/src/main/java/org/catrobat/catroid/physics/content/ActionPhysicsFactory.kt:117:42 'getInstance(): ProjectManager!' is deprecated. Deprecated in Java
w: file:///C:/Users/ivanp/NewCatroid/catroid/src/main/java/org/catrobat/catroid/physics/content/ActionPhysicsFactory.kt:126:42 'getInstance(): ProjectManager!' is deprecated. Deprecated in Java
w: file:///C:/Users/ivanp/NewCatroid/catroid/src/main/java/org/catrobat/catroid/physics/content/ActionPhysicsFactory.kt:135:42 'getInstance(): ProjectManager!' is deprecated. Deprecated in Java
w: file:///C:/Users/ivanp/NewCatroid/catroid/src/main/java/org/catrobat/catroid/plot/Plot.kt:106:13 Condition 'camera == null' is always 'false'
w: file:///C:/Users/ivanp/NewCatroid/catroid/src/main/java/org/catrobat/catroid/retrofit/ErrorInterceptor.kt:40:36 'create(MediaType?, String): ResponseBody' is deprecated. Moved to extension function. Put the 'content' argument first to fix Java
w: file:///C:/Users/ivanp/NewCatroid/catroid/src/main/java/org/catrobat/catroid/sensing/ColorAtXYDetection.kt:135:24 'getInstance(): ProjectManager!' is deprecated. Deprecated in Java
w: file:///C:/Users/ivanp/NewCatroid/catroid/src/main/java/org/catrobat/catroid/sensing/ColorAtXYDetection.kt:139:25 'getInstance(): ProjectManager!' is deprecated. Deprecated in Java
w: file:///C:/Users/ivanp/NewCatroid/catroid/src/main/java/org/catrobat/catroid/sensing/ColorAtXYDetection.kt:259:46 'getInstance(): ProjectManager!' is deprecated. Deprecated in Java
w: file:///C:/Users/ivanp/NewCatroid/catroid/src/main/java/org/catrobat/catroid/sensing/ColorDetection.kt:61:50 'getInstance(): ProjectManager!' is deprecated. Deprecated in Java
w: file:///C:/Users/ivanp/NewCatroid/catroid/src/main/java/org/catrobat/catroid/sensing/ColorDetection.kt:63:49 'getInstance(): ProjectManager!' is deprecated. Deprecated in Java
w: file:///C:/Users/ivanp/NewCatroid/catroid/src/main/java/org/catrobat/catroid/sensing/ColorDetection.kt:83:34 'getFrameBufferPixmap(Int, Int, Int, Int): Pixmap!' is deprecated. Deprecated in Java
w: file:///C:/Users/ivanp/NewCatroid/catroid/src/main/java/org/catrobat/catroid/sensing/ColorDetection.kt:113:49 'getInstance(): ProjectManager!' is deprecated. Deprecated in Java
w: file:///C:/Users/ivanp/NewCatroid/catroid/src/main/java/org/catrobat/catroid/sensing/ColorEqualsColor.kt:73:57 No cast needed
w: file:///C:/Users/ivanp/NewCatroid/catroid/src/main/java/org/catrobat/catroid/sensing/ColorEqualsColor.kt:74:59 No cast needed
w: file:///C:/Users/ivanp/NewCatroid/catroid/src/main/java/org/catrobat/catroid/stage/PlotActor.kt:137:37 'getInstance(): ProjectManager!' is deprecated. Deprecated in Java
w: file:///C:/Users/ivanp/NewCatroid/catroid/src/main/java/org/catrobat/catroid/stage/PlotActor.kt:192:37 'getInstance(): ProjectManager!' is deprecated. Deprecated in Java
w: file:///C:/Users/ivanp/NewCatroid/catroid/src/main/java/org/catrobat/catroid/stage/ScreenshotSaver.kt:126:32 'getInstance(): ProjectManager!' is deprecated. Deprecated in Java
w: file:///C:/Users/ivanp/NewCatroid/catroid/src/main/java/org/catrobat/catroid/stage/ScreenshotSaver.kt:127:52 'getInstance(): ProjectManager!' is deprecated. Deprecated in Java
w: file:///C:/Users/ivanp/NewCatroid/catroid/src/main/java/org/catrobat/catroid/stage/SpeechRecognitionHolder.kt:143:9 This is a delicate API and its use requires care. Make sure you fully read and understand documentation of the declaration that is marked as a delicate API.
w: file:///C:/Users/ivanp/NewCatroid/catroid/src/main/java/org/catrobat/catroid/stage/SpeechRecognitionHolder.kt:150:9 This is a delicate API and its use requires care. Make sure you fully read and understand documentation of the declaration that is marked as a delicate API.
w: file:///C:/Users/ivanp/NewCatroid/catroid/src/main/java/org/catrobat/catroid/stage/SpeechRecognitionHolder.kt:165:26 'toUpperCase(Locale): String' is deprecated. Use uppercase() instead.
w: file:///C:/Users/ivanp/NewCatroid/catroid/src/main/java/org/catrobat/catroid/stage/SpeechSynthesizer.kt:79:30 No cast needed
w: file:///C:/Users/ivanp/NewCatroid/catroid/src/main/java/org/catrobat/catroid/stage/SpeechSynthesizer.kt:84:78 No cast needed
w: file:///C:/Users/ivanp/NewCatroid/catroid/src/main/java/org/catrobat/catroid/stage/SpeechSynthesizer.kt:93:26 This declaration overrides deprecated member but not marked as deprecated itself. Please add @Deprecated annotation or suppress. See https://youtrack.jetbrains.com/issue/KT-47902 for details
w: file:///C:/Users/ivanp/NewCatroid/catroid/src/main/java/org/catrobat/catroid/stage/TextToSpeechHolder.kt:75:40 'synthesizeToFile(String!, HashMap<String!, String!>!, String!): Int' is deprecated. Deprecated in Java
w: file:///C:/Users/ivanp/NewCatroid/catroid/src/main/java/org/catrobat/catroid/transfers/project/ProjectDownloadService.kt:26:20 'IntentService' is deprecated. Deprecated in Java
w: file:///C:/Users/ivanp/NewCatroid/catroid/src/main/java/org/catrobat/catroid/transfers/project/ProjectDownloadService.kt:59:32 'constructor IntentService(String!)' is deprecated. Deprecated in Java
w: file:///C:/Users/ivanp/NewCatroid/catroid/src/main/java/org/catrobat/catroid/transfers/project/ProjectDownloadService.kt:59:32 'IntentService' is deprecated. Deprecated in Java
w: file:///C:/Users/ivanp/NewCatroid/catroid/src/main/java/org/catrobat/catroid/transfers/project/ProjectDownloadService.kt:83:45 'getParcelableExtra(String!): T?' is deprecated. Deprecated in Java
w: file:///C:/Users/ivanp/NewCatroid/catroid/src/main/java/org/catrobat/catroid/transfers/project/ProjectDownloadService.kt:95:47 'getSerializableExtra(String!): Serializable?' is deprecated. Deprecated in Java
w: file:///C:/Users/ivanp/NewCatroid/catroid/src/main/java/org/catrobat/catroid/transfers/project/ProjectDownloadService.kt:127:9 'stopForeground(Boolean): Unit' is deprecated. Deprecated in Java
w: file:///C:/Users/ivanp/NewCatroid/catroid/src/main/java/org/catrobat/catroid/transfers/project/ProjectDownloadService.kt:145:28 'getInstance(): ProjectManager!' is deprecated. Deprecated in Java
w: file:///C:/Users/ivanp/NewCatroid/catroid/src/main/java/org/catrobat/catroid/transfers/project/ProjectUpload.kt:121:36 Unsafe use of a nullable receiver of type Array<(out) File!>?
w: file:///C:/Users/ivanp/NewCatroid/catroid/src/main/java/org/catrobat/catroid/transfers/project/ProjectUploadService.kt:26:20 'IntentService' is deprecated. Deprecated in Java
w: file:///C:/Users/ivanp/NewCatroid/catroid/src/main/java/org/catrobat/catroid/transfers/project/ProjectUploadService.kt:35:27 'PreferenceManager' is deprecated. Deprecated in Java
w: file:///C:/Users/ivanp/NewCatroid/catroid/src/main/java/org/catrobat/catroid/transfers/project/ProjectUploadService.kt:71:30 'constructor IntentService(String!)' is deprecated. Deprecated in Java
w: file:///C:/Users/ivanp/NewCatroid/catroid/src/main/java/org/catrobat/catroid/transfers/project/ProjectUploadService.kt:71:30 'IntentService' is deprecated. Deprecated in Java
w: file:///C:/Users/ivanp/NewCatroid/catroid/src/main/java/org/catrobat/catroid/transfers/project/ProjectUploadService.kt:81:13 Unsafe use of a nullable receiver of type Array<(out) File!>?
w: file:///C:/Users/ivanp/NewCatroid/catroid/src/main/java/org/catrobat/catroid/transfers/project/ProjectUploadService.kt:85:37 'getParcelableExtra(String!): T?' is deprecated. Deprecated in Java
w: file:///C:/Users/ivanp/NewCatroid/catroid/src/main/java/org/catrobat/catroid/transfers/project/ProjectUploadService.kt:118:33 'PreferenceManager' is deprecated. Deprecated in Java
w: file:///C:/Users/ivanp/NewCatroid/catroid/src/main/java/org/catrobat/catroid/transfers/project/ProjectUploadService.kt:118:51 'getDefaultSharedPreferences(Context!): SharedPreferences!' is deprecated. Deprecated in Java
w: file:///C:/Users/ivanp/NewCatroid/catroid/src/main/java/org/catrobat/catroid/transfers/project/ProjectUploadService.kt:123:17 'stopForeground(Boolean): Unit' is deprecated. Deprecated in Java
w: file:///C:/Users/ivanp/NewCatroid/catroid/src/main/java/org/catrobat/catroid/transfers/project/ProjectUploadService.kt:133:17 'stopForeground(Boolean): Unit' is deprecated. Deprecated in Java
w: file:///C:/Users/ivanp/NewCatroid/catroid/src/main/java/org/catrobat/catroid/transfers/project/ProjectUploadService.kt:144:15 'onDestroy(): Unit' is deprecated. Deprecated in Java
w: file:///C:/Users/ivanp/NewCatroid/catroid/src/main/java/org/catrobat/catroid/transfers/project/ProjectUploadService.kt:213:33 'PreferenceManager' is deprecated. Deprecated in Java
w: file:///C:/Users/ivanp/NewCatroid/catroid/src/main/java/org/catrobat/catroid/transfers/project/ProjectUploadService.kt:213:51 'getDefaultSharedPreferences(Context!): SharedPreferences!' is deprecated. Deprecated in Java
w: file:///C:/Users/ivanp/NewCatroid/catroid/src/main/java/org/catrobat/catroid/ui/BaseActivity.kt:34:27 'PreferenceManager' is deprecated. Deprecated in Java
w: file:///C:/Users/ivanp/NewCatroid/catroid/src/main/java/org/catrobat/catroid/ui/BaseActivity.kt:80:35 'PreferenceManager' is deprecated. Deprecated in Java
w: file:///C:/Users/ivanp/NewCatroid/catroid/src/main/java/org/catrobat/catroid/ui/BaseActivity.kt:80:53 'getDefaultSharedPreferences(Context!): SharedPreferences!' is deprecated. Deprecated in Java
w: file:///C:/Users/ivanp/NewCatroid/catroid/src/main/java/org/catrobat/catroid/ui/BaseActivity.kt:158:33 'PreferenceManager' is deprecated. Deprecated in Java
w: file:///C:/Users/ivanp/NewCatroid/catroid/src/main/java/org/catrobat/catroid/ui/BaseActivity.kt:158:51 'getDefaultSharedPreferences(Context!): SharedPreferences!' is deprecated. Deprecated in Java
w: file:///C:/Users/ivanp/NewCatroid/catroid/src/main/java/org/catrobat/catroid/ui/BaseActivity.kt:184:34 'onBackPressed(): Unit' is deprecated. Deprecated in Java
w: file:///C:/Users/ivanp/NewCatroid/catroid/src/main/java/org/catrobat/catroid/ui/BaseActivity.kt:193:17 'PreferenceManager' is deprecated. Deprecated in Java
w: file:///C:/Users/ivanp/NewCatroid/catroid/src/main/java/org/catrobat/catroid/ui/BaseActivity.kt:193:35 'getDefaultSharedPreferences(Context!): SharedPreferences!' is deprecated. Deprecated in Java
w: file:///C:/Users/ivanp/NewCatroid/catroid/src/main/java/org/catrobat/catroid/ui/BaseActivity.kt:203:17 'PreferenceManager' is deprecated. Deprecated in Java
w: file:///C:/Users/ivanp/NewCatroid/catroid/src/main/java/org/catrobat/catroid/ui/BaseActivity.kt:203:35 'getDefaultSharedPreferences(Context!): SharedPreferences!' is deprecated. Deprecated in Java
w: file:///C:/Users/ivanp/NewCatroid/catroid/src/main/java/org/catrobat/catroid/ui/BaseActivity.kt:245:41 'getRunningTasks(Int): (Mutable)List<ActivityManager.RunningTaskInfo!>!' is deprecated. Deprecated in Java
w: file:///C:/Users/ivanp/NewCatroid/catroid/src/main/java/org/catrobat/catroid/ui/BaseExceptionHandler.kt:28:27 'PreferenceManager' is deprecated. Deprecated in Java
w: file:///C:/Users/ivanp/NewCatroid/catroid/src/main/java/org/catrobat/catroid/ui/BaseExceptionHandler.kt:36:50 'PreferenceManager' is deprecated. Deprecated in Java
w: file:///C:/Users/ivanp/NewCatroid/catroid/src/main/java/org/catrobat/catroid/ui/BaseExceptionHandler.kt:36:68 'getDefaultSharedPreferences(Context!): SharedPreferences!' is deprecated. Deprecated in Java
w: file:///C:/Users/ivanp/NewCatroid/catroid/src/main/java/org/catrobat/catroid/ui/ImportLaunchers.kt:81:45 'getInstance(): ProjectManager!' is deprecated. Deprecated in Java
w: file:///C:/Users/ivanp/NewCatroid/catroid/src/main/java/org/catrobat/catroid/ui/ImportLaunchers.kt:111:18 'startActivityForResult(Intent, Int): Unit' is deprecated. Deprecated in Java
w: file:///C:/Users/ivanp/NewCatroid/catroid/src/main/java/org/catrobat/catroid/ui/ImportLaunchers.kt:123:18 'startActivityForResult(Intent, Int): Unit' is deprecated. Deprecated in Java
w: file:///C:/Users/ivanp/NewCatroid/catroid/src/main/java/org/catrobat/catroid/ui/ImportLaunchers.kt:162:30 'startActivityForResult(Intent, Int): Unit' is deprecated. Deprecated in Java
w: file:///C:/Users/ivanp/NewCatroid/catroid/src/main/java/org/catrobat/catroid/ui/ImportLaunchers.kt:184:18 'startActivityForResult(Intent, Int): Unit' is deprecated. Deprecated in Java
w: file:///C:/Users/ivanp/NewCatroid/catroid/src/main/java/org/catrobat/catroid/ui/MainMenuActivity.kt:32:27 'PreferenceManager' is deprecated. Deprecated in Java
w: file:///C:/Users/ivanp/NewCatroid/catroid/src/main/java/org/catrobat/catroid/ui/MainMenuActivity.kt:181:33 'PreferenceManager' is deprecated. Deprecated in Java
w: file:///C:/Users/ivanp/NewCatroid/catroid/src/main/java/org/catrobat/catroid/ui/MainMenuActivity.kt:181:51 'getDefaultSharedPreferences(Context!): SharedPreferences!' is deprecated. Deprecated in Java
w: file:///C:/Users/ivanp/NewCatroid/catroid/src/main/java/org/catrobat/catroid/ui/MainMenuActivity.kt:189:21 Variable 'initFailed' is assigned but never accessed
w: file:///C:/Users/ivanp/NewCatroid/catroid/src/main/java/org/catrobat/catroid/ui/MainMenuActivity.kt:198:21 The value 'true' assigned to 'var initFailed: Boolean defined in org.catrobat.catroid.ui.MainMenuActivity.onCreate.`<anonymous>`' is never used
w: file:///C:/Users/ivanp/NewCatroid/catroid/src/main/java/org/catrobat/catroid/ui/MainMenuActivity.kt:262:9 'PreferenceManager' is deprecated. Deprecated in Java
w: file:///C:/Users/ivanp/NewCatroid/catroid/src/main/java/org/catrobat/catroid/ui/MainMenuActivity.kt:262:27 'setDefaultValues(Context!, Int, Boolean): Unit' is deprecated. Deprecated in Java
w: file:///C:/Users/ivanp/NewCatroid/catroid/src/main/java/org/catrobat/catroid/ui/MainMenuActivity.kt:263:9 'PreferenceManager' is deprecated. Deprecated in Java
w: file:///C:/Users/ivanp/NewCatroid/catroid/src/main/java/org/catrobat/catroid/ui/MainMenuActivity.kt:263:27 'setDefaultValues(Context!, Int, Boolean): Unit' is deprecated. Deprecated in Java
w: file:///C:/Users/ivanp/NewCatroid/catroid/src/main/java/org/catrobat/catroid/ui/MainMenuActivity.kt:264:9 'PreferenceManager' is deprecated. Deprecated in Java
w: file:///C:/Users/ivanp/NewCatroid/catroid/src/main/java/org/catrobat/catroid/ui/MainMenuActivity.kt:264:27 'setDefaultValues(Context!, Int, Boolean): Unit' is deprecated. Deprecated in Java
w: file:///C:/Users/ivanp/NewCatroid/catroid/src/main/java/org/catrobat/catroid/ui/MainMenuActivity.kt:281:28 Unnecessary safe call on a non-null receiver of type ActivityMainMenuBinding
w: file:///C:/Users/ivanp/NewCatroid/catroid/src/main/java/org/catrobat/catroid/ui/MainMenuActivity.kt:295:28 'PreferenceManager' is deprecated. Deprecated in Java
w: file:///C:/Users/ivanp/NewCatroid/catroid/src/main/java/org/catrobat/catroid/ui/MainMenuActivity.kt:295:46 'getDefaultSharedPreferences(Context!): SharedPreferences!' is deprecated. Deprecated in Java
w: file:///C:/Users/ivanp/NewCatroid/catroid/src/main/java/org/catrobat/catroid/ui/MainMenuActivity.kt:312:9 'PreferenceManager' is deprecated. Deprecated in Java
w: file:///C:/Users/ivanp/NewCatroid/catroid/src/main/java/org/catrobat/catroid/ui/MainMenuActivity.kt:312:27 'getDefaultSharedPreferences(Context!): SharedPreferences!' is deprecated. Deprecated in Java
w: file:///C:/Users/ivanp/NewCatroid/catroid/src/main/java/org/catrobat/catroid/ui/MainMenuActivity.kt:340:18 'fromHtml(String!): Spanned!' is deprecated. Deprecated in Java
w: file:///C:/Users/ivanp/NewCatroid/catroid/src/main/java/org/catrobat/catroid/ui/MainMenuActivity.kt:420:21 'PreferenceManager' is deprecated. Deprecated in Java
w: file:///C:/Users/ivanp/NewCatroid/catroid/src/main/java/org/catrobat/catroid/ui/MainMenuActivity.kt:420:39 'getDefaultSharedPreferences(Context!): SharedPreferences!' is deprecated. Deprecated in Java
w: file:///C:/Users/ivanp/NewCatroid/catroid/src/main/java/org/catrobat/catroid/ui/MainMenuActivity.kt:462:17 'startActivityForResult(Intent, Int): Unit' is deprecated. Deprecated in Java
w: file:///C:/Users/ivanp/NewCatroid/catroid/src/main/java/org/catrobat/catroid/ui/MainMenuActivity.kt:632:21 'PreferenceManager' is deprecated. Deprecated in Java
w: file:///C:/Users/ivanp/NewCatroid/catroid/src/main/java/org/catrobat/catroid/ui/MainMenuActivity.kt:632:39 'getDefaultSharedPreferences(Context!): SharedPreferences!' is deprecated. Deprecated in Java
w: file:///C:/Users/ivanp/NewCatroid/catroid/src/main/java/org/catrobat/catroid/ui/MainMenuActivity.kt:694:13 'startActivityForResult(Intent, Int): Unit' is deprecated. Deprecated in Java
w: file:///C:/Users/ivanp/NewCatroid/catroid/src/main/java/org/catrobat/catroid/ui/MainMenuActivity.kt:773:13 'startActivityForResult(Intent, Int): Unit' is deprecated. Deprecated in Java
w: file:///C:/Users/ivanp/NewCatroid/catroid/src/main/java/org/catrobat/catroid/ui/ProjectActivity.kt:32:27 'PreferenceManager' is deprecated. Deprecated in Java
w: file:///C:/Users/ivanp/NewCatroid/catroid/src/main/java/org/catrobat/catroid/ui/ProjectActivity.kt:139:34 'PreferenceManager' is deprecated. Deprecated in Java
w: file:///C:/Users/ivanp/NewCatroid/catroid/src/main/java/org/catrobat/catroid/ui/ProjectActivity.kt:139:52 'getDefaultSharedPreferences(Context!): SharedPreferences!' is deprecated. Deprecated in Java
w: file:///C:/Users/ivanp/NewCatroid/catroid/src/main/java/org/catrobat/catroid/ui/ProjectActivity.kt:343:19 'onBackPressed(): Unit' is deprecated. Deprecated in Java
w: file:///C:/Users/ivanp/NewCatroid/catroid/src/main/java/org/catrobat/catroid/ui/ProjectActivity.kt:384:41 Type mismatch: inferred type is String? but String was expected
w: file:///C:/Users/ivanp/NewCatroid/catroid/src/main/java/org/catrobat/catroid/ui/ProjectActivity.kt:388:41 Type mismatch: inferred type is String? but String was expected
w: file:///C:/Users/ivanp/NewCatroid/catroid/src/main/java/org/catrobat/catroid/ui/ProjectActivity.kt:414:30 Type mismatch: inferred type is String? but String was expected
w: file:///C:/Users/ivanp/NewCatroid/catroid/src/main/java/org/catrobat/catroid/ui/ProjectActivity.kt:551:13 'startActivityForResult(Intent, Int): Unit' is deprecated. Deprecated in Java
w: file:///C:/Users/ivanp/NewCatroid/catroid/src/main/java/org/catrobat/catroid/ui/ProjectActivity.kt:612:17 'PreferenceManager' is deprecated. Deprecated in Java
w: file:///C:/Users/ivanp/NewCatroid/catroid/src/main/java/org/catrobat/catroid/ui/ProjectActivity.kt:612:35 'getDefaultSharedPreferences(Context!): SharedPreferences!' is deprecated. Deprecated in Java
w: file:///C:/Users/ivanp/NewCatroid/catroid/src/main/java/org/catrobat/catroid/ui/ProjectActivity.kt:787:27 'PreferenceManager' is deprecated. Deprecated in Java
w: file:///C:/Users/ivanp/NewCatroid/catroid/src/main/java/org/catrobat/catroid/ui/ProjectActivity.kt:787:45 'getDefaultSharedPreferences(Context!): SharedPreferences!' is deprecated. Deprecated in Java
w: file:///C:/Users/ivanp/NewCatroid/catroid/src/main/java/org/catrobat/catroid/ui/ProjectActivity.kt:820:42 'constructor ProgressDialog(Context!)' is deprecated. Deprecated in Java
w: file:///C:/Users/ivanp/NewCatroid/catroid/src/main/java/org/catrobat/catroid/ui/ProjectActivity.kt:820:42 'ProgressDialog' is deprecated. Deprecated in Java
w: file:///C:/Users/ivanp/NewCatroid/catroid/src/main/java/org/catrobat/catroid/ui/ProjectActivity.kt:821:13 'setMessage(CharSequence!): Unit' is deprecated. Deprecated in Java
w: file:///C:/Users/ivanp/NewCatroid/catroid/src/main/java/org/catrobat/catroid/ui/ProjectListActivity.kt:81:19 'onBackPressed(): Unit' is deprecated. Deprecated in Java
w: file:///C:/Users/ivanp/NewCatroid/catroid/src/main/java/org/catrobat/catroid/ui/ProjectUploadActivity.kt:31:27 'PreferenceManager' is deprecated. Deprecated in Java
w: file:///C:/Users/ivanp/NewCatroid/catroid/src/main/java/org/catrobat/catroid/ui/ProjectUploadActivity.kt:111:68 'constructor Handler()' is deprecated. Deprecated in Java
w: file:///C:/Users/ivanp/NewCatroid/catroid/src/main/java/org/catrobat/catroid/ui/ProjectUploadActivity.kt:205:76 'fromHtml(String!): Spanned!' is deprecated. Deprecated in Java
w: file:///C:/Users/ivanp/NewCatroid/catroid/src/main/java/org/catrobat/catroid/ui/ProjectUploadActivity.kt:240:19 'onBackPressed(): Unit' is deprecated. Deprecated in Java
w: file:///C:/Users/ivanp/NewCatroid/catroid/src/main/java/org/catrobat/catroid/ui/ProjectUploadActivity.kt:374:69 'fromHtml(String!): Spanned!' is deprecated. Deprecated in Java
w: file:///C:/Users/ivanp/NewCatroid/catroid/src/main/java/org/catrobat/catroid/ui/ProjectUploadActivity.kt:424:60 Parameter 'dialog' is never used, could be renamed to _
w: file:///C:/Users/ivanp/NewCatroid/catroid/src/main/java/org/catrobat/catroid/ui/ProjectUploadActivity.kt:424:68 Parameter 'which' is never used, could be renamed to _
w: file:///C:/Users/ivanp/NewCatroid/catroid/src/main/java/org/catrobat/catroid/ui/ProjectUploadActivity.kt:538:33 'PreferenceManager' is deprecated. Deprecated in Java
w: file:///C:/Users/ivanp/NewCatroid/catroid/src/main/java/org/catrobat/catroid/ui/ProjectUploadActivity.kt:538:51 'getDefaultSharedPreferences(Context!): SharedPreferences!' is deprecated. Deprecated in Java
w: file:///C:/Users/ivanp/NewCatroid/catroid/src/main/java/org/catrobat/catroid/ui/ProjectUploadActivity.kt:581:33 'PreferenceManager' is deprecated. Deprecated in Java
w: file:///C:/Users/ivanp/NewCatroid/catroid/src/main/java/org/catrobat/catroid/ui/ProjectUploadActivity.kt:581:51 'getDefaultSharedPreferences(Context!): SharedPreferences!' is deprecated. Deprecated in Java
w: file:///C:/Users/ivanp/NewCatroid/catroid/src/main/java/org/catrobat/catroid/ui/ProjectUploadActivity.kt:588:18 'execute(vararg String!): AsyncTask<String!, Void!, Array<(out) Boolean!>!>!' is deprecated. Deprecated in Java
w: file:///C:/Users/ivanp/NewCatroid/catroid/src/main/java/org/catrobat/catroid/ui/ProjectUploadActivity.kt:612:9 'startActivityForResult(Intent, Int): Unit' is deprecated. Deprecated in Java
w: file:///C:/Users/ivanp/NewCatroid/catroid/src/main/java/org/catrobat/catroid/ui/ProjectUploadActivity.kt:630:21 'execute(vararg String!): AsyncTask<String!, Void!, String!>!' is deprecated. Deprecated in Java
w: file:///C:/Users/ivanp/NewCatroid/catroid/src/main/java/org/catrobat/catroid/ui/ProjectUploadActivity.kt:639:17 Name shadowed: name
w: file:///C:/Users/ivanp/NewCatroid/catroid/src/main/java/org/catrobat/catroid/ui/ProjectUtils.kt:147:41 'getInstance(): ProjectManager!' is deprecated. Deprecated in Java
w: file:///C:/Users/ivanp/NewCatroid/catroid/src/main/java/org/catrobat/catroid/ui/SansMinigameManager.kt:205:17 Name shadowed: it
w: file:///C:/Users/ivanp/NewCatroid/catroid/src/main/java/org/catrobat/catroid/ui/ScriptFinder.kt:80:10 'toLowerCase(Locale): String' is deprecated. Use lowercase() instead.
w: file:///C:/Users/ivanp/NewCatroid/catroid/src/main/java/org/catrobat/catroid/ui/ScriptFinder.kt:124:71 'toLowerCase(Locale): String' is deprecated. Use lowercase() instead.
w: file:///C:/Users/ivanp/NewCatroid/catroid/src/main/java/org/catrobat/catroid/ui/ScriptFinder.kt:137:63 'toLowerCase(Locale): String' is deprecated. Use lowercase() instead.
w: file:///C:/Users/ivanp/NewCatroid/catroid/src/main/java/org/catrobat/catroid/ui/ScriptFinder.kt:282:28 'toggleSoftInputFromWindow(IBinder!, Int, Int): Unit' is deprecated. Deprecated in Java
w: file:///C:/Users/ivanp/NewCatroid/catroid/src/main/java/org/catrobat/catroid/ui/ScriptFinder.kt:284:32 'SHOW_FORCED: Int' is deprecated. Deprecated in Java
w: file:///C:/Users/ivanp/NewCatroid/catroid/src/main/java/org/catrobat/catroid/ui/adapter/PrototypeBrickAdapter.kt:65:40 'PreferenceManager' is deprecated. Deprecated in Java
w: file:///C:/Users/ivanp/NewCatroid/catroid/src/main/java/org/catrobat/catroid/ui/adapter/PrototypeBrickAdapter.kt:65:58 'getDefaultSharedPreferences(Context!): SharedPreferences!' is deprecated. Deprecated in Java
w: file:///C:/Users/ivanp/NewCatroid/catroid/src/main/java/org/catrobat/catroid/ui/dialogs/NewProjectDialogFragment.kt:5:27 'PreferenceManager' is deprecated. Deprecated in Java
w: file:///C:/Users/ivanp/NewCatroid/catroid/src/main/java/org/catrobat/catroid/ui/dialogs/NewProjectDialogFragment.kt:55:20 'PreferenceManager' is deprecated. Deprecated in Java
w: file:///C:/Users/ivanp/NewCatroid/catroid/src/main/java/org/catrobat/catroid/ui/dialogs/NewProjectDialogFragment.kt:55:38 'getDefaultSharedPreferences(Context!): SharedPreferences!' is deprecated. Deprecated in Java
w: file:///C:/Users/ivanp/NewCatroid/catroid/src/main/java/org/catrobat/catroid/ui/dialogs/NewProjectDialogFragment.kt:120:13 'setHasOptionsMenu(Boolean): Unit' is deprecated. Deprecated in Java
w: file:///C:/Users/ivanp/NewCatroid/catroid/src/main/java/org/catrobat/catroid/ui/dialogs/NewProjectDialogFragment.kt:236:15 'onCreateOptionsMenu(Menu, MenuInflater): Unit' is deprecated. Deprecated in Java
w: file:///C:/Users/ivanp/NewCatroid/catroid/src/main/java/org/catrobat/catroid/ui/dialogs/NewProjectDialogFragment.kt:245:15 'onPrepareOptionsMenu(Menu): Unit' is deprecated. Deprecated in Java
w: file:///C:/Users/ivanp/NewCatroid/catroid/src/main/java/org/catrobat/catroid/ui/dialogs/NewProjectDialogFragment.kt:254:19 'onOptionsItemSelected(MenuItem): Boolean' is deprecated. Deprecated in Java
w: file:///C:/Users/ivanp/NewCatroid/catroid/src/main/java/org/catrobat/catroid/ui/dialogs/TermsOfUseDialogFragment.kt:69:18 'fromHtml(String!): Spanned!' is deprecated. Deprecated in Java
w: file:///C:/Users/ivanp/NewCatroid/catroid/src/main/java/org/catrobat/catroid/ui/filepicker/FilePickerActivity.kt:82:67 'execute(vararg File?): AsyncTask<File?, Void?, List<File>!>!' is deprecated. Deprecated in Java
w: file:///C:/Users/ivanp/NewCatroid/catroid/src/main/java/org/catrobat/catroid/ui/filepicker/FilePickerActivity.kt:125:51 Parameter 'selectedItemCount' is never used, could be renamed to _
w: file:///C:/Users/ivanp/NewCatroid/catroid/src/main/java/org/catrobat/catroid/ui/filepicker/FilePickerActivity.kt:190:19 'onBackPressed(): Unit' is deprecated. Deprecated in Java
w: file:///C:/Users/ivanp/NewCatroid/catroid/src/main/java/org/catrobat/catroid/ui/filepicker/ListProjectFilesTask.kt:25:19 'AsyncTask<Params : Any!, Progress : Any!, Result : Any!>' is deprecated. Deprecated in Java
w: file:///C:/Users/ivanp/NewCatroid/catroid/src/main/java/org/catrobat/catroid/ui/filepicker/ListProjectFilesTask.kt:34:5 'AsyncTask<Params : Any!, Progress : Any!, Result : Any!>' is deprecated. Deprecated in Java
w: file:///C:/Users/ivanp/NewCatroid/catroid/src/main/java/org/catrobat/catroid/ui/filepicker/ListProjectFilesTask.kt:34:5 'constructor AsyncTask<Params : Any!, Progress : Any!, Result : Any!>()' is deprecated. Deprecated in Java
w: file:///C:/Users/ivanp/NewCatroid/catroid/src/main/java/org/catrobat/catroid/ui/filepicker/ListProjectFilesTask.kt:37:82 Unchecked cast: Array<out File?> to Array<out File>
w: file:///C:/Users/ivanp/NewCatroid/catroid/src/main/java/org/catrobat/catroid/ui/fragment/AddBrickFragment.kt:28:27 'PreferenceManager' is deprecated. Deprecated in Java
w: file:///C:/Users/ivanp/NewCatroid/catroid/src/main/java/org/catrobat/catroid/ui/fragment/AddBrickFragment.kt:63:49 'PreferenceManager' is deprecated. Deprecated in Java
w: file:///C:/Users/ivanp/NewCatroid/catroid/src/main/java/org/catrobat/catroid/ui/fragment/AddBrickFragment.kt:63:67 'getDefaultSharedPreferences(Context!): SharedPreferences!' is deprecated. Deprecated in Java
w: file:///C:/Users/ivanp/NewCatroid/catroid/src/main/java/org/catrobat/catroid/ui/fragment/AddBrickFragment.kt:110:74 Parameter 'parent' is never used, could be renamed to _
w: file:///C:/Users/ivanp/NewCatroid/catroid/src/main/java/org/catrobat/catroid/ui/fragment/AddBrickFragment.kt:110:127 Parameter 'id' is never used, could be renamed to _
w: file:///C:/Users/ivanp/NewCatroid/catroid/src/main/java/org/catrobat/catroid/ui/fragment/AddBrickFragment.kt:213:9 'setHasOptionsMenu(Boolean): Unit' is deprecated. Deprecated in Java
w: file:///C:/Users/ivanp/NewCatroid/catroid/src/main/java/org/catrobat/catroid/ui/fragment/AddBrickFragment.kt:217:15 'onCreateOptionsMenu(Menu, MenuInflater): Unit' is deprecated. Deprecated in Java
w: file:///C:/Users/ivanp/NewCatroid/catroid/src/main/java/org/catrobat/catroid/ui/fragment/AddBrickFragment.kt:261:22 'onOptionsItemSelected(MenuItem): Boolean' is deprecated. Deprecated in Java
w: file:///C:/Users/ivanp/NewCatroid/catroid/src/main/java/org/catrobat/catroid/ui/fragment/AddBrickFragment.kt:297:48 'getColor(Int): Int' is deprecated. Deprecated in Java
w: file:///C:/Users/ivanp/NewCatroid/catroid/src/main/java/org/catrobat/catroid/ui/fragment/AddBrickFragment.kt:359:44 'getColor(Int): Int' is deprecated. Deprecated in Java
w: file:///C:/Users/ivanp/NewCatroid/catroid/src/main/java/org/catrobat/catroid/ui/fragment/AddBrickFragment.kt:428:24 'getInstance(): ProjectManager!' is deprecated. Deprecated in Java
w: file:///C:/Users/ivanp/NewCatroid/catroid/src/main/java/org/catrobat/catroid/ui/fragment/AddBrickFragment.kt:462:20 Type mismatch: inferred type is String? but String was expected
w: file:///C:/Users/ivanp/NewCatroid/catroid/src/main/java/org/catrobat/catroid/ui/fragment/AddUserDataToUserDefinedBrickFragment.kt:81:27 'getSerializable(String?): Serializable?' is deprecated. Deprecated in Java
w: file:///C:/Users/ivanp/NewCatroid/catroid/src/main/java/org/catrobat/catroid/ui/fragment/AddUserDataToUserDefinedBrickFragment.kt:84:27 'getSerializable(String?): Serializable?' is deprecated. Deprecated in Java
w: file:///C:/Users/ivanp/NewCatroid/catroid/src/main/java/org/catrobat/catroid/ui/fragment/AddUserDataToUserDefinedBrickFragment.kt:143:9 'setHasOptionsMenu(Boolean): Unit' is deprecated. Deprecated in Java
w: file:///C:/Users/ivanp/NewCatroid/catroid/src/main/java/org/catrobat/catroid/ui/fragment/AddUserDataToUserDefinedBrickFragment.kt:160:15 'onCreateOptionsMenu(Menu, MenuInflater): Unit' is deprecated. Deprecated in Java
w: file:///C:/Users/ivanp/NewCatroid/catroid/src/main/java/org/catrobat/catroid/ui/fragment/AddUserDataToUserDefinedBrickFragment.kt:170:15 'onPrepareOptionsMenu(Menu): Unit' is deprecated. Deprecated in Java
w: file:///C:/Users/ivanp/NewCatroid/catroid/src/main/java/org/catrobat/catroid/ui/fragment/AddUserDataToUserDefinedBrickFragment.kt:190:22 'onOptionsItemSelected(MenuItem): Boolean' is deprecated. Deprecated in Java
w: file:///C:/Users/ivanp/NewCatroid/catroid/src/main/java/org/catrobat/catroid/ui/fragment/AddUserDefinedBrickFragment.kt:91:27 'getSerializable(String?): Serializable?' is deprecated. Deprecated in Java
w: file:///C:/Users/ivanp/NewCatroid/catroid/src/main/java/org/catrobat/catroid/ui/fragment/AddUserDefinedBrickFragment.kt:102:9 'setHasOptionsMenu(Boolean): Unit' is deprecated. Deprecated in Java
w: file:///C:/Users/ivanp/NewCatroid/catroid/src/main/java/org/catrobat/catroid/ui/fragment/AddUserDefinedBrickFragment.kt:116:15 'onCreateOptionsMenu(Menu, MenuInflater): Unit' is deprecated. Deprecated in Java
w: file:///C:/Users/ivanp/NewCatroid/catroid/src/main/java/org/catrobat/catroid/ui/fragment/AddUserDefinedBrickFragment.kt:126:15 'onPrepareOptionsMenu(Menu): Unit' is deprecated. Deprecated in Java
w: file:///C:/Users/ivanp/NewCatroid/catroid/src/main/java/org/catrobat/catroid/ui/fragment/AddUserDefinedBrickFragment.kt:152:22 'onOptionsItemSelected(MenuItem): Boolean' is deprecated. Deprecated in Java
w: file:///C:/Users/ivanp/NewCatroid/catroid/src/main/java/org/catrobat/catroid/ui/fragment/BrickCategoryFragment.kt:71:9 'setHasOptionsMenu(Boolean): Unit' is deprecated. Deprecated in Java
w: file:///C:/Users/ivanp/NewCatroid/catroid/src/main/java/org/catrobat/catroid/ui/fragment/BrickCategoryFragment.kt:85:70 Parameter 'parent' is never used, could be renamed to _
w: file:///C:/Users/ivanp/NewCatroid/catroid/src/main/java/org/catrobat/catroid/ui/fragment/BrickCategoryFragment.kt:85:94 Parameter 'view' is never used, could be renamed to _
w: file:///C:/Users/ivanp/NewCatroid/catroid/src/main/java/org/catrobat/catroid/ui/fragment/BrickCategoryFragment.kt:85:121 Parameter 'id' is never used, could be renamed to _
w: file:///C:/Users/ivanp/NewCatroid/catroid/src/main/java/org/catrobat/catroid/ui/fragment/BrickCategoryFragment.kt:119:15 'onPrepareOptionsMenu(Menu): Unit' is deprecated. Deprecated in Java
w: file:///C:/Users/ivanp/NewCatroid/catroid/src/main/java/org/catrobat/catroid/ui/fragment/BrickCategoryFragment.kt:164:22 'onOptionsItemSelected(MenuItem): Boolean' is deprecated. Deprecated in Java
w: file:///C:/Users/ivanp/NewCatroid/catroid/src/main/java/org/catrobat/catroid/ui/fragment/BrickCategoryListBuilder.kt:26:27 'PreferenceManager' is deprecated. Deprecated in Java
w: file:///C:/Users/ivanp/NewCatroid/catroid/src/main/java/org/catrobat/catroid/ui/fragment/BrickCategoryListBuilder.kt:40:49 'PreferenceManager' is deprecated. Deprecated in Java
w: file:///C:/Users/ivanp/NewCatroid/catroid/src/main/java/org/catrobat/catroid/ui/fragment/BrickCategoryListBuilder.kt:40:67 'getDefaultSharedPreferences(Context!): SharedPreferences!' is deprecated. Deprecated in Java
w: file:///C:/Users/ivanp/NewCatroid/catroid/src/main/java/org/catrobat/catroid/ui/fragment/BrickCategoryListBuilder.kt:97:28 'getInstance(): ProjectManager!' is deprecated. Deprecated in Java
w: file:///C:/Users/ivanp/NewCatroid/catroid/src/main/java/org/catrobat/catroid/ui/fragment/BrickSearchFragment.kt:29:27 'PreferenceManager' is deprecated. Deprecated in Java
w: file:///C:/Users/ivanp/NewCatroid/catroid/src/main/java/org/catrobat/catroid/ui/fragment/BrickSearchFragment.kt:82:9 'setHasOptionsMenu(Boolean): Unit' is deprecated. Deprecated in Java
w: file:///C:/Users/ivanp/NewCatroid/catroid/src/main/java/org/catrobat/catroid/ui/fragment/BrickSearchFragment.kt:94:74 Parameter 'parent' is never used, could be renamed to _
w: file:///C:/Users/ivanp/NewCatroid/catroid/src/main/java/org/catrobat/catroid/ui/fragment/BrickSearchFragment.kt:94:99 Parameter 'view' is never used, could be renamed to _
w: file:///C:/Users/ivanp/NewCatroid/catroid/src/main/java/org/catrobat/catroid/ui/fragment/BrickSearchFragment.kt:94:127 Parameter 'id' is never used, could be renamed to _
w: file:///C:/Users/ivanp/NewCatroid/catroid/src/main/java/org/catrobat/catroid/ui/fragment/BrickSearchFragment.kt:207:15 'onCreateOptionsMenu(Menu, MenuInflater): Unit' is deprecated. Deprecated in Java
w: file:///C:/Users/ivanp/NewCatroid/catroid/src/main/java/org/catrobat/catroid/ui/fragment/BrickSearchFragment.kt:219:15 'onPrepareOptionsMenu(Menu): Unit' is deprecated. Deprecated in Java
w: file:///C:/Users/ivanp/NewCatroid/catroid/src/main/java/org/catrobat/catroid/ui/fragment/BrickSearchFragment.kt:226:49 'PreferenceManager' is deprecated. Deprecated in Java
w: file:///C:/Users/ivanp/NewCatroid/catroid/src/main/java/org/catrobat/catroid/ui/fragment/BrickSearchFragment.kt:226:67 'getDefaultSharedPreferences(Context!): SharedPreferences!' is deprecated. Deprecated in Java
w: file:///C:/Users/ivanp/NewCatroid/catroid/src/main/java/org/catrobat/catroid/ui/fragment/BrickSearchFragment.kt:250:44 'toLowerCase(Locale): String' is deprecated. Use lowercase() instead.
w: file:///C:/Users/ivanp/NewCatroid/catroid/src/main/java/org/catrobat/catroid/ui/fragment/BrickSearchFragment.kt:274:66 'toLowerCase(Locale): String' is deprecated. Use lowercase() instead.
w: file:///C:/Users/ivanp/NewCatroid/catroid/src/main/java/org/catrobat/catroid/ui/fragment/BrickSearchFragment.kt:283:47 'getInstance(): ProjectManager!' is deprecated. Deprecated in Java
w: file:///C:/Users/ivanp/NewCatroid/catroid/src/main/java/org/catrobat/catroid/ui/fragment/BrickSearchFragment.kt:284:37 'getInstance(): ProjectManager!' is deprecated. Deprecated in Java
w: file:///C:/Users/ivanp/NewCatroid/catroid/src/main/java/org/catrobat/catroid/ui/fragment/BrickSearchFragment.kt:294:47 'getInstance(): ProjectManager!' is deprecated. Deprecated in Java
w: file:///C:/Users/ivanp/NewCatroid/catroid/src/main/java/org/catrobat/catroid/ui/fragment/BrickSearchFragment.kt:295:37 'getInstance(): ProjectManager!' is deprecated. Deprecated in Java
w: file:///C:/Users/ivanp/NewCatroid/catroid/src/main/java/org/catrobat/catroid/ui/fragment/CategoryBricksFactory.kt:629:56 'PreferenceManager' is deprecated. Deprecated in Java
w: file:///C:/Users/ivanp/NewCatroid/catroid/src/main/java/org/catrobat/catroid/ui/fragment/CategoryBricksFactory.kt:629:74 'getDefaultSharedPreferences(Context!): SharedPreferences!' is deprecated. Deprecated in Java
w: file:///C:/Users/ivanp/NewCatroid/catroid/src/main/java/org/catrobat/catroid/ui/fragment/CategoryBricksFactory.kt:677:56 'PreferenceManager' is deprecated. Deprecated in Java
w: file:///C:/Users/ivanp/NewCatroid/catroid/src/main/java/org/catrobat/catroid/ui/fragment/CategoryBricksFactory.kt:677:74 'getDefaultSharedPreferences(Context!): SharedPreferences!' is deprecated. Deprecated in Java
w: file:///C:/Users/ivanp/NewCatroid/catroid/src/main/java/org/catrobat/catroid/ui/fragment/CategoryBricksFactory.kt:693:36 'getInstance(): ProjectManager!' is deprecated. Deprecated in Java
w: file:///C:/Users/ivanp/NewCatroid/catroid/src/main/java/org/catrobat/catroid/ui/fragment/CategoryBricksFactory.kt:741:28 'getInstance(): ProjectManager!' is deprecated. Deprecated in Java
w: file:///C:/Users/ivanp/NewCatroid/catroid/src/main/java/org/catrobat/catroid/ui/fragment/CategoryBricksFactory.kt:777:56 'PreferenceManager' is deprecated. Deprecated in Java
w: file:///C:/Users/ivanp/NewCatroid/catroid/src/main/java/org/catrobat/catroid/ui/fragment/CategoryBricksFactory.kt:777:74 'getDefaultSharedPreferences(Context!): SharedPreferences!' is deprecated. Deprecated in Java
w: file:///C:/Users/ivanp/NewCatroid/catroid/src/main/java/org/catrobat/catroid/ui/fragment/CategoryBricksFactory.kt:824:36 'getInstance(): ProjectManager!' is deprecated. Deprecated in Java
w: file:///C:/Users/ivanp/NewCatroid/catroid/src/main/java/org/catrobat/catroid/ui/fragment/CategoryBricksFactory.kt:894:28 'getInstance(): ProjectManager!' is deprecated. Deprecated in Java
w: file:///C:/Users/ivanp/NewCatroid/catroid/src/main/java/org/catrobat/catroid/ui/fragment/CategoryBricksFactory.kt:916:44 'getInstance(): ProjectManager!' is deprecated. Deprecated in Java
w: file:///C:/Users/ivanp/NewCatroid/catroid/src/main/java/org/catrobat/catroid/ui/fragment/CategoryBricksFactory.kt:938:56 'PreferenceManager' is deprecated. Deprecated in Java
w: file:///C:/Users/ivanp/NewCatroid/catroid/src/main/java/org/catrobat/catroid/ui/fragment/CategoryBricksFactory.kt:938:74 'getDefaultSharedPreferences(Context!): SharedPreferences!' is deprecated. Deprecated in Java
w: file:///C:/Users/ivanp/NewCatroid/catroid/src/main/java/org/catrobat/catroid/ui/fragment/CategoryBricksFactory.kt:999:59 Unnecessary safe call on a non-null receiver of type Context
w: file:///C:/Users/ivanp/NewCatroid/catroid/src/main/java/org/catrobat/catroid/ui/fragment/CategoryBricksFactory.kt:999:112 Elvis operator (?:) always returns the left operand of non-nullable type String
w: file:///C:/Users/ivanp/NewCatroid/catroid/src/main/java/org/catrobat/catroid/ui/fragment/CategoryBricksFactory.kt:1008:59 Unnecessary safe call on a non-null receiver of type Context
w: file:///C:/Users/ivanp/NewCatroid/catroid/src/main/java/org/catrobat/catroid/ui/fragment/CategoryBricksFactory.kt:1008:109 Elvis operator (?:) always returns the left operand of non-nullable type String
w: file:///C:/Users/ivanp/NewCatroid/catroid/src/main/java/org/catrobat/catroid/ui/fragment/CategoryBricksFactory.kt:1016:59 Unnecessary safe call on a non-null receiver of type Context
w: file:///C:/Users/ivanp/NewCatroid/catroid/src/main/java/org/catrobat/catroid/ui/fragment/CategoryBricksFactory.kt:1016:107 Elvis operator (?:) always returns the left operand of non-nullable type String
w: file:///C:/Users/ivanp/NewCatroid/catroid/src/main/java/org/catrobat/catroid/ui/fragment/CategoryBricksFactory.kt:1023:59 Unnecessary safe call on a non-null receiver of type Context
w: file:///C:/Users/ivanp/NewCatroid/catroid/src/main/java/org/catrobat/catroid/ui/fragment/CategoryBricksFactory.kt:1023:113 Elvis operator (?:) always returns the left operand of non-nullable type String
w: file:///C:/Users/ivanp/NewCatroid/catroid/src/main/java/org/catrobat/catroid/ui/fragment/CategoryBricksFactory.kt:1032:59 Unnecessary safe call on a non-null receiver of type Context
w: file:///C:/Users/ivanp/NewCatroid/catroid/src/main/java/org/catrobat/catroid/ui/fragment/CategoryBricksFactory.kt:1032:115 Elvis operator (?:) always returns the left operand of non-nullable type String
w: file:///C:/Users/ivanp/NewCatroid/catroid/src/main/java/org/catrobat/catroid/ui/fragment/CategoryBricksFactory.kt:1047:59 Unnecessary safe call on a non-null receiver of type Context
w: file:///C:/Users/ivanp/NewCatroid/catroid/src/main/java/org/catrobat/catroid/ui/fragment/CategoryBricksFactory.kt:1047:115 Elvis operator (?:) always returns the left operand of non-nullable type String
w: file:///C:/Users/ivanp/NewCatroid/catroid/src/main/java/org/catrobat/catroid/ui/fragment/CategoryBricksFactory.kt:1056:59 Unnecessary safe call on a non-null receiver of type Context
w: file:///C:/Users/ivanp/NewCatroid/catroid/src/main/java/org/catrobat/catroid/ui/fragment/CategoryBricksFactory.kt:1056:107 Elvis operator (?:) always returns the left operand of non-nullable type String
w: file:///C:/Users/ivanp/NewCatroid/catroid/src/main/java/org/catrobat/catroid/ui/fragment/CategoryBricksFactory.kt:1058:13 Condition 'context != null' is always 'true'
w: file:///C:/Users/ivanp/NewCatroid/catroid/src/main/java/org/catrobat/catroid/ui/fragment/CategoryBricksFactory.kt:1072:56 'PreferenceManager' is deprecated. Deprecated in Java
w: file:///C:/Users/ivanp/NewCatroid/catroid/src/main/java/org/catrobat/catroid/ui/fragment/CategoryBricksFactory.kt:1072:74 'getDefaultSharedPreferences(Context!): SharedPreferences!' is deprecated. Deprecated in Java
w: file:///C:/Users/ivanp/NewCatroid/catroid/src/main/java/org/catrobat/catroid/ui/fragment/CategoryBricksFactory.kt:1169:56 'PreferenceManager' is deprecated. Deprecated in Java
w: file:///C:/Users/ivanp/NewCatroid/catroid/src/main/java/org/catrobat/catroid/ui/fragment/CategoryBricksFactory.kt:1169:74 'getDefaultSharedPreferences(Context!): SharedPreferences!' is deprecated. Deprecated in Java
w: file:///C:/Users/ivanp/NewCatroid/catroid/src/main/java/org/catrobat/catroid/ui/fragment/CategoryBricksFactory.kt:1219:37 'getInstance(): ProjectManager!' is deprecated. Deprecated in Java
w: file:///C:/Users/ivanp/NewCatroid/catroid/src/main/java/org/catrobat/catroid/ui/fragment/CategoryBricksFactory.kt:1226:36 'getInstance(): ProjectManager!' is deprecated. Deprecated in Java
w: file:///C:/Users/ivanp/NewCatroid/catroid/src/main/java/org/catrobat/catroid/ui/fragment/CategoryBricksFactory.kt:1343:29 'getInstance(): ProjectManager!' is deprecated. Deprecated in Java
w: file:///C:/Users/ivanp/NewCatroid/catroid/src/main/java/org/catrobat/catroid/ui/fragment/CategoryBricksFactory.kt:1350:28 'getInstance(): ProjectManager!' is deprecated. Deprecated in Java
w: file:///C:/Users/ivanp/NewCatroid/catroid/src/main/java/org/catrobat/catroid/ui/fragment/CategoryBricksFactory.kt:1407:56 'PreferenceManager' is deprecated. Deprecated in Java
w: file:///C:/Users/ivanp/NewCatroid/catroid/src/main/java/org/catrobat/catroid/ui/fragment/CategoryBricksFactory.kt:1407:74 'getDefaultSharedPreferences(Context!): SharedPreferences!' is deprecated. Deprecated in Java
w: file:///C:/Users/ivanp/NewCatroid/catroid/src/main/java/org/catrobat/catroid/ui/fragment/CategoryBricksFactory.kt:1465:36 'getInstance(): ProjectManager!' is deprecated. Deprecated in Java
w: file:///C:/Users/ivanp/NewCatroid/catroid/src/main/java/org/catrobat/catroid/ui/fragment/CategoryBricksFactory.kt:1549:28 'getInstance(): ProjectManager!' is deprecated. Deprecated in Java
w: file:///C:/Users/ivanp/NewCatroid/catroid/src/main/java/org/catrobat/catroid/ui/fragment/CategoryBricksFactory.kt:1574:56 'PreferenceManager' is deprecated. Deprecated in Java
w: file:///C:/Users/ivanp/NewCatroid/catroid/src/main/java/org/catrobat/catroid/ui/fragment/CategoryBricksFactory.kt:1574:74 'getDefaultSharedPreferences(Context!): SharedPreferences!' is deprecated. Deprecated in Java
w: file:///C:/Users/ivanp/NewCatroid/catroid/src/main/java/org/catrobat/catroid/ui/fragment/CategoryBricksFactory.kt:1683:36 'getInstance(): ProjectManager!' is deprecated. Deprecated in Java
w: file:///C:/Users/ivanp/NewCatroid/catroid/src/main/java/org/catrobat/catroid/ui/fragment/CategoryBricksFactory.kt:1698:36 'getInstance(): ProjectManager!' is deprecated. Deprecated in Java
w: file:///C:/Users/ivanp/NewCatroid/catroid/src/main/java/org/catrobat/catroid/ui/fragment/CategoryBricksFactory.kt:1698:92 'getInstance(): ProjectManager!' is deprecated. Deprecated in Java
w: file:///C:/Users/ivanp/NewCatroid/catroid/src/main/java/org/catrobat/catroid/ui/fragment/CategoryBricksFactory.kt:1795:28 'getInstance(): ProjectManager!' is deprecated. Deprecated in Java
w: file:///C:/Users/ivanp/NewCatroid/catroid/src/main/java/org/catrobat/catroid/ui/fragment/CategoryBricksFactory.kt:1795:84 'getInstance(): ProjectManager!' is deprecated. Deprecated in Java
w: file:///C:/Users/ivanp/NewCatroid/catroid/src/main/java/org/catrobat/catroid/ui/fragment/CategoryBricksFactory.kt:1823:28 'getInstance(): ProjectManager!' is deprecated. Deprecated in Java
w: file:///C:/Users/ivanp/NewCatroid/catroid/src/main/java/org/catrobat/catroid/ui/fragment/CategoryBricksFactory.kt:1987:56 'PreferenceManager' is deprecated. Deprecated in Java
w: file:///C:/Users/ivanp/NewCatroid/catroid/src/main/java/org/catrobat/catroid/ui/fragment/CategoryBricksFactory.kt:1987:74 'getDefaultSharedPreferences(Context!): SharedPreferences!' is deprecated. Deprecated in Java
w: file:///C:/Users/ivanp/NewCatroid/catroid/src/main/java/org/catrobat/catroid/ui/fragment/CategoryBricksFactory.kt:2089:46 Parameter 'context' is never used
w: file:///C:/Users/ivanp/NewCatroid/catroid/src/main/java/org/catrobat/catroid/ui/fragment/CategoryBricksFactory.kt:2107:41 Parameter 'context' is never used
w: file:///C:/Users/ivanp/NewCatroid/catroid/src/main/java/org/catrobat/catroid/ui/fragment/CategoryBricksFactory.kt:2130:45 Parameter 'context' is never used
w: file:///C:/Users/ivanp/NewCatroid/catroid/src/main/java/org/catrobat/catroid/ui/fragment/CategoryBricksFactory.kt:2554:34 'locale: Locale!' is deprecated. Deprecated in Java
w: file:///C:/Users/ivanp/NewCatroid/catroid/src/main/java/org/catrobat/catroid/ui/fragment/CategoryBricksFactory.kt:2555:16 'locale: Locale!' is deprecated. Deprecated in Java
w: file:///C:/Users/ivanp/NewCatroid/catroid/src/main/java/org/catrobat/catroid/ui/fragment/CategoryBricksFactory.kt:2556:13 'updateConfiguration(Configuration!, DisplayMetrics!): Unit' is deprecated. Deprecated in Java
w: file:///C:/Users/ivanp/NewCatroid/catroid/src/main/java/org/catrobat/catroid/ui/fragment/CategoryBricksFactory.kt:2595:16 'locale: Locale!' is deprecated. Deprecated in Java
w: file:///C:/Users/ivanp/NewCatroid/catroid/src/main/java/org/catrobat/catroid/ui/fragment/CategoryBricksFactory.kt:2596:13 'updateConfiguration(Configuration!, DisplayMetrics!): Unit' is deprecated. Deprecated in Java
w: file:///C:/Users/ivanp/NewCatroid/catroid/src/main/java/org/catrobat/catroid/ui/fragment/CommandPromptDialogFragment.kt:83:38 'getInstance(): ProjectManager!' is deprecated. Deprecated in Java
w: file:///C:/Users/ivanp/NewCatroid/catroid/src/main/java/org/catrobat/catroid/ui/fragment/ProjectDetailsFragment.kt:87:9 'setHasOptionsMenu(Boolean): Unit' is deprecated. Deprecated in Java
w: file:///C:/Users/ivanp/NewCatroid/catroid/src/main/java/org/catrobat/catroid/ui/fragment/ProjectDetailsFragment.kt:89:57 'getSerializable(String?): Serializable?' is deprecated. Deprecated in Java
w: file:///C:/Users/ivanp/NewCatroid/catroid/src/main/java/org/catrobat/catroid/ui/fragment/ProjectDetailsFragment.kt:183:27 'onBackPressed(): Unit' is deprecated. Deprecated in Java
w: file:///C:/Users/ivanp/NewCatroid/catroid/src/main/java/org/catrobat/catroid/ui/fragment/ProjectDetailsFragment.kt:215:15 'onPrepareOptionsMenu(Menu): Unit' is deprecated. Deprecated in Java
w: file:///C:/Users/ivanp/NewCatroid/catroid/src/main/java/org/catrobat/catroid/ui/fragment/ProjectFilesFragment.kt:89:9 'setHasOptionsMenu(Boolean): Unit' is deprecated. Deprecated in Java
w: file:///C:/Users/ivanp/NewCatroid/catroid/src/main/java/org/catrobat/catroid/ui/fragment/ProjectFilesFragment.kt:237:15 'onActivityResult(Int, Int, Intent?): Unit' is deprecated. Deprecated in Java
w: file:///C:/Users/ivanp/NewCatroid/catroid/src/main/java/org/catrobat/catroid/ui/fragment/ProjectFilesFragment.kt:292:9 'startActivityForResult(Intent, Int): Unit' is deprecated. Deprecated in Java
w: file:///C:/Users/ivanp/NewCatroid/catroid/src/main/java/org/catrobat/catroid/ui/fragment/ProjectFilesFragment.kt:413:29 Type mismatch: inferred type is String? but String was expected
w: file:///C:/Users/ivanp/NewCatroid/catroid/src/main/java/org/catrobat/catroid/ui/fragment/ProjectLibsFragment.kt:93:9 'setHasOptionsMenu(Boolean): Unit' is deprecated. Deprecated in Java
w: file:///C:/Users/ivanp/NewCatroid/catroid/src/main/java/org/catrobat/catroid/ui/fragment/ProjectLibsFragment.kt:232:9 'startActivityForResult(Intent, Int): Unit' is deprecated. Deprecated in Java
w: file:///C:/Users/ivanp/NewCatroid/catroid/src/main/java/org/catrobat/catroid/ui/fragment/ProjectLibsFragment.kt:345:15 'onActivityResult(Int, Int, Intent?): Unit' is deprecated. Deprecated in Java
w: file:///C:/Users/ivanp/NewCatroid/catroid/src/main/java/org/catrobat/catroid/ui/fragment/ProjectLibsFragment.kt:352:17 Unnecessary safe call on a non-null receiver of type Intent?
w: file:///C:/Users/ivanp/NewCatroid/catroid/src/main/java/org/catrobat/catroid/ui/fragment/ProjectLibsFragment.kt:396:29 Type mismatch: inferred type is String? but String was expected
w: file:///C:/Users/ivanp/NewCatroid/catroid/src/main/java/org/catrobat/catroid/ui/fragment/ProjectOptionsFragment.kt:27:20 'ProgressDialog' is deprecated. Deprecated in Java
w: file:///C:/Users/ivanp/NewCatroid/catroid/src/main/java/org/catrobat/catroid/ui/fragment/ProjectOptionsFragment.kt:144:9 'setHasOptionsMenu(Boolean): Unit' is deprecated. Deprecated in Java
w: file:///C:/Users/ivanp/NewCatroid/catroid/src/main/java/org/catrobat/catroid/ui/fragment/ProjectOptionsFragment.kt:310:30 'constructor ProgressDialog(Context!)' is deprecated. Deprecated in Java
w: file:///C:/Users/ivanp/NewCatroid/catroid/src/main/java/org/catrobat/catroid/ui/fragment/ProjectOptionsFragment.kt:310:30 'ProgressDialog' is deprecated. Deprecated in Java
w: file:///C:/Users/ivanp/NewCatroid/catroid/src/main/java/org/catrobat/catroid/ui/fragment/ProjectOptionsFragment.kt:312:13 'setMessage(CharSequence!): Unit' is deprecated. Deprecated in Java
w: file:///C:/Users/ivanp/NewCatroid/catroid/src/main/java/org/catrobat/catroid/ui/fragment/ProjectOptionsFragment.kt:313:13 'setProgressStyle(Int): Unit' is deprecated. Deprecated in Java
w: file:///C:/Users/ivanp/NewCatroid/catroid/src/main/java/org/catrobat/catroid/ui/fragment/ProjectOptionsFragment.kt:313:30 'ProgressDialog' is deprecated. Deprecated in Java
w: file:///C:/Users/ivanp/NewCatroid/catroid/src/main/java/org/catrobat/catroid/ui/fragment/ProjectOptionsFragment.kt:313:45 'STYLE_HORIZONTAL: Int' is deprecated. Deprecated in Java
w: file:///C:/Users/ivanp/NewCatroid/catroid/src/main/java/org/catrobat/catroid/ui/fragment/ProjectOptionsFragment.kt:314:13 'setter for max: Int' is deprecated. Deprecated in Java
w: file:///C:/Users/ivanp/NewCatroid/catroid/src/main/java/org/catrobat/catroid/ui/fragment/ProjectOptionsFragment.kt:315:13 'setter for progress: Int' is deprecated. Deprecated in Java
w: file:///C:/Users/ivanp/NewCatroid/catroid/src/main/java/org/catrobat/catroid/ui/fragment/ProjectOptionsFragment.kt:324:36 'setMessage(CharSequence!): Unit' is deprecated. Deprecated in Java
w: file:///C:/Users/ivanp/NewCatroid/catroid/src/main/java/org/catrobat/catroid/ui/fragment/ProjectOptionsFragment.kt:333:36 'setter for progress: Int' is deprecated. Deprecated in Java
w: file:///C:/Users/ivanp/NewCatroid/catroid/src/main/java/org/catrobat/catroid/ui/fragment/ProjectOptionsFragment.kt:456:56 Variable 'finalResult' initializer is redundant
w: file:///C:/Users/ivanp/NewCatroid/catroid/src/main/java/org/catrobat/catroid/ui/fragment/ProjectOptionsFragment.kt:849:31 'onBackPressed(): Unit' is deprecated. Deprecated in Java
w: file:///C:/Users/ivanp/NewCatroid/catroid/src/main/java/org/catrobat/catroid/ui/fragment/ProjectOptionsFragment.kt:857:15 'onPrepareOptionsMenu(Menu): Unit' is deprecated. Deprecated in Java
w: file:///C:/Users/ivanp/NewCatroid/catroid/src/main/java/org/catrobat/catroid/ui/fragment/ProjectOptionsFragment.kt:959:31 Parameter 'context' is never used
w: file:///C:/Users/ivanp/NewCatroid/catroid/src/main/java/org/catrobat/catroid/ui/fragment/ProjectOptionsFragment.kt:1073:21 Unsafe use of a nullable receiver of type File?
w: file:///C:/Users/ivanp/NewCatroid/catroid/src/main/java/org/catrobat/catroid/ui/fragment/ProjectOptionsFragment.kt:1214:17 Variable 'newIconFile' is never used
w: file:///C:/Users/ivanp/NewCatroid/catroid/src/main/java/org/catrobat/catroid/ui/fragment/ProjectOptionsFragment.kt:1224:13 'startActivityForResult(Intent, Int): Unit' is deprecated. Deprecated in Java
w: file:///C:/Users/ivanp/NewCatroid/catroid/src/main/java/org/catrobat/catroid/ui/fragment/ProjectOptionsFragment.kt:1281:32 Variable 'selectedTemplate' initializer is redundant
w: file:///C:/Users/ivanp/NewCatroid/catroid/src/main/java/org/catrobat/catroid/ui/fragment/ProjectOptionsFragment.kt:1418:9 'startActivityForResult(Intent, Int): Unit' is deprecated. Deprecated in Java
w: file:///C:/Users/ivanp/NewCatroid/catroid/src/main/java/org/catrobat/catroid/ui/fragment/ProjectOptionsFragment.kt:1494:42 Parameter 'encFile' is never used
w: file:///C:/Users/ivanp/NewCatroid/catroid/src/main/java/org/catrobat/catroid/ui/fragment/ProjectOptionsFragment.kt:1500:9 'startActivityForResult(Intent, Int): Unit' is deprecated. Deprecated in Java
w: file:///C:/Users/ivanp/NewCatroid/catroid/src/main/java/org/catrobat/catroid/ui/fragment/ProjectOptionsFragment.kt:1560:15 'onActivityResult(Int, Int, Intent?): Unit' is deprecated. Deprecated in Java
w: file:///C:/Users/ivanp/NewCatroid/catroid/src/main/java/org/catrobat/catroid/ui/fragment/ProjectOptionsFragment.kt:1576:17 Unnecessary safe call on a non-null receiver of type Intent?
w: file:///C:/Users/ivanp/NewCatroid/catroid/src/main/java/org/catrobat/catroid/ui/fragment/ProjectOptionsFragment.kt:1617:89 Parameter 'fileName' is never used
w: file:///C:/Users/ivanp/NewCatroid/catroid/src/main/java/org/catrobat/catroid/ui/fragment/ProjectOptionsFragment.kt:1700:27 'onBackPressed(): Unit' is deprecated. Deprecated in Java
w: file:///C:/Users/ivanp/NewCatroid/catroid/src/main/java/org/catrobat/catroid/ui/fragment/UserDefinedBrickListFragment.kt:80:15 'onPrepareOptionsMenu(Menu): Unit' is deprecated. Deprecated in Java
w: file:///C:/Users/ivanp/NewCatroid/catroid/src/main/java/org/catrobat/catroid/ui/recyclerview/AutoScrollableRecyclerView.kt:113:9 'constructor Handler()' is deprecated. Deprecated in Java
w: file:///C:/Users/ivanp/NewCatroid/catroid/src/main/java/org/catrobat/catroid/ui/recyclerview/adapter/BrickAdapter.kt:219:17 Variable 'colorFormula' is never used
w: file:///C:/Users/ivanp/NewCatroid/catroid/src/main/java/org/catrobat/catroid/ui/recyclerview/adapter/BrickAdapter.kt:254:17 Condition 'itemViewViewGroup != null' is always 'true'
w: file:///C:/Users/ivanp/NewCatroid/catroid/src/main/java/org/catrobat/catroid/ui/recyclerview/adapter/BrickAdapter.kt:416:35 Parameter 'className' is never used
w: file:///C:/Users/ivanp/NewCatroid/catroid/src/main/java/org/catrobat/catroid/ui/recyclerview/adapter/BrickAdapter.kt:648:44 'PreferenceManager' is deprecated. Deprecated in Java
w: file:///C:/Users/ivanp/NewCatroid/catroid/src/main/java/org/catrobat/catroid/ui/recyclerview/adapter/BrickAdapter.kt:648:62 'getDefaultSharedPreferences(Context!): SharedPreferences!' is deprecated. Deprecated in Java
w: file:///C:/Users/ivanp/NewCatroid/catroid/src/main/java/org/catrobat/catroid/ui/recyclerview/adapter/BrickAdapter.kt:661:29 The corresponding parameter in the supertype 'BrickAdapterInterface' is named 'fromPosition'. This may cause problems when calling this function with named arguments.
w: file:///C:/Users/ivanp/NewCatroid/catroid/src/main/java/org/catrobat/catroid/ui/recyclerview/adapter/BrickAdapter.kt:661:50 The corresponding parameter in the supertype 'BrickAdapterInterface' is named 'toPosition'. This may cause problems when calling this function with named arguments.
w: file:///C:/Users/ivanp/NewCatroid/catroid/src/main/java/org/catrobat/catroid/ui/recyclerview/adapter/BrickAdapter.kt:778:44 The corresponding parameter in the supertype 'BrickAdapterInterface' is named 'brickToMove'. This may cause problems when calling this function with named arguments.
w: file:///C:/Users/ivanp/NewCatroid/catroid/src/main/java/org/catrobat/catroid/ui/recyclerview/dialog/AboutDialogFragment.kt:58:18 'fromHtml(String!): Spanned!' is deprecated. Deprecated in Java
w: file:///C:/Users/ivanp/NewCatroid/catroid/src/main/java/org/catrobat/catroid/ui/recyclerview/dialog/AboutDialogFragment.kt:70:18 'fromHtml(String!): Spanned!' is deprecated. Deprecated in Java
w: file:///C:/Users/ivanp/NewCatroid/catroid/src/main/java/org/catrobat/catroid/ui/recyclerview/dialog/NewSpriteDialogFragment.kt:32:27 'PreferenceManager' is deprecated. Deprecated in Java
w: file:///C:/Users/ivanp/NewCatroid/catroid/src/main/java/org/catrobat/catroid/ui/recyclerview/dialog/NewSpriteDialogFragment.kt:91:43 'getInstance(): ProjectManager!' is deprecated. Deprecated in Java
w: file:///C:/Users/ivanp/NewCatroid/catroid/src/main/java/org/catrobat/catroid/ui/recyclerview/dialog/NewSpriteDialogFragment.kt:160:24 'getInstance(): ProjectManager!' is deprecated. Deprecated in Java
w: file:///C:/Users/ivanp/NewCatroid/catroid/src/main/java/org/catrobat/catroid/ui/recyclerview/dialog/NewSpriteDialogFragment.kt:189:9 'PreferenceManager' is deprecated. Deprecated in Java
w: file:///C:/Users/ivanp/NewCatroid/catroid/src/main/java/org/catrobat/catroid/ui/recyclerview/dialog/NewSpriteDialogFragment.kt:189:27 'getDefaultSharedPreferences(Context!): SharedPreferences!' is deprecated. Deprecated in Java
w: file:///C:/Users/ivanp/NewCatroid/catroid/src/main/java/org/catrobat/catroid/ui/recyclerview/dialog/NewSpriteDialogFragment.kt:197:13 'PreferenceManager' is deprecated. Deprecated in Java
w: file:///C:/Users/ivanp/NewCatroid/catroid/src/main/java/org/catrobat/catroid/ui/recyclerview/dialog/NewSpriteDialogFragment.kt:197:31 'getDefaultSharedPreferences(Context!): SharedPreferences!' is deprecated. Deprecated in Java
w: file:///C:/Users/ivanp/NewCatroid/catroid/src/main/java/org/catrobat/catroid/ui/recyclerview/dialog/NewSpriteDialogFragment.kt:214:24 'getInstance(): ProjectManager!' is deprecated. Deprecated in Java
w: file:///C:/Users/ivanp/NewCatroid/catroid/src/main/java/org/catrobat/catroid/ui/recyclerview/dialog/NewSpriteDialogFragment.kt:219:19 'startActivityForResult(Intent, Int): Unit' is deprecated. Deprecated in Java
w: file:///C:/Users/ivanp/NewCatroid/catroid/src/main/java/org/catrobat/catroid/ui/recyclerview/dialog/NewSpriteDialogFragment.kt:226:87 Parameter 'which' is never used, could be renamed to _
w: file:///C:/Users/ivanp/NewCatroid/catroid/src/main/java/org/catrobat/catroid/ui/recyclerview/fragment/CatblocksScriptFragment.kt:78:15 'onPrepareOptionsMenu(Menu): Unit' is deprecated. Deprecated in Java
w: file:///C:/Users/ivanp/NewCatroid/catroid/src/main/java/org/catrobat/catroid/ui/recyclerview/fragment/CatblocksScriptFragment.kt:94:22 'onOptionsItemSelected(MenuItem): Boolean' is deprecated. Deprecated in Java
w: file:///C:/Users/ivanp/NewCatroid/catroid/src/main/java/org/catrobat/catroid/ui/recyclerview/fragment/CatblocksScriptFragment.kt:108:9 'setHasOptionsMenu(Boolean): Unit' is deprecated. Deprecated in Java
w: file:///C:/Users/ivanp/NewCatroid/catroid/src/main/java/org/catrobat/catroid/ui/recyclerview/fragment/DataListFragment.kt:30:27 'PreferenceManager' is deprecated. Deprecated in Java
w: file:///C:/Users/ivanp/NewCatroid/catroid/src/main/java/org/catrobat/catroid/ui/recyclerview/fragment/DataListFragment.kt:171:9 'setHasOptionsMenu(Boolean): Unit' is deprecated. Deprecated in Java
w: file:///C:/Users/ivanp/NewCatroid/catroid/src/main/java/org/catrobat/catroid/ui/recyclerview/fragment/DataListFragment.kt:271:15 'onActivityCreated(Bundle?): Unit' is deprecated. Deprecated in Java
w: file:///C:/Users/ivanp/NewCatroid/catroid/src/main/java/org/catrobat/catroid/ui/recyclerview/fragment/DataListFragment.kt:305:20 'getSerializable(String?): Serializable?' is deprecated. Deprecated in Java
w: file:///C:/Users/ivanp/NewCatroid/catroid/src/main/java/org/catrobat/catroid/ui/recyclerview/fragment/DataListFragment.kt:308:45 'getInstance(): ProjectManager!' is deprecated. Deprecated in Java
w: file:///C:/Users/ivanp/NewCatroid/catroid/src/main/java/org/catrobat/catroid/ui/recyclerview/fragment/DataListFragment.kt:309:44 'getInstance(): ProjectManager!' is deprecated. Deprecated in Java
w: file:///C:/Users/ivanp/NewCatroid/catroid/src/main/java/org/catrobat/catroid/ui/recyclerview/fragment/DataListFragment.kt:393:45 'getInstance(): ProjectManager!' is deprecated. Deprecated in Java
w: file:///C:/Users/ivanp/NewCatroid/catroid/src/main/java/org/catrobat/catroid/ui/recyclerview/fragment/DataListFragment.kt:394:44 'getInstance(): ProjectManager!' is deprecated. Deprecated in Java
w: file:///C:/Users/ivanp/NewCatroid/catroid/src/main/java/org/catrobat/catroid/ui/recyclerview/fragment/DataListFragment.kt:408:25 'PreferenceManager' is deprecated. Deprecated in Java
w: file:///C:/Users/ivanp/NewCatroid/catroid/src/main/java/org/catrobat/catroid/ui/recyclerview/fragment/DataListFragment.kt:408:43 'getDefaultSharedPreferences(Context!): SharedPreferences!' is deprecated. Deprecated in Java
w: file:///C:/Users/ivanp/NewCatroid/catroid/src/main/java/org/catrobat/catroid/ui/recyclerview/fragment/DataListFragment.kt:415:13 'PreferenceManager' is deprecated. Deprecated in Java
w: file:///C:/Users/ivanp/NewCatroid/catroid/src/main/java/org/catrobat/catroid/ui/recyclerview/fragment/DataListFragment.kt:415:31 'getDefaultSharedPreferences(Context!): SharedPreferences!' is deprecated. Deprecated in Java
w: file:///C:/Users/ivanp/NewCatroid/catroid/src/main/java/org/catrobat/catroid/ui/recyclerview/fragment/DataListFragment.kt:435:20 'PreferenceManager' is deprecated. Deprecated in Java
w: file:///C:/Users/ivanp/NewCatroid/catroid/src/main/java/org/catrobat/catroid/ui/recyclerview/fragment/DataListFragment.kt:435:38 'getDefaultSharedPreferences(Context!): SharedPreferences!' is deprecated. Deprecated in Java
w: file:///C:/Users/ivanp/NewCatroid/catroid/src/main/java/org/catrobat/catroid/ui/recyclerview/fragment/DataListFragment.kt:531:15 'onCreateOptionsMenu(Menu, MenuInflater): Unit' is deprecated. Deprecated in Java
w: file:///C:/Users/ivanp/NewCatroid/catroid/src/main/java/org/catrobat/catroid/ui/recyclerview/fragment/DataListFragment.kt:540:15 'onPrepareOptionsMenu(Menu): Unit' is deprecated. Deprecated in Java
w: file:///C:/Users/ivanp/NewCatroid/catroid/src/main/java/org/catrobat/catroid/ui/recyclerview/fragment/DataListFragment.kt:546:24 'PreferenceManager' is deprecated. Deprecated in Java
w: file:///C:/Users/ivanp/NewCatroid/catroid/src/main/java/org/catrobat/catroid/ui/recyclerview/fragment/DataListFragment.kt:546:42 'getDefaultSharedPreferences(Context!): SharedPreferences!' is deprecated. Deprecated in Java
w: file:///C:/Users/ivanp/NewCatroid/catroid/src/main/java/org/catrobat/catroid/ui/recyclerview/fragment/DataListFragment.kt:559:17 'PreferenceManager' is deprecated. Deprecated in Java
w: file:///C:/Users/ivanp/NewCatroid/catroid/src/main/java/org/catrobat/catroid/ui/recyclerview/fragment/DataListFragment.kt:559:35 'getDefaultSharedPreferences(Context!): SharedPreferences!' is deprecated. Deprecated in Java
w: file:///C:/Users/ivanp/NewCatroid/catroid/src/main/java/org/catrobat/catroid/ui/recyclerview/fragment/DataListFragment.kt:565:34 'onOptionsItemSelected(MenuItem): Boolean' is deprecated. Deprecated in Java
w: file:///C:/Users/ivanp/NewCatroid/catroid/src/main/java/org/catrobat/catroid/ui/recyclerview/fragment/DataListFragment.kt:601:45 'getInstance(): ProjectManager!' is deprecated. Deprecated in Java
w: file:///C:/Users/ivanp/NewCatroid/catroid/src/main/java/org/catrobat/catroid/ui/recyclerview/fragment/DataListFragment.kt:602:44 'getInstance(): ProjectManager!' is deprecated. Deprecated in Java
w: file:///C:/Users/ivanp/NewCatroid/catroid/src/main/java/org/catrobat/catroid/ui/recyclerview/fragment/DataListFragment.kt:615:24 'getInstance(): ProjectManager!' is deprecated. Deprecated in Java
w: file:///C:/Users/ivanp/NewCatroid/catroid/src/main/java/org/catrobat/catroid/ui/recyclerview/fragment/DataListFragment.kt:681:17 'getter for fragmentManager: FragmentManager?' is deprecated. Deprecated in Java
w: file:///C:/Users/ivanp/NewCatroid/catroid/src/main/java/org/catrobat/catroid/ui/recyclerview/fragment/DataListFragment.kt:683:13 'getter for fragmentManager: FragmentManager?' is deprecated. Deprecated in Java
w: file:///C:/Users/ivanp/NewCatroid/catroid/src/main/java/org/catrobat/catroid/ui/recyclerview/fragment/DataListFragment.kt:706:28 'getInstance(): ProjectManager!' is deprecated. Deprecated in Java
w: file:///C:/Users/ivanp/NewCatroid/catroid/src/main/java/org/catrobat/catroid/ui/recyclerview/fragment/DataListFragment.kt:711:26 Type mismatch: inferred type is String? but Nothing! was expected
w: file:///C:/Users/ivanp/NewCatroid/catroid/src/main/java/org/catrobat/catroid/ui/recyclerview/fragment/ListSelectorFragment.kt:74:15 'onCreateOptionsMenu(Menu, MenuInflater): Unit' is deprecated. Deprecated in Java
w: file:///C:/Users/ivanp/NewCatroid/catroid/src/main/java/org/catrobat/catroid/ui/recyclerview/fragment/ListSelectorFragment.kt:89:22 'onOptionsItemSelected(MenuItem): Boolean' is deprecated. Deprecated in Java
w: file:///C:/Users/ivanp/NewCatroid/catroid/src/main/java/org/catrobat/catroid/ui/recyclerview/fragment/ListSelectorFragment.kt:95:9 'getter for fragmentManager: FragmentManager?' is deprecated. Deprecated in Java
w: file:///C:/Users/ivanp/NewCatroid/catroid/src/main/java/org/catrobat/catroid/ui/recyclerview/fragment/ListSelectorFragment.kt:105:9 'setHasOptionsMenu(Boolean): Unit' is deprecated. Deprecated in Java
w: file:///C:/Users/ivanp/NewCatroid/catroid/src/main/java/org/catrobat/catroid/ui/recyclerview/fragment/ListSelectorFragment.kt:111:15 'onActivityCreated(Bundle?): Unit' is deprecated. Deprecated in Java
w: file:///C:/Users/ivanp/NewCatroid/catroid/src/main/java/org/catrobat/catroid/ui/recyclerview/fragment/ListSelectorFragment.kt:135:15 'onPrepareOptionsMenu(Menu): Unit' is deprecated. Deprecated in Java
w: file:///C:/Users/ivanp/NewCatroid/catroid/src/main/java/org/catrobat/catroid/ui/recyclerview/fragment/ListSelectorFragment.kt:139:42 'getInstance(): ProjectManager!' is deprecated. Deprecated in Java
w: file:///C:/Users/ivanp/NewCatroid/catroid/src/main/java/org/catrobat/catroid/ui/recyclerview/fragment/ListSelectorFragment.kt:140:41 'getInstance(): ProjectManager!' is deprecated. Deprecated in Java
w: file:///C:/Users/ivanp/NewCatroid/catroid/src/main/java/org/catrobat/catroid/ui/recyclerview/fragment/ListSelectorFragment.kt:163:24 'getInstance(): ProjectManager!' is deprecated. Deprecated in Java
w: file:///C:/Users/ivanp/NewCatroid/catroid/src/main/java/org/catrobat/catroid/ui/recyclerview/fragment/ListSelectorFragment.kt:213:24 'getInstance(): ProjectManager!' is deprecated. Deprecated in Java
w: file:///C:/Users/ivanp/NewCatroid/catroid/src/main/java/org/catrobat/catroid/ui/recyclerview/fragment/LookListFragment.kt:191:15 'onActivityResult(Int, Int, Intent?): Unit' is deprecated. Deprecated in Java
w: file:///C:/Users/ivanp/NewCatroid/catroid/src/main/java/org/catrobat/catroid/ui/recyclerview/fragment/LookListFragment.kt:243:9 'startActivityForResult(Intent, Int): Unit' is deprecated. Deprecated in Java
w: file:///C:/Users/ivanp/NewCatroid/catroid/src/main/java/org/catrobat/catroid/ui/recyclerview/fragment/MainMenuFragment.kt:108:15 'onActivityCreated(Bundle?): Unit' is deprecated. Deprecated in Java
w: file:///C:/Users/ivanp/NewCatroid/catroid/src/main/java/org/catrobat/catroid/ui/recyclerview/fragment/ProjectListFragment.kt:34:27 'PreferenceManager' is deprecated. Deprecated in Java
w: file:///C:/Users/ivanp/NewCatroid/catroid/src/main/java/org/catrobat/catroid/ui/recyclerview/fragment/ProjectListFragment.kt:103:46 'getParcelable(String?): T?' is deprecated. Deprecated in Java
w: file:///C:/Users/ivanp/NewCatroid/catroid/src/main/java/org/catrobat/catroid/ui/recyclerview/fragment/ProjectListFragment.kt:205:17 Variable 'projectDir' is never used
w: file:///C:/Users/ivanp/NewCatroid/catroid/src/main/java/org/catrobat/catroid/ui/recyclerview/fragment/ProjectListFragment.kt:307:9 'PreferenceManager' is deprecated. Deprecated in Java
w: file:///C:/Users/ivanp/NewCatroid/catroid/src/main/java/org/catrobat/catroid/ui/recyclerview/fragment/ProjectListFragment.kt:307:27 'getDefaultSharedPreferences(Context!): SharedPreferences!' is deprecated. Deprecated in Java
w: file:///C:/Users/ivanp/NewCatroid/catroid/src/main/java/org/catrobat/catroid/ui/recyclerview/fragment/ProjectListFragment.kt:334:9 'startActivityForResult(Intent, Int): Unit' is deprecated. Deprecated in Java
w: file:///C:/Users/ivanp/NewCatroid/catroid/src/main/java/org/catrobat/catroid/ui/recyclerview/fragment/ProjectListFragment.kt:344:17 'startActivityForResult(Intent, Int): Unit' is deprecated. Deprecated in Java
w: file:///C:/Users/ivanp/NewCatroid/catroid/src/main/java/org/catrobat/catroid/ui/recyclerview/fragment/ProjectListFragment.kt:353:15 'onActivityResult(Int, Int, Intent?): Unit' is deprecated. Deprecated in Java
w: file:///C:/Users/ivanp/NewCatroid/catroid/src/main/java/org/catrobat/catroid/ui/recyclerview/fragment/ProjectListFragment.kt:370:44 'get(String!): Any?' is deprecated. Deprecated in Java
w: file:///C:/Users/ivanp/NewCatroid/catroid/src/main/java/org/catrobat/catroid/ui/recyclerview/fragment/ProjectListFragment.kt:626:15 'onCreateOptionsMenu(Menu, MenuInflater): Unit' is deprecated. Deprecated in Java
w: file:///C:/Users/ivanp/NewCatroid/catroid/src/main/java/org/catrobat/catroid/ui/recyclerview/fragment/ProjectListFragment.kt:767:34 'PreferenceManager' is deprecated. Deprecated in Java
w: file:///C:/Users/ivanp/NewCatroid/catroid/src/main/java/org/catrobat/catroid/ui/recyclerview/fragment/ProjectListFragment.kt:767:52 'getDefaultSharedPreferences(Context!): SharedPreferences!' is deprecated. Deprecated in Java
w: file:///C:/Users/ivanp/NewCatroid/catroid/src/main/java/org/catrobat/catroid/ui/recyclerview/fragment/SpriteListFragment.kt:30:27 'PreferenceManager' is deprecated. Deprecated in Java
w: file:///C:/Users/ivanp/NewCatroid/catroid/src/main/java/org/catrobat/catroid/ui/recyclerview/fragment/SpriteListFragment.kt:119:9 'PreferenceManager' is deprecated. Deprecated in Java
w: file:///C:/Users/ivanp/NewCatroid/catroid/src/main/java/org/catrobat/catroid/ui/recyclerview/fragment/SpriteListFragment.kt:119:27 'getDefaultSharedPreferences(Context!): SharedPreferences!' is deprecated. Deprecated in Java
w: file:///C:/Users/ivanp/NewCatroid/catroid/src/main/java/org/catrobat/catroid/ui/recyclerview/fragment/SpriteListFragment.kt:276:15 'onActivityResult(Int, Int, Intent?): Unit' is deprecated. Deprecated in Java
w: file:///C:/Users/ivanp/NewCatroid/catroid/src/main/java/org/catrobat/catroid/ui/recyclerview/fragment/SpriteListFragment.kt:279:35 Type mismatch: inferred type is String? but String was expected
w: file:///C:/Users/ivanp/NewCatroid/catroid/src/main/java/org/catrobat/catroid/ui/recyclerview/fragment/SpriteListFragment.kt:281:35 Type mismatch: inferred type is String? but String was expected
w: file:///C:/Users/ivanp/NewCatroid/catroid/src/main/java/org/catrobat/catroid/ui/recyclerview/fragment/SpriteListFragment.kt:317:9 'startActivityForResult(Intent, Int): Unit' is deprecated. Deprecated in Java
w: file:///C:/Users/ivanp/NewCatroid/catroid/src/main/java/org/catrobat/catroid/ui/recyclerview/fragment/SpriteListFragment.kt:326:9 'startActivityForResult(Intent, Int): Unit' is deprecated. Deprecated in Java
w: file:///C:/Users/ivanp/NewCatroid/catroid/src/main/java/org/catrobat/catroid/ui/recyclerview/repository/LocalHashVersionRepository.kt:29:33 'MasterKeys' is deprecated. Deprecated in Java
w: file:///C:/Users/ivanp/NewCatroid/catroid/src/main/java/org/catrobat/catroid/ui/recyclerview/repository/LocalHashVersionRepository.kt:46:36 'create(String, String, Context, EncryptedSharedPreferences.PrefKeyEncryptionScheme, EncryptedSharedPreferences.PrefValueEncryptionScheme): SharedPreferences' is deprecated. Deprecated in Java
w: file:///C:/Users/ivanp/NewCatroid/catroid/src/main/java/org/catrobat/catroid/ui/recyclerview/repository/LocalHashVersionRepository.kt:48:13 'MasterKeys' is deprecated. Deprecated in Java
w: file:///C:/Users/ivanp/NewCatroid/catroid/src/main/java/org/catrobat/catroid/ui/recyclerview/repository/LocalHashVersionRepository.kt:48:36 'MasterKeys' is deprecated. Deprecated in Java
w: file:///C:/Users/ivanp/NewCatroid/catroid/src/main/java/org/catrobat/catroid/ui/settingsfragments/AISettingsFragment.kt:26:27 'EditTextPreference' is deprecated. Deprecated in Java
w: file:///C:/Users/ivanp/NewCatroid/catroid/src/main/java/org/catrobat/catroid/ui/settingsfragments/AISettingsFragment.kt:27:27 'Preference' is deprecated. Deprecated in Java
w: file:///C:/Users/ivanp/NewCatroid/catroid/src/main/java/org/catrobat/catroid/ui/settingsfragments/AISettingsFragment.kt:28:27 'PreferenceFragment' is deprecated. Deprecated in Java
w: file:///C:/Users/ivanp/NewCatroid/catroid/src/main/java/org/catrobat/catroid/ui/settingsfragments/AISettingsFragment.kt:29:27 'PreferenceScreen' is deprecated. Deprecated in Java
w: file:///C:/Users/ivanp/NewCatroid/catroid/src/main/java/org/catrobat/catroid/ui/settingsfragments/AISettingsFragment.kt:37:28 'constructor PreferenceFragment()' is deprecated. Deprecated in Java
w: file:///C:/Users/ivanp/NewCatroid/catroid/src/main/java/org/catrobat/catroid/ui/settingsfragments/AISettingsFragment.kt:37:28 'PreferenceFragment' is deprecated. Deprecated in Java
w: file:///C:/Users/ivanp/NewCatroid/catroid/src/main/java/org/catrobat/catroid/ui/settingsfragments/AISettingsFragment.kt:39:15 'onResume(): Unit' is deprecated. Deprecated in Java
w: file:///C:/Users/ivanp/NewCatroid/catroid/src/main/java/org/catrobat/catroid/ui/settingsfragments/AISettingsFragment.kt:40:10 'getter for activity: Activity!' is deprecated. Deprecated in Java
w: file:///C:/Users/ivanp/NewCatroid/catroid/src/main/java/org/catrobat/catroid/ui/settingsfragments/AISettingsFragment.kt:40:67 'getter for preferenceScreen: PreferenceScreen!' is deprecated. Deprecated in Java
w: file:///C:/Users/ivanp/NewCatroid/catroid/src/main/java/org/catrobat/catroid/ui/settingsfragments/AISettingsFragment.kt:40:84 'getter for title: CharSequence!' is deprecated. Deprecated in Java
w: file:///C:/Users/ivanp/NewCatroid/catroid/src/main/java/org/catrobat/catroid/ui/settingsfragments/AISettingsFragment.kt:44:15 'onActivityCreated(Bundle?): Unit' is deprecated. Deprecated in Java
w: file:///C:/Users/ivanp/NewCatroid/catroid/src/main/java/org/catrobat/catroid/ui/settingsfragments/AISettingsFragment.kt:45:46 'getter for activity: Activity!' is deprecated. Deprecated in Java
w: file:///C:/Users/ivanp/NewCatroid/catroid/src/main/java/org/catrobat/catroid/ui/settingsfragments/AISettingsFragment.kt:46:9 'addPreferencesFromResource(Int): Unit' is deprecated. Deprecated in Java
w: file:///C:/Users/ivanp/NewCatroid/catroid/src/main/java/org/catrobat/catroid/ui/settingsfragments/AISettingsFragment.kt:50:17 'findPreference(CharSequence!): Preference!' is deprecated. Deprecated in Java
w: file:///C:/Users/ivanp/NewCatroid/catroid/src/main/java/org/catrobat/catroid/ui/settingsfragments/AISettingsFragment.kt:50:58 'PreferenceScreen' is deprecated. Deprecated in Java
w: file:///C:/Users/ivanp/NewCatroid/catroid/src/main/java/org/catrobat/catroid/ui/settingsfragments/AISettingsFragment.kt:51:33 'setter for isEnabled: Boolean' is deprecated. Deprecated in Java
w: file:///C:/Users/ivanp/NewCatroid/catroid/src/main/java/org/catrobat/catroid/ui/settingsfragments/AISettingsFragment.kt:52:13 'getter for preferenceScreen: PreferenceScreen!' is deprecated. Deprecated in Java
w: file:///C:/Users/ivanp/NewCatroid/catroid/src/main/java/org/catrobat/catroid/ui/settingsfragments/AISettingsFragment.kt:52:30 'removePreference(Preference!): Boolean' is deprecated. Deprecated in Java
w: file:///C:/Users/ivanp/NewCatroid/catroid/src/main/java/org/catrobat/catroid/ui/settingsfragments/AISettingsFragment.kt:55:25 'findPreference(CharSequence!): Preference!' is deprecated. Deprecated in Java
w: file:///C:/Users/ivanp/NewCatroid/catroid/src/main/java/org/catrobat/catroid/ui/settingsfragments/AISettingsFragment.kt:55:61 'EditTextPreference' is deprecated. Deprecated in Java
w: file:///C:/Users/ivanp/NewCatroid/catroid/src/main/java/org/catrobat/catroid/ui/settingsfragments/AISettingsFragment.kt:56:20 'setter for onPreferenceChangeListener: Preference.OnPreferenceChangeListener!' is deprecated. Deprecated in Java
w: file:///C:/Users/ivanp/NewCatroid/catroid/src/main/java/org/catrobat/catroid/ui/settingsfragments/AISettingsFragment.kt:56:49 'Preference' is deprecated. Deprecated in Java
w: file:///C:/Users/ivanp/NewCatroid/catroid/src/main/java/org/catrobat/catroid/ui/settingsfragments/AISettingsFragment.kt:56:60 'OnPreferenceChangeListener((Preference!, Any!) -> Boolean): Preference.OnPreferenceChangeListener' is deprecated. Deprecated in Java
w: file:///C:/Users/ivanp/NewCatroid/catroid/src/main/java/org/catrobat/catroid/ui/settingsfragments/AISettingsFragment.kt:61:28 'setter for text: String!' is deprecated. Deprecated in Java
w: file:///C:/Users/ivanp/NewCatroid/catroid/src/main/java/org/catrobat/catroid/ui/settingsfragments/AISettingsFragment.kt:62:32 'getter for activity: Activity!' is deprecated. Deprecated in Java
w: file:///C:/Users/ivanp/NewCatroid/catroid/src/main/java/org/catrobat/catroid/ui/settingsfragments/AISettingsFragment.kt:65:32 'getter for activity: Activity!' is deprecated. Deprecated in Java
w: file:///C:/Users/ivanp/NewCatroid/catroid/src/main/java/org/catrobat/catroid/ui/workspace/WorkspaceLayout.kt:346:21 Name shadowed: activity
w: file:///C:/Users/ivanp/NewCatroid/catroid/src/main/java/org/catrobat/catroid/ui/workspace/WorkspaceLayout.kt:580:27 Parameter 'draggedWindow' is never used
w: file:///C:/Users/ivanp/NewCatroid/catroid/src/main/java/org/catrobat/catroid/ui/workspace/WorkspaceLayout.kt:726:9 Parameter 'showCustomView' is never used
w: file:///C:/Users/ivanp/NewCatroid/catroid/src/main/java/org/catrobat/catroid/ui/workspace/WorkspaceLayout.kt:846:27 'onPrepareOptionsMenu(Menu): Unit' is deprecated. Deprecated in Java
w: file:///C:/Users/ivanp/NewCatroid/catroid/src/main/java/org/catrobat/catroid/ui/workspace/WorkspaceLayout.kt:860:59 'onOptionsItemSelected(MenuItem): Boolean' is deprecated. Deprecated in Java
w: file:///C:/Users/ivanp/NewCatroid/catroid/src/main/java/org/catrobat/catroid/utils/LoopUtil.kt:95:24 'getInstance(): ProjectManager!' is deprecated. Deprecated in Java
w: file:///C:/Users/ivanp/NewCatroid/catroid/src/main/java/org/catrobat/catroid/utils/LoopUtil.kt:96:24 'getInstance(): ProjectManager!' is deprecated. Deprecated in Java
w: file:///C:/Users/ivanp/NewCatroid/catroid/src/main/java/org/catrobat/catroid/utils/LoopUtil.kt:97:24 'getInstance(): ProjectManager!' is deprecated. Deprecated in Java
w: file:///C:/Users/ivanp/NewCatroid/catroid/src/main/java/org/catrobat/catroid/utils/NativeBridge.kt:25:38 'getInstance(): ProjectManager!' is deprecated. Deprecated in Java
w: file:///C:/Users/ivanp/NewCatroid/catroid/src/main/java/org/catrobat/catroid/utils/PcmToWavConverter.kt:128:52 'toInt(): Int' is deprecated. Conversion of Char to Number is deprecated. Use Char.code property instead.
w: file:///C:/Users/ivanp/NewCatroid/catroid/src/main/java/org/catrobat/catroid/utils/ProjectTrashManager.kt:6:27 'PreferenceManager' is deprecated. Deprecated in Java
w: file:///C:/Users/ivanp/NewCatroid/catroid/src/main/java/org/catrobat/catroid/utils/ProjectTrashManager.kt:23:27 Parameter 'context' is never used
w: file:///C:/Users/ivanp/NewCatroid/catroid/src/main/java/org/catrobat/catroid/utils/ProjectTrashManager.kt:32:30 Parameter 'context' is never used
w: file:///C:/Users/ivanp/NewCatroid/catroid/src/main/java/org/catrobat/catroid/utils/ProjectTrashManager.kt:93:29 'PreferenceManager' is deprecated. Deprecated in Java
w: file:///C:/Users/ivanp/NewCatroid/catroid/src/main/java/org/catrobat/catroid/utils/ProjectTrashManager.kt:93:47 'getDefaultSharedPreferences(Context!): SharedPreferences!' is deprecated. Deprecated in Java
w: file:///C:/Users/ivanp/NewCatroid/catroid/src/main/java/org/catrobat/catroid/utils/TextBlockUtil.kt:63:34 Unnecessary safe call on a non-null receiver of type Rect
w: file:///C:/Users/ivanp/NewCatroid/catroid/src/main/java/org/catrobat/catroid/utils/TextBlockUtil.kt:96:35 'getInstance(): ProjectManager!' is deprecated. Deprecated in Java
w: file:///C:/Users/ivanp/NewCatroid/catroid/src/main/java/org/catrobat/catroid/utils/UserDataUtil.kt:34:31 'getInstance(): ProjectManager!' is deprecated. Deprecated in Java
w: file:///C:/Users/ivanp/NewCatroid/catroid/src/main/java/org/catrobat/catroid/utils/UserDataUtil.kt:56:28 'getInstance(): ProjectManager!' is deprecated. Deprecated in Java
w: file:///C:/Users/ivanp/NewCatroid/catroid/src/main/java/org/catrobat/catroid/utils/UserDataUtil.kt:57:28 'getInstance(): ProjectManager!' is deprecated. Deprecated in Java
w: file:///C:/Users/ivanp/NewCatroid/catroid/src/main/java/org/catrobat/catroid/utils/UserDataUtil.kt:58:28 'getInstance(): ProjectManager!' is deprecated. Deprecated in Java
w: file:///C:/Users/ivanp/NewCatroid/catroid/src/main/java/org/catrobat/catroid/utils/UserDataUtil.kt:59:28 'getInstance(): ProjectManager!' is deprecated. Deprecated in Java
w: file:///C:/Users/ivanp/NewCatroid/catroid/src/main/java/org/catrobat/catroid/utils/VibrationManager.kt:38:23 'vibrate(Long): Unit' is deprecated. Deprecated in Java
w: file:///C:/Users/ivanp/NewCatroid/catroid/src/main/java/org/catrobat/catroid/utils/VibrationManager.kt:68:23 'vibrate(Long): Unit' is deprecated. Deprecated in Java
w: file:///C:/Users/ivanp/NewCatroid/catroid/src/main/java/org/catrobat/catroid/utils/git/AuthCallbackActivity.kt:63:97 Type mismatch: inferred type is Nothing? but String was expected
w: file:///C:/Users/ivanp/NewCatroid/catroid/src/main/java/org/catrobat/catroid/utils/git/GitController.kt:371:75 Type mismatch: inferred type is Nothing? but String was expected
w: file:///C:/Users/ivanp/NewCatroid/catroid/src/main/java/org/catrobat/catroid/utils/git/GitController.kt:468:29 'reconfigure(WindowCacheConfig!): Unit' is deprecated. Deprecated in Java
w: file:///C:/Users/ivanp/NewCatroid/catroid/src/main/java/org/catrobat/catroid/utils/git/ProjectMerger.kt:293:87 Parameter 'base' is never used
w: file:///C:/Users/ivanp/NewCatroid/catroid/src/main/java/org/catrobat/catroid/utils/git/ProjectMerger.kt:293:102 Parameter 'local' is never used
w: file:///C:/Users/ivanp/NewCatroid/catroid/src/main/java/org/catrobat/catroid/utils/git/ProjectMerger.kt:293:118 Parameter 'remote' is never used
w: file:///C:/Users/ivanp/NewCatroid/catroid/src/main/java/org/catrobat/catroid/utils/git/ProjectMerger.kt:316:49 No cast needed
w: file:///C:/Users/ivanp/NewCatroid/catroid/src/main/java/org/catrobat/catroid/utils/git/ProjectMerger.kt:327:13 Variable 'remoteBrick' is never used
w: file:///C:/Users/ivanp/NewCatroid/catroid/src/main/java/org/catrobat/catroid/utils/git/ProjectMerger.kt:339:48 No cast needed
w: file:///C:/Users/ivanp/NewCatroid/catroid/src/main/java/org/catrobat/catroid/utils/git/TokenManager.kt:5:33 'MasterKeys' is deprecated. Deprecated in Java
w: file:///C:/Users/ivanp/NewCatroid/catroid/src/main/java/org/catrobat/catroid/utils/git/TokenManager.kt:11:82 'create(String, String, Context, EncryptedSharedPreferences.PrefKeyEncryptionScheme, EncryptedSharedPreferences.PrefValueEncryptionScheme): SharedPreferences' is deprecated. Deprecated in Java
w: file:///C:/Users/ivanp/NewCatroid/catroid/src/main/java/org/catrobat/catroid/utils/git/TokenManager.kt:13:9 'MasterKeys' is deprecated. Deprecated in Java
w: file:///C:/Users/ivanp/NewCatroid/catroid/src/main/java/org/catrobat/catroid/utils/git/TokenManager.kt:13:32 'MasterKeys' is deprecated. Deprecated in Java
w: file:///C:/Users/ivanp/NewCatroid/catroid/src/main/java/org/catrobat/catroid/utils/lunoscript/Interpreter.kt:102:63 Unnecessary safe call on a non-null receiver of type Any
w: file:///C:/Users/ivanp/NewCatroid/catroid/src/main/java/org/catrobat/catroid/utils/lunoscript/Interpreter.kt:220:28 'getInstance(): ProjectManager!' is deprecated. Deprecated in Java
w: file:///C:/Users/ivanp/NewCatroid/catroid/src/main/java/org/catrobat/catroid/utils/lunoscript/Interpreter.kt:240:63 No cast needed
w: file:///C:/Users/ivanp/NewCatroid/catroid/src/main/java/org/catrobat/catroid/utils/lunoscript/Interpreter.kt:291:23 Variable 'arg' is never used
w: file:///C:/Users/ivanp/NewCatroid/catroid/src/main/java/org/catrobat/catroid/utils/lunoscript/Interpreter.kt:307:17 'when' is exhaustive so 'else' is redundant here
w: file:///C:/Users/ivanp/NewCatroid/catroid/src/main/java/org/catrobat/catroid/utils/lunoscript/Interpreter.kt:545:40 'toUpperCase(): String' is deprecated. Use uppercase() instead.
w: file:///C:/Users/ivanp/NewCatroid/catroid/src/main/java/org/catrobat/catroid/utils/lunoscript/Interpreter.kt:551:40 'toLowerCase(): String' is deprecated. Use lowercase() instead.
w: file:///C:/Users/ivanp/NewCatroid/catroid/src/main/java/org/catrobat/catroid/utils/lunoscript/Interpreter.kt:745:81 No cast needed
w: file:///C:/Users/ivanp/NewCatroid/catroid/src/main/java/org/catrobat/catroid/utils/lunoscript/Interpreter.kt:758:44 Parameter 'interpreter' is never used, could be renamed to _
w: file:///C:/Users/ivanp/NewCatroid/catroid/src/main/java/org/catrobat/catroid/utils/lunoscript/Interpreter.kt:793:21 Conditional branch result of type JSONObject is implicitly cast to Any
w: file:///C:/Users/ivanp/NewCatroid/catroid/src/main/java/org/catrobat/catroid/utils/lunoscript/Interpreter.kt:795:21 Conditional branch result of type JSONArray is implicitly cast to Any
w: file:///C:/Users/ivanp/NewCatroid/catroid/src/main/java/org/catrobat/catroid/utils/lunoscript/Interpreter.kt:810:48 Parameter 'interpreter' is never used, could be renamed to _
w: file:///C:/Users/ivanp/NewCatroid/catroid/src/main/java/org/catrobat/catroid/utils/lunoscript/Interpreter.kt:918:52 Parameter 'args' is never used, could be renamed to _
w: file:///C:/Users/ivanp/NewCatroid/catroid/src/main/java/org/catrobat/catroid/utils/lunoscript/Interpreter.kt:942:45 Parameter 'args' is never used, could be renamed to _
w: file:///C:/Users/ivanp/NewCatroid/catroid/src/main/java/org/catrobat/catroid/utils/lunoscript/Interpreter.kt:958:61 No cast needed
w: file:///C:/Users/ivanp/NewCatroid/catroid/src/main/java/org/catrobat/catroid/utils/lunoscript/Interpreter.kt:967:25 Condition 'spriteObject != null' is always 'true'
w: file:///C:/Users/ivanp/NewCatroid/catroid/src/main/java/org/catrobat/catroid/utils/lunoscript/Interpreter.kt:976:111 Unnecessary safe call on a non-null receiver of type Any
w: file:///C:/Users/ivanp/NewCatroid/catroid/src/main/java/org/catrobat/catroid/utils/lunoscript/Interpreter.kt:1001:61 No cast needed
w: file:///C:/Users/ivanp/NewCatroid/catroid/src/main/java/org/catrobat/catroid/utils/lunoscript/Interpreter.kt:1019:111 Unnecessary safe call on a non-null receiver of type Any
w: file:///C:/Users/ivanp/NewCatroid/catroid/src/main/java/org/catrobat/catroid/utils/lunoscript/Interpreter.kt:1315:23 Variable 'index' is never used
w: file:///C:/Users/ivanp/NewCatroid/catroid/src/main/java/org/catrobat/catroid/utils/lunoscript/Interpreter.kt:1678:95 Unnecessary safe call on a non-null receiver of type Any
w: file:///C:/Users/ivanp/NewCatroid/catroid/src/main/java/org/catrobat/catroid/utils/lunoscript/Interpreter.kt:2711:50 Parameter 'args' is never used, could be renamed to _
w: file:///C:/Users/ivanp/NewCatroid/catroid/src/main/java/org/catrobat/catroid/utils/lunoscript/Interpreter.kt:3447:58 Unnecessary safe call on a non-null receiver of type Any
w: file:///C:/Users/ivanp/NewCatroid/catroid/src/main/java/org/catrobat/catroid/utils/lunoscript/Interpreter.kt:3454:52 Unnecessary safe call on a non-null receiver of type Any
w: file:///C:/Users/ivanp/NewCatroid/catroid/src/main/java/org/catrobat/catroid/utils/lunoscript/Interpreter.kt:3462:47 Unnecessary safe call on a non-null receiver of type Any
w: file:///C:/Users/ivanp/NewCatroid/catroid/src/main/java/org/catrobat/catroid/utils/lunoscript/Interpreter.kt:3488:55 Parameter 'proxy' is never used, could be renamed to _
w: file:///C:/Users/ivanp/NewCatroid/catroid/src/main/java/org/catrobat/catroid/utils/lunoscript/Interpreter.kt:3516:37 'toLowerCase(): String' is deprecated. Use lowercase() instead.
w: file:///C:/Users/ivanp/NewCatroid/catroid/src/main/java/org/catrobat/catroid/utils/lunoscript/Interpreter.kt:3573:55 This cast can never succeed
w: file:///C:/Users/ivanp/NewCatroid/catroid/src/main/java/org/catrobat/catroid/utils/lunoscript/Interpreter.kt:3581:55 This cast can never succeed
w: file:///C:/Users/ivanp/NewCatroid/catroid/src/main/java/org/catrobat/catroid/utils/lunoscript/Interpreter.kt:3588:55 This cast can never succeed
w: file:///C:/Users/ivanp/NewCatroid/catroid/src/main/java/org/catrobat/catroid/utils/lunoscript/Interpreter.kt:3594:25 Variable 'name' is never used
w: file:///C:/Users/ivanp/NewCatroid/catroid/src/main/java/org/catrobat/catroid/utils/lunoscript/Interpreter.kt:3595:25 Variable 'text' is never used
w: file:///C:/Users/ivanp/NewCatroid/catroid/src/main/java/org/catrobat/catroid/utils/lunoscript/Interpreter.kt:3596:25 Variable 'uservar' is never used
w: file:///C:/Users/ivanp/NewCatroid/catroid/src/main/java/org/catrobat/catroid/utils/lunoscript/Interpreter.kt:3596:55 This cast can never succeed
w: file:///C:/Users/ivanp/NewCatroid/catroid/src/main/java/org/catrobat/catroid/utils/lunoscript/Interpreter.kt:3693:44 Parameter 'interpreter' is never used, could be renamed to _
w: file:///C:/Users/ivanp/NewCatroid/catroid/src/main/java/org/catrobat/catroid/utils/lunoscript/Interpreter.kt:3748:41 Parameter 'interpreter' is never used, could be renamed to _
w: file:///C:/Users/ivanp/NewCatroid/catroid/src/main/java/org/catrobat/catroid/utils/lunoscript/Interpreter.kt:3775:44 Parameter 'interpreter' is never used, could be renamed to _
w: file:///C:/Users/ivanp/NewCatroid/catroid/src/main/java/org/catrobat/catroid/utils/lunoscript/Interpreter.kt:3798:13 'when' is exhaustive so 'else' is redundant here
w: file:///C:/Users/ivanp/NewCatroid/catroid/src/main/java/org/catrobat/catroid/utils/lunoscript/Interpreter.kt:3804:31 'toUpperCase(): String' is deprecated. Use uppercase() instead.
w: file:///C:/Users/ivanp/NewCatroid/catroid/src/main/java/org/catrobat/catroid/utils/lunoscript/Interpreter.kt:3840:57 No cast needed
w: file:///C:/Users/ivanp/NewCatroid/catroid/src/main/java/org/catrobat/catroid/utils/lunoscript/Interpreter.kt:3846:110 Unnecessary safe call on a non-null receiver of type Any
w: file:///C:/Users/ivanp/NewCatroid/catroid/src/main/java/org/catrobat/catroid/utils/lunoscript/Interpreter.kt:4000:21 Name shadowed: valueToAssign
w: file:///C:/Users/ivanp/NewCatroid/catroid/src/main/java/org/catrobat/catroid/utils/lunoscript/Interpreter.kt:4004:51 'capitalize(): String' is deprecated. Use replaceFirstChar instead.
w: file:///C:/Users/ivanp/NewCatroid/catroid/src/main/java/org/catrobat/catroid/utils/lunoscript/Interpreter.kt:4204:17 The value 'true' assigned to 'var matched: Boolean defined in org.catrobat.catroid.utils.lunoscript.Interpreter.executeSwitchStatement' is never used
w: file:///C:/Users/ivanp/NewCatroid/catroid/src/main/java/org/catrobat/catroid/utils/lunoscript/Interpreter.kt:4242:13 Variable 'name' is never used
w: file:///C:/Users/ivanp/NewCatroid/catroid/src/main/java/org/catrobat/catroid/utils/lunoscript/Interpreter.kt:4308:50 Parameter 'exprNode' is never used
w: file:///C:/Users/ivanp/NewCatroid/catroid/src/main/java/org/catrobat/catroid/utils/lunoscript/Interpreter.kt:4555:55 'capitalize(): String' is deprecated. Use replaceFirstChar instead.
w: file:///C:/Users/ivanp/NewCatroid/catroid/src/main/java/org/catrobat/catroid/utils/lunoscript/Interpreter.kt:4556:56 'capitalize(): String' is deprecated. Use replaceFirstChar instead.
w: file:///C:/Users/ivanp/NewCatroid/catroid/src/main/java/org/catrobat/catroid/utils/lunoscript/LunoScriptEngine.kt:95:47 Variable 'outputStream' initializer is redundant
w: file:///C:/Users/ivanp/NewCatroid/catroid/src/main/java/org/catrobat/catroid/utils/lunoscript/Parser.kt:268:17 Variable 'caseStatements' is never used
w: file:///C:/Users/ivanp/NewCatroid/catroid/src/main/java/org/catrobat/catroid/utils/lunoscript/Parser.kt:445:13 Variable 'token' is never used
w: file:///C:/Users/ivanp/NewCatroid/catroid/src/main/java/org/catrobat/catroid/utils/lunoscript/Parser.kt:458:21 Variable 'lParenLine' is never used
w: file:///C:/Users/ivanp/NewCatroid/catroid/src/main/java/org/catrobat/catroid/utils/lunoscript/Parser.kt:643:34 Parameter 'message' is never used
w: file:///C:/Users/ivanp/NewCatroid/catroid/src/main/java/org/catrobat/catroid/utils/lunoscript/baker/ProjectBaker.kt:121:48 'toLowerCase(): String' is deprecated. Use lowercase() instead.
w: file:///C:/Users/ivanp/NewCatroid/catroid/src/main/java/org/catrobat/catroid/utils/lunoscript/baker/ProjectBaker.kt:281:30 'toInt(): Int' is deprecated. Conversion of Char to Number is deprecated. Use Char.code property instead.
w: file:///C:/Users/ivanp/NewCatroid/catroid/src/main/java/org/catrobat/catroid/utils/lunoscript/baker/ProjectBaker.kt:281:51 'toInt(): Int' is deprecated. Conversion of Char to Number is deprecated. Use Char.code property instead.
w: file:///C:/Users/ivanp/NewCatroid/catroid/src/main/java/org/catrobat/catroid/virtualmachine/VirtualMachineManager.kt:170:43 'getInstance(): ProjectManager!' is deprecated. Deprecated in Java
w: file:///C:/Users/ivanp/NewCatroid/catroid/src/main/java/org/catrobat/catroid/virtualmachine/VirtualMachineManager.kt:184:47 'getInstance(): ProjectManager!' is deprecated. Deprecated in Java
w: file:///C:/Users/ivanp/NewCatroid/catroid/src/main/java/org/catrobat/catroid/web/CatrobatServerCalls.kt:27:27 'PreferenceManager' is deprecated. Deprecated in Java
w: file:///C:/Users/ivanp/NewCatroid/catroid/src/main/java/org/catrobat/catroid/web/CatrobatServerCalls.kt:145:45 'PreferenceManager' is deprecated. Deprecated in Java
w: file:///C:/Users/ivanp/NewCatroid/catroid/src/main/java/org/catrobat/catroid/web/CatrobatServerCalls.kt:145:63 'getDefaultSharedPreferences(Context!): SharedPreferences!' is deprecated. Deprecated in Java
w: file:///C:/Users/ivanp/NewCatroid/catroid/src/main/java/org/catrobat/catroid/web/ProjectDownloader.kt:116:101 'constructor Handler()' is deprecated. Deprecated in Java
w: file:///C:/Users/ivanp/NewCatroid/catroid/src/main/java/org/catrobat/catroid/web/ProjectDownloader.kt:145:36 'getInstance(): ProjectManager!' is deprecated. Deprecated in Java
w: file:///C:/Users/ivanp/NewCatroid/catroid/src/main/java/org/catrobat/catroid/web/ProjectDownloader.kt:168:49 'toLowerCase(Locale): String' is deprecated. Use lowercase() instead.
w: file:///C:/Users/ivanp/NewCatroid/catroid/src/main/java/org/catrobat/catroid/web/ProjectDownloader.kt:172:62 'toLowerCase(Locale): String' is deprecated. Use lowercase() instead.
w: file:///C:/Users/ivanp/NewCatroid/catroid/src/main/java/org/catrobat/catroid/web/ProjectDownloader.kt:177:63 'toLowerCase(Locale): String' is deprecated. Use lowercase() instead.
w: file:///C:/Users/ivanp/NewCatroid/catroid/src/main/java/org/catrobat/catroid/web/requests/HttpRequests.kt:58:25 'create(MediaType?, File): RequestBody' is deprecated. Moved to extension function. Put the 'file' argument first to fix Java

Deprecated Gradle features were used in this build, making it incompatible with Gradle 9.0.

You can use '--warning-mode all' to show the individual deprecation warnings and determine if they come from your own scripts or plugins.

For more on this, please refer to https://docs.gradle.org/8.7/userguide/command_line_interface.html#sec:command_line_warnings in the Gradle documentation.

BUILD SUCCESSFUL in 3m 57s
40 actionable tasks: 11 executed, 10 from cache, 19 up-to-date

STDERR:
Warning: SDK processing. This version only understands SDK XML versions up to 3 but an SDK XML file of version 4 was encountered. This can happen if you use versions of Android Studio and the command-line tools that were released at different times.

