#
# There is insufficient memory for the Java Runtime Environment to continue.
# Native memory allocation (mmap) failed to map 1405091840 bytes. Error detail: G1 virtual space
# Possible reasons:
#   The system is out of physical RAM or swap space
#   This process is running with CompressedOops enabled, and the Java Heap may be blocking the growth of the native heap
# Possible solutions:
#   Reduce memory load on the system
#   Increase physical memory or swap space
#   Check if swap backing store is full
#   Decrease Java heap size (-Xmx/-Xms)
#   Decrease number of Java threads
#   Decrease Java thread stack sizes (-Xss)
#   Set larger code cache with -XX:ReservedCodeCacheSize=
#   JVM is running with Zero Based Compressed Oops mode in which the Java heap is
#     placed in the first 32GB address space. The Java Heap base address is the
#     maximum limit for the native heap growth. Please use -XX:HeapBaseMinAddress
#     to set the Java Heap base and to place the Java Heap above 32GB virtual address.
# This output file may be truncated or incomplete.
#
#  Out of Memory Error (os_windows.cpp:3618), pid=23208, tid=9044
#
# JRE version: OpenJDK Runtime Environment Temurin-17.0.19+10 (17.0.19+10) (build 17.0.19+10)
# Java VM: OpenJDK 64-Bit Server VM Temurin-17.0.19+10 (17.0.19+10, mixed mode, sharing, tiered, compressed oops, compressed class ptrs, g1 gc, windows-amd64)
# No core dump will be written. Minidumps are not enabled by default on client versions of Windows
#

---------------  S U M M A R Y ------------

Command Line: -XX:+UseG1GC -XX:+UnlockExperimentalVMOptions -XX:G1NewSizePercent=15 -XX:G1ReservePercent=10 -XX:MaxGCPauseMillis=100 -XX:MetaspaceSize=512m -XX:MaxMetaspaceSize=512m --add-opens=java.base/java.util=ALL-UNNAMED --add-opens=java.base/java.lang=ALL-UNNAMED --add-opens=java.base/java.lang.invoke=ALL-UNNAMED --add-opens=java.prefs/java.util.prefs=ALL-UNNAMED --add-opens=java.base/java.nio.charset=ALL-UNNAMED --add-opens=java.base/java.net=ALL-UNNAMED --add-opens=java.base/java.util.concurrent.atomic=ALL-UNNAMED -Xmx6g -Dfile.encoding=windows-1251 -Duser.country=RU -Duser.language=ru -Duser.variant -javaagent:C:\Users\ivanp\.gradle\wrapper\dists\gradle-8.7-bin\bhs2wmbdwecv87pi65oeuq5iu\gradle-8.7\lib\agents\gradle-instrumentation-agent-8.7.jar org.gradle.launcher.daemon.bootstrap.GradleDaemon 8.7

Host: 12th Gen Intel(R) Core(TM) i5-12450H, 12 cores, 15G,  Windows 11 , 64 bit Build 26100 (10.0.26100.8521)
Time: Sun Jul  5 02:49:28 2026  Windows 11 , 64 bit Build 26100 (10.0.26100.8521) elapsed time: 107.528509 seconds (0d 0h 1m 47s)

---------------  T H R E A D  ---------------

Current thread (0x0000014b71128210):  VMThread "VM Thread" [stack: 0x000000264d700000,0x000000264d800000] [id=9044]

Stack: [0x000000264d700000,0x000000264d800000]
Native frames: (J=compiled Java code, j=interpreted, Vv=VM code, C=native code)
V  [jvm.dll+0x684b29]
V  [jvm.dll+0x83a2d5]
V  [jvm.dll+0x83bd4e]
V  [jvm.dll+0x83c3d3]
V  [jvm.dll+0x24905f]
V  [jvm.dll+0x6818e9]
V  [jvm.dll+0x6766ea]
V  [jvm.dll+0x3093b7]
V  [jvm.dll+0x3109a6]
V  [jvm.dll+0x360f1e]
V  [jvm.dll+0x36115d]
V  [jvm.dll+0x2e043c]
V  [jvm.dll+0x2de812]
V  [jvm.dll+0x2ddfac]
V  [jvm.dll+0x320c6b]
V  [jvm.dll+0x840bed]
V  [jvm.dll+0x841923]
V  [jvm.dll+0x841e4f]
V  [jvm.dll+0x842235]
V  [jvm.dll+0x8422fe]
V  [jvm.dll+0x7eaf1c]
V  [jvm.dll+0x6839f7]
C  [ucrtbase.dll+0x2cd30]
C  [KERNEL32.DLL+0x2e957]
C  [ntdll.dll+0x87c1c]

VM_Operation (0x0000002651bf90f0): G1CollectForAllocation, mode: safepoint, requested by thread 0x0000014b769bd800


---------------  P R O C E S S  ---------------

Threads class SMR info:
_java_thread_list=0x0000014b76c42ab0, length=61, elements={
0x0000014b4952cbc0, 0x0000014b7112c160, 0x0000014b7112d7a0, 0x0000014b7114c4b0,
0x0000014b7114cd80, 0x0000014b7114e1c0, 0x0000014b7115d130, 0x0000014b7115e8a0,
0x0000014b717d4410, 0x0000014b717d5890, 0x0000014b7111b740, 0x0000014b719ac660,
0x0000014b767bc890, 0x0000014b7754b250, 0x0000014b7806f3d0, 0x0000014b784f2290,
0x0000014b7748fcd0, 0x0000014b78504fa0, 0x0000014b78507310, 0x0000014b78507820,
0x0000014b78508240, 0x0000014b78508750, 0x0000014b785054b0, 0x0000014b78505ed0,
0x0000014b785059c0, 0x0000014b785063e0, 0x0000014b785068f0, 0x0000014b78506e00,
0x0000014b76c1b4a0, 0x0000014b76c1b9b0, 0x0000014b76c1bec0, 0x0000014b76c1d300,
0x0000014b76c1af90, 0x0000014b76c1a060, 0x0000014b76c1dd20, 0x0000014b76c1a570,
0x0000014b76c1cdf0, 0x0000014b76c1d810, 0x0000014b76c1e230, 0x0000014b76c1ec50,
0x0000014b76c1f160, 0x0000014b76c1f670, 0x0000014b76c1e740, 0x0000014b76c20fc0,
0x0000014b76c20090, 0x0000014b79c748e0, 0x0000014b79c739b0, 0x0000014b79c75810,
0x0000014b79c72570, 0x0000014b79c74df0, 0x0000014b79c72f90, 0x0000014b769c0aa0,
0x0000014b769bd2f0, 0x0000014b769bd800, 0x0000014b769c0fb0, 0x0000014b769c14c0,
0x0000014b769bdd10, 0x0000014b769c4c70, 0x0000014b769c3d40, 0x0000014b769c4250,
0x0000014b769c2e10
}

Java Threads: ( => current thread )
  0x0000014b4952cbc0 JavaThread "main" [_thread_blocked, id=2932, stack(0x000000264d100000,0x000000264d200000)]
  0x0000014b7112c160 JavaThread "Reference Handler" daemon [_thread_blocked, id=17212, stack(0x000000264d800000,0x000000264d900000)]
  0x0000014b7112d7a0 JavaThread "Finalizer" daemon [_thread_blocked, id=5128, stack(0x000000264d900000,0x000000264da00000)]
  0x0000014b7114c4b0 JavaThread "Signal Dispatcher" daemon [_thread_blocked, id=5220, stack(0x000000264da00000,0x000000264db00000)]
  0x0000014b7114cd80 JavaThread "Attach Listener" daemon [_thread_blocked, id=20976, stack(0x000000264db00000,0x000000264dc00000)]
  0x0000014b7114e1c0 JavaThread "Service Thread" daemon [_thread_blocked, id=14652, stack(0x000000264dc00000,0x000000264dd00000)]
  0x0000014b7115d130 JavaThread "Monitor Deflation Thread" daemon [_thread_blocked, id=26504, stack(0x000000264dd00000,0x000000264de00000)]
  0x0000014b7115e8a0 JavaThread "C2 CompilerThread0" daemon [_thread_blocked, id=11204, stack(0x000000264de00000,0x000000264df00000)]
  0x0000014b717d4410 JavaThread "C1 CompilerThread0" daemon [_thread_blocked, id=5172, stack(0x000000264df00000,0x000000264e000000)]
  0x0000014b717d5890 JavaThread "Sweeper thread" daemon [_thread_blocked, id=25564, stack(0x000000264e000000,0x000000264e100000)]
  0x0000014b7111b740 JavaThread "Common-Cleaner" daemon [_thread_blocked, id=1984, stack(0x000000264e100000,0x000000264e200000)]
  0x0000014b719ac660 JavaThread "Notification Thread" daemon [_thread_blocked, id=13056, stack(0x000000264e200000,0x000000264e300000)]
  0x0000014b767bc890 JavaThread "Daemon health stats" [_thread_blocked, id=26356, stack(0x000000264ea00000,0x000000264eb00000)]
  0x0000014b7754b250 JavaThread "Incoming local TCP Connector on port 59918" [_thread_in_native, id=26568, stack(0x000000264e400000,0x000000264e500000)]
  0x0000014b7806f3d0 JavaThread "Daemon periodic checks" [_thread_blocked, id=21648, stack(0x000000264eb00000,0x000000264ec00000)]
  0x0000014b784f2290 JavaThread "Daemon" [_thread_blocked, id=2112, stack(0x000000264ec00000,0x000000264ed00000)]
  0x0000014b7748fcd0 JavaThread "Handler for socket connection from /127.0.0.1:59918 to /127.0.0.1:59919" [_thread_in_native, id=25788, stack(0x000000264ed00000,0x000000264ee00000)]
  0x0000014b78504fa0 JavaThread "Cancel handler" [_thread_blocked, id=26440, stack(0x000000264ee00000,0x000000264ef00000)]
  0x0000014b78507310 JavaThread "Daemon worker" [_thread_blocked, id=25464, stack(0x000000264ef00000,0x000000264f000000)]
  0x0000014b78507820 JavaThread "Asynchronous log dispatcher for DefaultDaemonConnection: socket connection from /127.0.0.1:59918 to /127.0.0.1:59919" [_thread_blocked, id=22904, stack(0x000000264f000000,0x000000264f100000)]
  0x0000014b78508240 JavaThread "Stdin handler" [_thread_blocked, id=24488, stack(0x000000264f100000,0x000000264f200000)]
  0x0000014b78508750 JavaThread "Daemon client event forwarder" [_thread_blocked, id=18176, stack(0x000000264f200000,0x000000264f300000)]
  0x0000014b785054b0 JavaThread "Cache worker for journal cache (C:\Users\ivanp\.gradle\caches\journal-1)" [_thread_blocked, id=8760, stack(0x000000264f700000,0x000000264f800000)]
  0x0000014b78505ed0 JavaThread "File lock request listener" [_thread_in_native, id=7932, stack(0x000000264f800000,0x000000264f900000)]
  0x0000014b785059c0 JavaThread "Cache worker for file hash cache (C:\Users\ivanp\.gradle\caches\8.7\fileHashes)" [_thread_blocked, id=19680, stack(0x000000264f900000,0x000000264fa00000)]
  0x0000014b785063e0 JavaThread "Cache worker for file hash cache (C:\Users\ivanp\NewCatroid\.gradle\8.7\fileHashes)" [_thread_blocked, id=16324, stack(0x000000264fa00000,0x000000264fb00000)]
  0x0000014b785068f0 JavaThread "File watcher server" daemon [_thread_blocked, id=2980, stack(0x000000264fc00000,0x000000264fd00000)]
  0x0000014b78506e00 JavaThread "File watcher consumer" daemon [_thread_blocked, id=16720, stack(0x000000264fd00000,0x000000264fe00000)]
  0x0000014b76c1b4a0 JavaThread "Cache worker for checksums cache (C:\Users\ivanp\NewCatroid\.gradle\8.7\checksums)" [_thread_blocked, id=26268, stack(0x000000264fb00000,0x000000264fc00000)]
  0x0000014b76c1b9b0 JavaThread "Cache worker for cache directory md-supplier (C:\Users\ivanp\.gradle\caches\8.7\md-supplier)" [_thread_blocked, id=19104, stack(0x000000264fe00000,0x000000264ff00000)]
  0x0000014b76c1bec0 JavaThread "Cache worker for cache directory md-rule (C:\Users\ivanp\.gradle\caches\8.7\md-rule)" [_thread_blocked, id=18772, stack(0x000000264ff00000,0x0000002650000000)]
  0x0000014b76c1d300 JavaThread "Cache worker for file content cache (C:\Users\ivanp\.gradle\caches\8.7\fileContent)" [_thread_blocked, id=5200, stack(0x0000002650000000,0x0000002650100000)]
  0x0000014b76c1af90 JavaThread "jar transforms" [_thread_blocked, id=16520, stack(0x0000002650300000,0x0000002650400000)]
  0x0000014b76c1a060 JavaThread "jar transforms Thread 2" [_thread_blocked, id=7208, stack(0x0000002650400000,0x0000002650500000)]
  0x0000014b76c1dd20 JavaThread "Cache worker for Build Output Cleanup Cache (C:\Users\ivanp\NewCatroid\.gradle\buildOutputCleanup)" [_thread_blocked, id=24904, stack(0x0000002650200000,0x0000002650300000)]
  0x0000014b76c1a570 JavaThread "jar transforms Thread 3" [_thread_blocked, id=444, stack(0x0000002650500000,0x0000002650600000)]
  0x0000014b76c1cdf0 JavaThread "Unconstrained build operations" [_thread_blocked, id=22048, stack(0x0000002650100000,0x0000002650200000)]
  0x0000014b76c1d810 JavaThread "Unconstrained build operations Thread 2" [_thread_blocked, id=26116, stack(0x0000002650700000,0x0000002650800000)]
  0x0000014b76c1e230 JavaThread "jar transforms Thread 4" [_thread_blocked, id=26340, stack(0x0000002650900000,0x0000002650a00000)]
  0x0000014b76c1ec50 JavaThread "jar transforms Thread 5" [_thread_blocked, id=2524, stack(0x0000002650b00000,0x0000002650c00000)]
  0x0000014b76c1f160 JavaThread "Unconstrained build operations Thread 3" [_thread_blocked, id=1424, stack(0x0000002650a00000,0x0000002650b00000)]
  0x0000014b76c1f670 JavaThread "Unconstrained build operations Thread 4" [_thread_blocked, id=25780, stack(0x0000002650c00000,0x0000002650d00000)]
  0x0000014b76c1e740 JavaThread "build event listener" [_thread_blocked, id=25872, stack(0x0000002650e00000,0x0000002650f00000)]
  0x0000014b76c20fc0 JavaThread "jar transforms Thread 6" [_thread_blocked, id=5348, stack(0x0000002650f00000,0x0000002651000000)]
  0x0000014b76c20090 JavaThread "Memory manager" [_thread_blocked, id=3656, stack(0x0000002651000000,0x0000002651100000)]
  0x0000014b79c748e0 JavaThread "jar transforms Thread 7" [_thread_blocked, id=22960, stack(0x0000002650d00000,0x0000002650e00000)]
  0x0000014b79c739b0 JavaThread "jar transforms Thread 8" [_thread_blocked, id=22400, stack(0x0000002651100000,0x0000002651200000)]
  0x0000014b79c75810 JavaThread "jar transforms Thread 9" [_thread_blocked, id=17056, stack(0x0000002651400000,0x0000002651500000)]
  0x0000014b79c72570 JavaThread "jar transforms Thread 10" [_thread_blocked, id=26600, stack(0x0000002651500000,0x0000002651600000)]
  0x0000014b79c74df0 JavaThread "jar transforms Thread 11" [_thread_blocked, id=22448, stack(0x0000002651600000,0x0000002651700000)]
  0x0000014b79c72f90 JavaThread "jar transforms Thread 12" [_thread_blocked, id=13228, stack(0x0000002651700000,0x0000002651800000)]
  0x0000014b769c0aa0 JavaThread "pool-3-thread-1" [_thread_blocked, id=26192, stack(0x000000264d000000,0x000000264d100000)]
  0x0000014b769bd2f0 JavaThread "build event listener" [_thread_blocked, id=26152, stack(0x0000002651200000,0x0000002651300000)]
  0x0000014b769bd800 JavaThread "included builds" [_thread_blocked, id=6472, stack(0x0000002651b00000,0x0000002651c00000)]
  0x0000014b769c0fb0 JavaThread "Cache worker for execution history cache (C:\Users\ivanp\NewCatroid\.gradle\8.7\executionHistory)" [_thread_blocked, id=25080, stack(0x0000002651c00000,0x0000002651d00000)]
  0x0000014b769c14c0 JavaThread "Unconstrained build operations Thread 5" [_thread_blocked, id=13512, stack(0x000000264cf00000,0x000000264d000000)]
  0x0000014b769bdd10 JavaThread "Unconstrained build operations Thread 6" [_thread_blocked, id=8976, stack(0x0000002651d00000,0x0000002651e00000)]
  0x0000014b769c4c70 JavaThread "Unconstrained build operations Thread 7" [_thread_blocked, id=6824, stack(0x0000002651e00000,0x0000002651f00000)]
  0x0000014b769c3d40 JavaThread "Unconstrained build operations Thread 8" [_thread_blocked, id=19496, stack(0x0000002652000000,0x0000002652100000)]
  0x0000014b769c4250 JavaThread "Unconstrained build operations Thread 9" [_thread_blocked, id=12888, stack(0x000000264ce00000,0x000000264cf00000)]
  0x0000014b769c2e10 JavaThread "Unconstrained build operations Thread 10" [_thread_blocked, id=23216, stack(0x0000002652100000,0x0000002652200000)]

Other Threads:
=>0x0000014b71128210 VMThread "VM Thread" [stack: 0x000000264d700000,0x000000264d800000] [id=9044]
  0x0000014b719c28f0 WatcherThread [stack: 0x000000264e300000,0x000000264e400000] [id=4596]
  0x0000014b495b75b0 GCTaskThread "GC Thread#0" [stack: 0x000000264d200000,0x000000264d300000] [id=25660]
  0x0000014b76cadd20 GCTaskThread "GC Thread#1" [stack: 0x000000264e500000,0x000000264e600000] [id=11152]
  0x0000014b76381760 GCTaskThread "GC Thread#2" [stack: 0x000000264e600000,0x000000264e700000] [id=3496]
  0x0000014b76c084a0 GCTaskThread "GC Thread#3" [stack: 0x000000264e700000,0x000000264e800000] [id=8536]
  0x0000014b76b1e860 GCTaskThread "GC Thread#4" [stack: 0x000000264e800000,0x000000264e900000] [id=20628]
  0x0000014b76b1eb20 GCTaskThread "GC Thread#5" [stack: 0x000000264e900000,0x000000264ea00000] [id=22456]
  0x0000014b784f33a0 GCTaskThread "GC Thread#6" [stack: 0x000000264f300000,0x000000264f400000] [id=26584]
  0x0000014b7806f8b0 GCTaskThread "GC Thread#7" [stack: 0x000000264f400000,0x000000264f500000] [id=1828]
  0x0000014b77513cf0 GCTaskThread "GC Thread#8" [stack: 0x000000264f500000,0x000000264f600000] [id=25308]
  0x0000014b785115d0 GCTaskThread "GC Thread#9" [stack: 0x000000264f600000,0x000000264f700000] [id=17584]
  0x0000014b495c4410 ConcurrentGCThread "G1 Main Marker" [stack: 0x000000264d300000,0x000000264d400000] [id=2540]
  0x0000014b495c5a10 ConcurrentGCThread "G1 Conc#0" [stack: 0x000000264d400000,0x000000264d500000] [id=12536]
  0x0000014b7b2deeb0 ConcurrentGCThread "G1 Conc#1" [stack: 0x0000002651900000,0x0000002651a00000] [id=26368]
  0x0000014b7b2df170 ConcurrentGCThread "G1 Conc#2" [stack: 0x0000002651a00000,0x0000002651b00000] [id=22708]
  0x0000014b495de5f0 ConcurrentGCThread "G1 Refine#0" [stack: 0x000000264d500000,0x000000264d600000] [id=25756]
  0x0000014b79be1830 ConcurrentGCThread "G1 Refine#1" [stack: 0x0000002650600000,0x0000002650700000] [id=12340]
  0x0000014b79bdfad0 ConcurrentGCThread "G1 Refine#2" [stack: 0x0000002650800000,0x0000002650900000] [id=23236]
  0x0000014b77e2c250 ConcurrentGCThread "G1 Refine#3" [stack: 0x0000002652200000,0x0000002652300000] [id=9488]
  0x0000014b77e2a200 ConcurrentGCThread "G1 Refine#4" [stack: 0x0000002652300000,0x0000002652400000] [id=13364]
  0x0000014b77e2b3a0 ConcurrentGCThread "G1 Refine#5" [stack: 0x0000002652400000,0x0000002652500000] [id=22748]
  0x0000014b77e2c540 ConcurrentGCThread "G1 Refine#6" [stack: 0x0000002652500000,0x0000002652600000] [id=15224]
  0x0000014b77e2cb20 ConcurrentGCThread "G1 Refine#7" [stack: 0x0000002652600000,0x0000002652700000] [id=9732]
  0x0000014b77e29350 ConcurrentGCThread "G1 Refine#8" [stack: 0x0000002652700000,0x0000002652800000] [id=26468]
  0x0000014b70fe7f50 ConcurrentGCThread "G1 Service" [stack: 0x000000264d600000,0x000000264d700000] [id=8772]

Threads with active compile tasks:

VM state: at safepoint (normal execution)

VM Mutex/Monitor currently owned by a thread:  ([mutex/lock_event])
[0x0000014b49528860] Threads_lock - owner thread: 0x0000014b71128210
[0x0000014b49529a60] Heap_lock - owner thread: 0x0000014b769bd800

Heap address: 0x0000000680000000, size: 6144 MB, Compressed Oops mode: Zero based, Oop shift amount: 3

CDS archive(s) mapped at: [0x0000014b00000000-0x0000014b00bb0000-0x0000014b00bb0000), size 12255232, SharedBaseAddress: 0x0000014b00000000, ArchiveRelocationMode: 1.
Compressed class space mapped at: 0x0000014b01000000-0x0000014b1b000000, reserved size: 436207616
Narrow klass base: 0x0000014b00000000, Narrow klass shift: 0, Narrow klass range: 0x100000000

GC Precious Log:
 CPUs: 12 total, 12 available
 Memory: 16087M
 Large Page Support: Disabled
 NUMA Support: Disabled
 Compressed Oops: Enabled (Zero based)
 Heap Region Size: 4M
 Heap Min Capacity: 8M
 Heap Initial Capacity: 252M
 Heap Max Capacity: 6G
 Pre-touch: Disabled
 Parallel Workers: 10
 Concurrent Workers: 3
 Concurrent Refinement Workers: 10
 Periodic GC: Disabled

Heap:
 garbage-first heap   total 958464K, used 601534K [0x0000000680000000, 0x0000000800000000)
  region size 4096K, 5 young (20480K), 5 survivors (20480K)
 Metaspace       used 115249K, committed 116544K, reserved 557056K
  class space    used 15527K, committed 16192K, reserved 425984K

Heap Regions: E=young(eden), S=young(survivor), O=old, HS=humongous(starts), HC=humongous(continues), CS=collection set, F=free, OA=open archive, CA=closed archive, TAMS=top-at-mark-start (previous, next)
|   0|0x0000000680000000, 0x0000000680400000, 0x0000000680400000|100%|HS|  |TAMS 0x0000000680400000, 0x0000000680000000| Complete 
|   1|0x0000000680400000, 0x0000000680800000, 0x0000000680800000|100%| O|  |TAMS 0x0000000680800000, 0x0000000680400000| Untracked 
|   2|0x0000000680800000, 0x0000000680c00000, 0x0000000680c00000|100%| O|  |TAMS 0x0000000680c00000, 0x0000000680800000| Untracked 
|   3|0x0000000680c00000, 0x0000000681000000, 0x0000000681000000|100%| O|  |TAMS 0x0000000681000000, 0x0000000680c00000| Untracked 
|   4|0x0000000681000000, 0x0000000681400000, 0x0000000681400000|100%| O|  |TAMS 0x0000000681400000, 0x0000000681000000| Untracked 
|   5|0x0000000681400000, 0x0000000681800000, 0x0000000681800000|100%| O|  |TAMS 0x0000000681800000, 0x0000000681400000| Untracked 
|   6|0x0000000681800000, 0x0000000681c00000, 0x0000000681c00000|100%|HS|  |TAMS 0x0000000681c00000, 0x0000000681800000| Complete 
|   7|0x0000000681c00000, 0x0000000682000000, 0x0000000682000000|100%|HS|  |TAMS 0x0000000682000000, 0x0000000681c00000| Complete 
|   8|0x0000000682000000, 0x0000000682400000, 0x0000000682400000|100%| O|  |TAMS 0x0000000682400000, 0x0000000682000000| Untracked 
|   9|0x0000000682400000, 0x0000000682800000, 0x0000000682800000|100%| O|  |TAMS 0x0000000682800000, 0x0000000682400000| Untracked 
|  10|0x0000000682800000, 0x0000000682c00000, 0x0000000682c00000|100%| O|  |TAMS 0x0000000682c00000, 0x0000000682800000| Untracked 
|  11|0x0000000682c00000, 0x0000000683000000, 0x0000000683000000|100%| O|  |TAMS 0x0000000683000000, 0x0000000682c00000| Untracked 
|  12|0x0000000683000000, 0x0000000683400000, 0x0000000683400000|100%| O|  |TAMS 0x0000000683400000, 0x0000000683000000| Untracked 
|  13|0x0000000683400000, 0x0000000683800000, 0x0000000683800000|100%| O|  |TAMS 0x0000000683800000, 0x0000000683400000| Untracked 
|  14|0x0000000683800000, 0x0000000683c00000, 0x0000000683c00000|100%| O|  |TAMS 0x0000000683c00000, 0x0000000683800000| Untracked 
|  15|0x0000000683c00000, 0x0000000684000000, 0x0000000684000000|100%| O|  |TAMS 0x0000000684000000, 0x0000000683c00000| Untracked 
|  16|0x0000000684000000, 0x0000000684400000, 0x0000000684400000|100%| O|  |TAMS 0x0000000684400000, 0x0000000684000000| Untracked 
|  17|0x0000000684400000, 0x0000000684800000, 0x0000000684800000|100%| O|  |TAMS 0x0000000684800000, 0x0000000684400000| Untracked 
|  18|0x0000000684800000, 0x0000000684c00000, 0x0000000684c00000|100%| O|  |TAMS 0x0000000684c00000, 0x0000000684800000| Untracked 
|  19|0x0000000684c00000, 0x0000000685000000, 0x0000000685000000|100%| O|  |TAMS 0x0000000685000000, 0x0000000684c00000| Untracked 
|  20|0x0000000685000000, 0x0000000685400000, 0x0000000685400000|100%| O|  |TAMS 0x0000000685400000, 0x0000000685000000| Untracked 
|  21|0x0000000685400000, 0x0000000685800000, 0x0000000685800000|100%| O|  |TAMS 0x0000000685800000, 0x0000000685400000| Untracked 
|  22|0x0000000685800000, 0x0000000685c00000, 0x0000000685c00000|100%| O|  |TAMS 0x0000000685c00000, 0x0000000685800000| Untracked 
|  23|0x0000000685c00000, 0x0000000686000000, 0x0000000686000000|100%| O|  |TAMS 0x0000000686000000, 0x0000000685c00000| Untracked 
|  24|0x0000000686000000, 0x0000000686400000, 0x0000000686400000|100%| O|  |TAMS 0x0000000686400000, 0x0000000686000000| Untracked 
|  25|0x0000000686400000, 0x0000000686800000, 0x0000000686800000|100%| O|  |TAMS 0x0000000686800000, 0x0000000686400000| Untracked 
|  26|0x0000000686800000, 0x0000000686c00000, 0x0000000686c00000|100%| O|  |TAMS 0x0000000686c00000, 0x0000000686800000| Untracked 
|  27|0x0000000686c00000, 0x0000000687000000, 0x0000000687000000|100%| O|  |TAMS 0x0000000687000000, 0x0000000686c00000| Untracked 
|  28|0x0000000687000000, 0x0000000687400000, 0x0000000687400000|100%| O|  |TAMS 0x0000000687400000, 0x0000000687000000| Untracked 
|  29|0x0000000687400000, 0x0000000687800000, 0x0000000687800000|100%| O|  |TAMS 0x0000000687800000, 0x0000000687400000| Untracked 
|  30|0x0000000687800000, 0x0000000687c00000, 0x0000000687c00000|100%| O|  |TAMS 0x0000000687c00000, 0x0000000687800000| Untracked 
|  31|0x0000000687c00000, 0x0000000688000000, 0x0000000688000000|100%| O|  |TAMS 0x0000000688000000, 0x0000000687c00000| Untracked 
|  32|0x0000000688000000, 0x0000000688400000, 0x0000000688400000|100%| O|  |TAMS 0x0000000688400000, 0x0000000688000000| Untracked 
|  33|0x0000000688400000, 0x0000000688800000, 0x0000000688800000|100%| O|  |TAMS 0x0000000688800000, 0x0000000688400000| Untracked 
|  34|0x0000000688800000, 0x0000000688c00000, 0x0000000688c00000|100%| O|  |TAMS 0x0000000688c00000, 0x0000000688800000| Untracked 
|  35|0x0000000688c00000, 0x0000000689000000, 0x0000000689000000|100%| O|  |TAMS 0x0000000689000000, 0x0000000688c00000| Untracked 
|  36|0x0000000689000000, 0x0000000689400000, 0x0000000689400000|100%| O|  |TAMS 0x0000000689400000, 0x0000000689000000| Untracked 
|  37|0x0000000689400000, 0x0000000689800000, 0x0000000689800000|100%| O|  |TAMS 0x0000000689800000, 0x0000000689400000| Untracked 
|  38|0x0000000689800000, 0x0000000689c00000, 0x0000000689c00000|100%| O|  |TAMS 0x0000000689c00000, 0x0000000689800000| Untracked 
|  39|0x0000000689c00000, 0x000000068a000000, 0x000000068a000000|100%| O|  |TAMS 0x000000068a000000, 0x0000000689c00000| Untracked 
|  40|0x000000068a000000, 0x000000068a400000, 0x000000068a400000|100%| O|  |TAMS 0x000000068a400000, 0x000000068a000000| Untracked 
|  41|0x000000068a400000, 0x000000068a800000, 0x000000068a800000|100%| O|  |TAMS 0x000000068a800000, 0x000000068a400000| Untracked 
|  42|0x000000068a800000, 0x000000068ac00000, 0x000000068ac00000|100%| O|  |TAMS 0x000000068ac00000, 0x000000068a800000| Untracked 
|  43|0x000000068ac00000, 0x000000068b000000, 0x000000068b000000|100%| O|  |TAMS 0x000000068b000000, 0x000000068ac00000| Untracked 
|  44|0x000000068b000000, 0x000000068b400000, 0x000000068b400000|100%| O|  |TAMS 0x000000068b400000, 0x000000068b000000| Untracked 
|  45|0x000000068b400000, 0x000000068b800000, 0x000000068b800000|100%| O|  |TAMS 0x000000068b800000, 0x000000068b400000| Untracked 
|  46|0x000000068b800000, 0x000000068bc00000, 0x000000068bc00000|100%| O|  |TAMS 0x000000068bc00000, 0x000000068b800000| Untracked 
|  47|0x000000068bc00000, 0x000000068c000000, 0x000000068c000000|100%| O|  |TAMS 0x000000068c000000, 0x000000068bc00000| Untracked 
|  48|0x000000068c000000, 0x000000068c400000, 0x000000068c400000|100%| O|  |TAMS 0x000000068c400000, 0x000000068c000000| Untracked 
|  49|0x000000068c400000, 0x000000068c800000, 0x000000068c800000|100%| O|  |TAMS 0x000000068c800000, 0x000000068c400000| Untracked 
|  50|0x000000068c800000, 0x000000068cc00000, 0x000000068cc00000|100%| O|  |TAMS 0x000000068cc00000, 0x000000068c800000| Untracked 
|  51|0x000000068cc00000, 0x000000068d000000, 0x000000068d000000|100%| O|  |TAMS 0x000000068d000000, 0x000000068cc00000| Untracked 
|  52|0x000000068d000000, 0x000000068d400000, 0x000000068d400000|100%| O|  |TAMS 0x000000068d400000, 0x000000068d000000| Untracked 
|  53|0x000000068d400000, 0x000000068d800000, 0x000000068d800000|100%| O|  |TAMS 0x000000068d800000, 0x000000068d400000| Untracked 
|  54|0x000000068d800000, 0x000000068dc00000, 0x000000068dc00000|100%| O|  |TAMS 0x000000068dc00000, 0x000000068d800000| Untracked 
|  55|0x000000068dc00000, 0x000000068e000000, 0x000000068e000000|100%| O|  |TAMS 0x000000068e000000, 0x000000068dc00000| Untracked 
|  56|0x000000068e000000, 0x000000068e400000, 0x000000068e400000|100%| O|  |TAMS 0x000000068e400000, 0x000000068e000000| Untracked 
|  57|0x000000068e400000, 0x000000068e800000, 0x000000068e800000|100%| O|  |TAMS 0x000000068e800000, 0x000000068e400000| Untracked 
|  58|0x000000068e800000, 0x000000068ec00000, 0x000000068ec00000|100%| O|  |TAMS 0x000000068ec00000, 0x000000068e800000| Untracked 
|  59|0x000000068ec00000, 0x000000068f000000, 0x000000068f000000|100%| O|  |TAMS 0x000000068f000000, 0x000000068ec00000| Untracked 
|  60|0x000000068f000000, 0x000000068f400000, 0x000000068f400000|100%| O|  |TAMS 0x000000068f400000, 0x000000068f000000| Untracked 
|  61|0x000000068f400000, 0x000000068f800000, 0x000000068f800000|100%| O|  |TAMS 0x000000068f800000, 0x000000068f400000| Untracked 
|  62|0x000000068f800000, 0x000000068fc00000, 0x000000068fc00000|100%| O|  |TAMS 0x000000068fc00000, 0x000000068f800000| Untracked 
|  63|0x000000068fc00000, 0x0000000690000000, 0x0000000690000000|100%| O|  |TAMS 0x0000000690000000, 0x000000068fc00000| Untracked 
|  64|0x0000000690000000, 0x0000000690400000, 0x0000000690400000|100%| O|  |TAMS 0x0000000690400000, 0x0000000690000000| Untracked 
|  65|0x0000000690400000, 0x0000000690800000, 0x0000000690800000|100%| O|  |TAMS 0x0000000690800000, 0x0000000690400000| Untracked 
|  66|0x0000000690800000, 0x0000000690c00000, 0x0000000690c00000|100%| O|  |TAMS 0x0000000690c00000, 0x0000000690800000| Untracked 
|  67|0x0000000690c00000, 0x0000000691000000, 0x0000000691000000|100%| O|  |TAMS 0x0000000691000000, 0x0000000690c00000| Untracked 
|  68|0x0000000691000000, 0x0000000691400000, 0x0000000691400000|100%| O|  |TAMS 0x0000000691000000, 0x0000000691000000| Untracked 
|  69|0x0000000691400000, 0x0000000691800000, 0x0000000691800000|100%| O|  |TAMS 0x0000000691800000, 0x0000000691400000| Untracked 
|  70|0x0000000691800000, 0x0000000691c00000, 0x0000000691c00000|100%| O|  |TAMS 0x0000000691c00000, 0x0000000691800000| Untracked 
|  71|0x0000000691c00000, 0x0000000692000000, 0x0000000692000000|100%| O|  |TAMS 0x0000000692000000, 0x0000000691c00000| Untracked 
|  72|0x0000000692000000, 0x0000000692400000, 0x0000000692400000|100%| O|  |TAMS 0x0000000692000000, 0x0000000692000000| Untracked 
|  73|0x0000000692400000, 0x0000000692800000, 0x0000000692800000|100%| O|  |TAMS 0x0000000692800000, 0x0000000692400000| Untracked 
|  74|0x0000000692800000, 0x0000000692c00000, 0x0000000692c00000|100%| O|  |TAMS 0x0000000692c00000, 0x0000000692800000| Untracked 
|  75|0x0000000692c00000, 0x0000000693000000, 0x0000000693000000|100%| O|  |TAMS 0x0000000693000000, 0x0000000692c00000| Untracked 
|  76|0x0000000693000000, 0x0000000693400000, 0x0000000693400000|100%| O|  |TAMS 0x0000000693400000, 0x0000000693000000| Untracked 
|  77|0x0000000693400000, 0x0000000693800000, 0x0000000693800000|100%| O|  |TAMS 0x0000000693800000, 0x0000000693400000| Untracked 
|  78|0x0000000693800000, 0x0000000693c00000, 0x0000000693c00000|100%| O|  |TAMS 0x0000000693c00000, 0x0000000693800000| Untracked 
|  79|0x0000000693c00000, 0x0000000694000000, 0x0000000694000000|100%| O|  |TAMS 0x0000000694000000, 0x0000000693c00000| Untracked 
|  80|0x0000000694000000, 0x0000000694400000, 0x0000000694400000|100%| O|  |TAMS 0x0000000694400000, 0x0000000694000000| Untracked 
|  81|0x0000000694400000, 0x0000000694800000, 0x0000000694800000|100%| O|  |TAMS 0x0000000694800000, 0x0000000694400000| Untracked 
|  82|0x0000000694800000, 0x0000000694c00000, 0x0000000694c00000|100%| O|  |TAMS 0x0000000694c00000, 0x0000000694800000| Untracked 
|  83|0x0000000694c00000, 0x0000000695000000, 0x0000000695000000|100%| O|  |TAMS 0x0000000695000000, 0x0000000694c00000| Untracked 
|  84|0x0000000695000000, 0x0000000695400000, 0x0000000695400000|100%| O|  |TAMS 0x0000000695400000, 0x0000000695000000| Untracked 
|  85|0x0000000695400000, 0x0000000695800000, 0x0000000695800000|100%| O|  |TAMS 0x0000000695800000, 0x0000000695400000| Untracked 
|  86|0x0000000695800000, 0x0000000695c00000, 0x0000000695c00000|100%| O|  |TAMS 0x0000000695c00000, 0x0000000695800000| Untracked 
|  87|0x0000000695c00000, 0x0000000696000000, 0x0000000696000000|100%| O|  |TAMS 0x0000000696000000, 0x0000000695c00000| Untracked 
|  88|0x0000000696000000, 0x0000000696400000, 0x0000000696400000|100%| O|  |TAMS 0x0000000696400000, 0x0000000696000000| Untracked 
|  89|0x0000000696400000, 0x0000000696800000, 0x0000000696800000|100%| O|  |TAMS 0x0000000696800000, 0x0000000696400000| Untracked 
|  90|0x0000000696800000, 0x0000000696c00000, 0x0000000696c00000|100%| O|  |TAMS 0x0000000696c00000, 0x0000000696800000| Untracked 
|  91|0x0000000696c00000, 0x0000000697000000, 0x0000000697000000|100%| O|  |TAMS 0x0000000697000000, 0x0000000696c00000| Untracked 
|  92|0x0000000697000000, 0x0000000697400000, 0x0000000697400000|100%| O|  |TAMS 0x0000000697400000, 0x0000000697000000| Untracked 
|  93|0x0000000697400000, 0x0000000697800000, 0x0000000697800000|100%| O|  |TAMS 0x0000000697800000, 0x0000000697400000| Untracked 
|  94|0x0000000697800000, 0x0000000697800000, 0x0000000697c00000|  0%| F|  |TAMS 0x0000000697800000, 0x0000000697800000| Untracked 
|  95|0x0000000697c00000, 0x0000000698000000, 0x0000000698000000|100%| O|  |TAMS 0x0000000698000000, 0x0000000697c00000| Untracked 
|  96|0x0000000698000000, 0x0000000698400000, 0x0000000698400000|100%| O|  |TAMS 0x0000000698400000, 0x0000000698000000| Untracked 
|  97|0x0000000698400000, 0x0000000698800000, 0x0000000698800000|100%| O|  |TAMS 0x0000000698800000, 0x0000000698400000| Untracked 
|  98|0x0000000698800000, 0x0000000698c00000, 0x0000000698c00000|100%| O|  |TAMS 0x0000000698c00000, 0x0000000698800000| Untracked 
|  99|0x0000000698c00000, 0x0000000699000000, 0x0000000699000000|100%| O|  |TAMS 0x0000000699000000, 0x0000000698c00000| Untracked 
| 100|0x0000000699000000, 0x0000000699400000, 0x0000000699400000|100%| O|  |TAMS 0x0000000699400000, 0x0000000699000000| Untracked 
| 101|0x0000000699400000, 0x0000000699800000, 0x0000000699800000|100%| O|  |TAMS 0x0000000699800000, 0x0000000699400000| Untracked 
| 102|0x0000000699800000, 0x0000000699c00000, 0x0000000699c00000|100%| O|  |TAMS 0x0000000699c00000, 0x0000000699800000| Untracked 
| 103|0x0000000699c00000, 0x000000069a000000, 0x000000069a000000|100%| O|  |TAMS 0x000000069a000000, 0x0000000699c00000| Untracked 
| 104|0x000000069a000000, 0x000000069a400000, 0x000000069a400000|100%| O|  |TAMS 0x000000069a400000, 0x000000069a000000| Untracked 
| 105|0x000000069a400000, 0x000000069a800000, 0x000000069a800000|100%| O|  |TAMS 0x000000069a800000, 0x000000069a400000| Untracked 
| 106|0x000000069a800000, 0x000000069ac00000, 0x000000069ac00000|100%| O|  |TAMS 0x000000069ac00000, 0x000000069a800000| Untracked 
| 107|0x000000069ac00000, 0x000000069b000000, 0x000000069b000000|100%| O|  |TAMS 0x000000069b000000, 0x000000069ac00000| Untracked 
| 108|0x000000069b000000, 0x000000069b400000, 0x000000069b400000|100%| O|  |TAMS 0x000000069b400000, 0x000000069b000000| Untracked 
| 109|0x000000069b400000, 0x000000069b800000, 0x000000069b800000|100%| O|  |TAMS 0x000000069b800000, 0x000000069b400000| Untracked 
| 110|0x000000069b800000, 0x000000069bc00000, 0x000000069bc00000|100%| O|  |TAMS 0x000000069bc00000, 0x000000069b800000| Untracked 
| 111|0x000000069bc00000, 0x000000069c000000, 0x000000069c000000|100%| O|  |TAMS 0x000000069c000000, 0x000000069bc00000| Untracked 
| 112|0x000000069c000000, 0x000000069c400000, 0x000000069c400000|100%| O|  |TAMS 0x000000069c400000, 0x000000069c000000| Untracked 
| 113|0x000000069c400000, 0x000000069c800000, 0x000000069c800000|100%| O|  |TAMS 0x000000069c800000, 0x000000069c400000| Untracked 
| 114|0x000000069c800000, 0x000000069cc00000, 0x000000069cc00000|100%| O|  |TAMS 0x000000069cc00000, 0x000000069c800000| Untracked 
| 115|0x000000069cc00000, 0x000000069d000000, 0x000000069d000000|100%| O|  |TAMS 0x000000069d000000, 0x000000069cc00000| Untracked 
| 116|0x000000069d000000, 0x000000069d000000, 0x000000069d400000|  0%| F|  |TAMS 0x000000069d000000, 0x000000069d000000| Untracked 
| 117|0x000000069d400000, 0x000000069d800000, 0x000000069d800000|100%| O|  |TAMS 0x000000069d800000, 0x000000069d400000| Untracked 
| 118|0x000000069d800000, 0x000000069dc00000, 0x000000069dc00000|100%| O|  |TAMS 0x000000069dc00000, 0x000000069d800000| Untracked 
| 119|0x000000069dc00000, 0x000000069e000000, 0x000000069e000000|100%| O|  |TAMS 0x000000069e000000, 0x000000069dc00000| Untracked 
| 120|0x000000069e000000, 0x000000069e400000, 0x000000069e400000|100%| O|  |TAMS 0x000000069e400000, 0x000000069e000000| Untracked 
| 121|0x000000069e400000, 0x000000069e800000, 0x000000069e800000|100%| O|  |TAMS 0x000000069e800000, 0x000000069e400000| Untracked 
| 122|0x000000069e800000, 0x000000069ec00000, 0x000000069ec00000|100%| O|  |TAMS 0x000000069ec00000, 0x000000069e800000| Untracked 
| 123|0x000000069ec00000, 0x000000069f000000, 0x000000069f000000|100%| O|  |TAMS 0x000000069f000000, 0x000000069ec00000| Untracked 
| 124|0x000000069f000000, 0x000000069f400000, 0x000000069f400000|100%| O|  |TAMS 0x000000069f400000, 0x000000069f000000| Untracked 
| 125|0x000000069f400000, 0x000000069f800000, 0x000000069f800000|100%| O|  |TAMS 0x000000069f800000, 0x000000069f400000| Untracked 
| 126|0x000000069f800000, 0x000000069fc00000, 0x000000069fc00000|100%| O|  |TAMS 0x000000069fc00000, 0x000000069f800000| Untracked 
| 127|0x000000069fc00000, 0x00000006a0000000, 0x00000006a0000000|100%| O|  |TAMS 0x00000006a0000000, 0x000000069fc00000| Untracked 
| 128|0x00000006a0000000, 0x00000006a0400000, 0x00000006a0400000|100%| O|  |TAMS 0x00000006a0400000, 0x00000006a0000000| Untracked 
| 129|0x00000006a0400000, 0x00000006a0800000, 0x00000006a0800000|100%| O|  |TAMS 0x00000006a0800000, 0x00000006a0400000| Untracked 
| 130|0x00000006a0800000, 0x00000006a0c00000, 0x00000006a0c00000|100%| O|  |TAMS 0x00000006a0957c00, 0x00000006a0800000| Untracked 
| 131|0x00000006a0c00000, 0x00000006a1000000, 0x00000006a1000000|100%| O|  |TAMS 0x00000006a0c00000, 0x00000006a0c00000| Untracked 
| 132|0x00000006a1000000, 0x00000006a1400000, 0x00000006a1400000|100%| O|  |TAMS 0x00000006a1000000, 0x00000006a1000000| Untracked 
| 133|0x00000006a1400000, 0x00000006a1800000, 0x00000006a1800000|100%| O|  |TAMS 0x00000006a1400000, 0x00000006a1400000| Untracked 
| 134|0x00000006a1800000, 0x00000006a1c00000, 0x00000006a1c00000|100%| O|  |TAMS 0x00000006a1800000, 0x00000006a1800000| Untracked 
| 135|0x00000006a1c00000, 0x00000006a2000000, 0x00000006a2000000|100%| O|  |TAMS 0x00000006a1c00000, 0x00000006a1c00000| Untracked 
| 136|0x00000006a2000000, 0x00000006a2400000, 0x00000006a2400000|100%| O|  |TAMS 0x00000006a2000000, 0x00000006a2000000| Untracked 
| 137|0x00000006a2400000, 0x00000006a2800000, 0x00000006a2800000|100%| O|  |TAMS 0x00000006a2400000, 0x00000006a2400000| Untracked 
| 138|0x00000006a2800000, 0x00000006a2c00000, 0x00000006a2c00000|100%| O|  |TAMS 0x00000006a2800000, 0x00000006a2800000| Untracked 
| 139|0x00000006a2c00000, 0x00000006a3000000, 0x00000006a3000000|100%| O|  |TAMS 0x00000006a2c00000, 0x00000006a2c00000| Untracked 
| 140|0x00000006a3000000, 0x00000006a3400000, 0x00000006a3400000|100%| O|  |TAMS 0x00000006a3000000, 0x00000006a3000000| Untracked 
| 141|0x00000006a3400000, 0x00000006a3800000, 0x00000006a3800000|100%| O|  |TAMS 0x00000006a3400000, 0x00000006a3400000| Untracked 
| 142|0x00000006a3800000, 0x00000006a3c00000, 0x00000006a3c00000|100%| O|  |TAMS 0x00000006a3800000, 0x00000006a3800000| Untracked 
| 143|0x00000006a3c00000, 0x00000006a3f6fa00, 0x00000006a4000000| 85%| O|  |TAMS 0x00000006a3c00000, 0x00000006a3c00000| Untracked 
| 144|0x00000006a4000000, 0x00000006a4000000, 0x00000006a4400000|  0%| F|  |TAMS 0x00000006a4000000, 0x00000006a4000000| Untracked 
| 145|0x00000006a4400000, 0x00000006a4400000, 0x00000006a4800000|  0%| F|  |TAMS 0x00000006a4400000, 0x00000006a4400000| Untracked 
| 146|0x00000006a4800000, 0x00000006a4800000, 0x00000006a4c00000|  0%| F|  |TAMS 0x00000006a4800000, 0x00000006a4800000| Untracked 
| 147|0x00000006a4c00000, 0x00000006a4c00000, 0x00000006a5000000|  0%| F|  |TAMS 0x00000006a4c00000, 0x00000006a4c00000| Untracked 
| 148|0x00000006a5000000, 0x00000006a5000000, 0x00000006a5400000|  0%| F|  |TAMS 0x00000006a5000000, 0x00000006a5000000| Untracked 
| 149|0x00000006a5400000, 0x00000006a5400000, 0x00000006a5800000|  0%| F|  |TAMS 0x00000006a5400000, 0x00000006a5400000| Untracked 
| 150|0x00000006a5800000, 0x00000006a5800000, 0x00000006a5c00000|  0%| F|  |TAMS 0x00000006a5800000, 0x00000006a5800000| Untracked 
| 151|0x00000006a5c00000, 0x00000006a5c00000, 0x00000006a6000000|  0%| F|  |TAMS 0x00000006a5c00000, 0x00000006a5c00000| Untracked 
| 152|0x00000006a6000000, 0x00000006a6000000, 0x00000006a6400000|  0%| F|  |TAMS 0x00000006a6000000, 0x00000006a6000000| Untracked 
| 153|0x00000006a6400000, 0x00000006a6400000, 0x00000006a6800000|  0%| F|  |TAMS 0x00000006a6400000, 0x00000006a6400000| Untracked 
| 154|0x00000006a6800000, 0x00000006a6800000, 0x00000006a6c00000|  0%| F|  |TAMS 0x00000006a6800000, 0x00000006a6800000| Untracked 
| 155|0x00000006a6c00000, 0x00000006a6c00000, 0x00000006a7000000|  0%| F|  |TAMS 0x00000006a6c00000, 0x00000006a6c00000| Untracked 
| 156|0x00000006a7000000, 0x00000006a7000000, 0x00000006a7400000|  0%| F|  |TAMS 0x00000006a7000000, 0x00000006a7000000| Untracked 
| 157|0x00000006a7400000, 0x00000006a7400000, 0x00000006a7800000|  0%| F|  |TAMS 0x00000006a7400000, 0x00000006a7400000| Untracked 
| 158|0x00000006a7800000, 0x00000006a7800000, 0x00000006a7c00000|  0%| F|  |TAMS 0x00000006a7800000, 0x00000006a7800000| Untracked 
| 159|0x00000006a7c00000, 0x00000006a7c00000, 0x00000006a8000000|  0%| F|  |TAMS 0x00000006a7c00000, 0x00000006a7c00000| Untracked 
| 160|0x00000006a8000000, 0x00000006a8000000, 0x00000006a8400000|  0%| F|  |TAMS 0x00000006a8000000, 0x00000006a8000000| Untracked 
| 161|0x00000006a8400000, 0x00000006a8400000, 0x00000006a8800000|  0%| F|  |TAMS 0x00000006a8400000, 0x00000006a8400000| Untracked 
| 162|0x00000006a8800000, 0x00000006a8800000, 0x00000006a8c00000|  0%| F|  |TAMS 0x00000006a8800000, 0x00000006a8800000| Untracked 
| 163|0x00000006a8c00000, 0x00000006a8c00000, 0x00000006a9000000|  0%| F|  |TAMS 0x00000006a8c00000, 0x00000006a8c00000| Untracked 
| 164|0x00000006a9000000, 0x00000006a9000000, 0x00000006a9400000|  0%| F|  |TAMS 0x00000006a9000000, 0x00000006a9000000| Untracked 
| 165|0x00000006a9400000, 0x00000006a9400000, 0x00000006a9800000|  0%| F|  |TAMS 0x00000006a9400000, 0x00000006a9400000| Untracked 
| 166|0x00000006a9800000, 0x00000006a9800000, 0x00000006a9c00000|  0%| F|  |TAMS 0x00000006a9800000, 0x00000006a9800000| Untracked 
| 167|0x00000006a9c00000, 0x00000006a9c00000, 0x00000006aa000000|  0%| F|  |TAMS 0x00000006a9c00000, 0x00000006a9c00000| Untracked 
| 168|0x00000006aa000000, 0x00000006aa000000, 0x00000006aa400000|  0%| F|  |TAMS 0x00000006aa000000, 0x00000006aa000000| Untracked 
| 169|0x00000006aa400000, 0x00000006aa400000, 0x00000006aa800000|  0%| F|  |TAMS 0x00000006aa400000, 0x00000006aa400000| Untracked 
| 170|0x00000006aa800000, 0x00000006aa800000, 0x00000006aac00000|  0%| F|  |TAMS 0x00000006aa800000, 0x00000006aa800000| Untracked 
| 171|0x00000006aac00000, 0x00000006aac00000, 0x00000006ab000000|  0%| F|  |TAMS 0x00000006aac00000, 0x00000006aac00000| Untracked 
| 172|0x00000006ab000000, 0x00000006ab000000, 0x00000006ab400000|  0%| F|  |TAMS 0x00000006ab000000, 0x00000006ab000000| Untracked 
| 173|0x00000006ab400000, 0x00000006ab400000, 0x00000006ab800000|  0%| F|  |TAMS 0x00000006ab400000, 0x00000006ab400000| Untracked 
| 174|0x00000006ab800000, 0x00000006ab800000, 0x00000006abc00000|  0%| F|  |TAMS 0x00000006ab800000, 0x00000006ab800000| Untracked 
| 175|0x00000006abc00000, 0x00000006abc00000, 0x00000006ac000000|  0%| F|  |TAMS 0x00000006abc00000, 0x00000006abc00000| Untracked 
| 176|0x00000006ac000000, 0x00000006ac000000, 0x00000006ac400000|  0%| F|  |TAMS 0x00000006ac000000, 0x00000006ac000000| Untracked 
| 177|0x00000006ac400000, 0x00000006ac400000, 0x00000006ac800000|  0%| F|  |TAMS 0x00000006ac400000, 0x00000006ac400000| Untracked 
| 178|0x00000006ac800000, 0x00000006ac800000, 0x00000006acc00000|  0%| F|  |TAMS 0x00000006ac800000, 0x00000006ac800000| Untracked 
| 179|0x00000006acc00000, 0x00000006acc00000, 0x00000006ad000000|  0%| F|  |TAMS 0x00000006acc00000, 0x00000006acc00000| Untracked 
| 180|0x00000006ad000000, 0x00000006ad000000, 0x00000006ad400000|  0%| F|  |TAMS 0x00000006ad000000, 0x00000006ad000000| Untracked 
| 181|0x00000006ad400000, 0x00000006ad400000, 0x00000006ad800000|  0%| F|  |TAMS 0x00000006ad400000, 0x00000006ad400000| Untracked 
| 182|0x00000006ad800000, 0x00000006ad800000, 0x00000006adc00000|  0%| F|  |TAMS 0x00000006ad800000, 0x00000006ad800000| Untracked 
| 183|0x00000006adc00000, 0x00000006adc00000, 0x00000006ae000000|  0%| F|  |TAMS 0x00000006adc00000, 0x00000006adc00000| Untracked 
| 184|0x00000006ae000000, 0x00000006ae000000, 0x00000006ae400000|  0%| F|  |TAMS 0x00000006ae000000, 0x00000006ae000000| Untracked 
| 185|0x00000006ae400000, 0x00000006ae400000, 0x00000006ae800000|  0%| F|  |TAMS 0x00000006ae400000, 0x00000006ae400000| Untracked 
| 186|0x00000006ae800000, 0x00000006ae800000, 0x00000006aec00000|  0%| F|  |TAMS 0x00000006ae800000, 0x00000006ae800000| Untracked 
| 187|0x00000006aec00000, 0x00000006aec00000, 0x00000006af000000|  0%| F|  |TAMS 0x00000006aec00000, 0x00000006aec00000| Untracked 
| 188|0x00000006af000000, 0x00000006af000000, 0x00000006af400000|  0%| F|  |TAMS 0x00000006af000000, 0x00000006af000000| Untracked 
| 189|0x00000006af400000, 0x00000006af400000, 0x00000006af800000|  0%| F|  |TAMS 0x00000006af400000, 0x00000006af400000| Untracked 
| 190|0x00000006af800000, 0x00000006af800000, 0x00000006afc00000|  0%| F|  |TAMS 0x00000006af800000, 0x00000006af800000| Untracked 
| 191|0x00000006afc00000, 0x00000006afc00000, 0x00000006b0000000|  0%| F|  |TAMS 0x00000006afc00000, 0x00000006afc00000| Untracked 
| 192|0x00000006b0000000, 0x00000006b0000000, 0x00000006b0400000|  0%| F|  |TAMS 0x00000006b0000000, 0x00000006b0000000| Untracked 
| 193|0x00000006b0400000, 0x00000006b0800000, 0x00000006b0800000|100%| S|CS|TAMS 0x00000006b0400000, 0x00000006b0400000| Complete 
| 194|0x00000006b0800000, 0x00000006b0c00000, 0x00000006b0c00000|100%| S|CS|TAMS 0x00000006b0800000, 0x00000006b0800000| Complete 
| 195|0x00000006b0c00000, 0x00000006b1000000, 0x00000006b1000000|100%| S|CS|TAMS 0x00000006b0c00000, 0x00000006b0c00000| Complete 
| 196|0x00000006b1000000, 0x00000006b1400000, 0x00000006b1400000|100%| S|CS|TAMS 0x00000006b1000000, 0x00000006b1000000| Complete 
| 197|0x00000006b1400000, 0x00000006b1800000, 0x00000006b1800000|100%| S|CS|TAMS 0x00000006b1400000, 0x00000006b1400000| Complete 
| 198|0x00000006b1800000, 0x00000006b1800000, 0x00000006b1c00000|  0%| F|  |TAMS 0x00000006b1800000, 0x00000006b1800000| Untracked 
| 199|0x00000006b1c00000, 0x00000006b1c00000, 0x00000006b2000000|  0%| F|  |TAMS 0x00000006b1c00000, 0x00000006b1c00000| Untracked 
| 200|0x00000006b2000000, 0x00000006b2000000, 0x00000006b2400000|  0%| F|  |TAMS 0x00000006b2000000, 0x00000006b2000000| Untracked 
| 201|0x00000006b2400000, 0x00000006b2400000, 0x00000006b2800000|  0%| F|  |TAMS 0x00000006b2400000, 0x00000006b2400000| Untracked 
| 202|0x00000006b2800000, 0x00000006b2800000, 0x00000006b2c00000|  0%| F|  |TAMS 0x00000006b2800000, 0x00000006b2800000| Untracked 
| 203|0x00000006b2c00000, 0x00000006b2c00000, 0x00000006b3000000|  0%| F|  |TAMS 0x00000006b2c00000, 0x00000006b2c00000| Untracked 
| 204|0x00000006b3000000, 0x00000006b3000000, 0x00000006b3400000|  0%| F|  |TAMS 0x00000006b3000000, 0x00000006b3000000| Untracked 
| 205|0x00000006b3400000, 0x00000006b3400000, 0x00000006b3800000|  0%| F|  |TAMS 0x00000006b3400000, 0x00000006b3400000| Untracked 
| 206|0x00000006b3800000, 0x00000006b3800000, 0x00000006b3c00000|  0%| F|  |TAMS 0x00000006b3800000, 0x00000006b3800000| Untracked 
| 207|0x00000006b3c00000, 0x00000006b3c00000, 0x00000006b4000000|  0%| F|  |TAMS 0x00000006b3c00000, 0x00000006b3c00000| Untracked 
| 208|0x00000006b4000000, 0x00000006b4000000, 0x00000006b4400000|  0%| F|  |TAMS 0x00000006b4000000, 0x00000006b4000000| Untracked 
| 209|0x00000006b4400000, 0x00000006b4400000, 0x00000006b4800000|  0%| F|  |TAMS 0x00000006b4400000, 0x00000006b4400000| Untracked 
| 210|0x00000006b4800000, 0x00000006b4800000, 0x00000006b4c00000|  0%| F|  |TAMS 0x00000006b4800000, 0x00000006b4800000| Untracked 
| 211|0x00000006b4c00000, 0x00000006b4c00000, 0x00000006b5000000|  0%| F|  |TAMS 0x00000006b4c00000, 0x00000006b4c00000| Untracked 
| 212|0x00000006b5000000, 0x00000006b5000000, 0x00000006b5400000|  0%| F|  |TAMS 0x00000006b5000000, 0x00000006b5000000| Untracked 
| 213|0x00000006b5400000, 0x00000006b5400000, 0x00000006b5800000|  0%| F|  |TAMS 0x00000006b5400000, 0x00000006b5400000| Untracked 
| 214|0x00000006b5800000, 0x00000006b5800000, 0x00000006b5c00000|  0%| F|  |TAMS 0x00000006b5800000, 0x00000006b5800000| Untracked 
| 215|0x00000006b5c00000, 0x00000006b5c00000, 0x00000006b6000000|  0%| F|  |TAMS 0x00000006b5c00000, 0x00000006b5c00000| Untracked 
| 216|0x00000006b6000000, 0x00000006b6000000, 0x00000006b6400000|  0%| F|  |TAMS 0x00000006b6000000, 0x00000006b6000000| Untracked 
| 217|0x00000006b6400000, 0x00000006b6400000, 0x00000006b6800000|  0%| F|  |TAMS 0x00000006b6400000, 0x00000006b6400000| Untracked 
| 218|0x00000006b6800000, 0x00000006b6800000, 0x00000006b6c00000|  0%| F|  |TAMS 0x00000006b6800000, 0x00000006b6800000| Untracked 
| 219|0x00000006b6c00000, 0x00000006b6c00000, 0x00000006b7000000|  0%| F|  |TAMS 0x00000006b6c00000, 0x00000006b6c00000| Untracked 
| 220|0x00000006b7000000, 0x00000006b7000000, 0x00000006b7400000|  0%| F|  |TAMS 0x00000006b7000000, 0x00000006b7000000| Untracked 
| 221|0x00000006b7400000, 0x00000006b7400000, 0x00000006b7800000|  0%| F|  |TAMS 0x00000006b7400000, 0x00000006b7400000| Untracked 
| 222|0x00000006b7800000, 0x00000006b7800000, 0x00000006b7c00000|  0%| F|  |TAMS 0x00000006b7800000, 0x00000006b7800000| Untracked 
| 223|0x00000006b7c00000, 0x00000006b7c00000, 0x00000006b8000000|  0%| F|  |TAMS 0x00000006b7c00000, 0x00000006b7c00000| Untracked 
| 224|0x00000006b8000000, 0x00000006b8000000, 0x00000006b8400000|  0%| F|  |TAMS 0x00000006b8000000, 0x00000006b8000000| Untracked 
| 225|0x00000006b8400000, 0x00000006b8400000, 0x00000006b8800000|  0%| F|  |TAMS 0x00000006b8400000, 0x00000006b8400000| Untracked 
| 226|0x00000006b8800000, 0x00000006b8800000, 0x00000006b8c00000|  0%| F|  |TAMS 0x00000006b8800000, 0x00000006b8800000| Untracked 
| 227|0x00000006b8c00000, 0x00000006b8c00000, 0x00000006b9000000|  0%| F|  |TAMS 0x00000006b8c00000, 0x00000006b8c00000| Untracked 
| 228|0x00000006b9000000, 0x00000006b9000000, 0x00000006b9400000|  0%| F|  |TAMS 0x00000006b9000000, 0x00000006b9000000| Untracked 
| 229|0x00000006b9400000, 0x00000006b9400000, 0x00000006b9800000|  0%| F|  |TAMS 0x00000006b9400000, 0x00000006b9400000| Untracked 
| 230|0x00000006b9800000, 0x00000006b9800000, 0x00000006b9c00000|  0%| F|  |TAMS 0x00000006b9800000, 0x00000006b9800000| Untracked 
| 231|0x00000006b9c00000, 0x00000006b9c00000, 0x00000006ba000000|  0%| F|  |TAMS 0x00000006b9c00000, 0x00000006b9c00000| Untracked 
| 232|0x00000006ba000000, 0x00000006ba000000, 0x00000006ba400000|  0%| F|  |TAMS 0x00000006ba000000, 0x00000006ba000000| Untracked 
|1535|0x00000007ffc00000, 0x00000007ffc00000, 0x0000000800000000|  0%| F|  |TAMS 0x00000007ffc00000, 0x00000007ffc00000| Untracked 

Card table byte_map: [0x0000014b61210000,0x0000014b61e10000] _byte_map_base: 0x0000014b5de10000

Marking Bits (Prev, Next): (CMBitMap*) 0x0000014b495b7ae0, (CMBitMap*) 0x0000014b495b7b20
 Prev Bits: [0x0000014b62a10000, 0x0000014b68a10000)
 Next Bits: [0x0000014b68a10000, 0x0000014b6ea10000)

Polling page: 0x0000014b474c0000

Metaspace:

Usage:
  Non-class:     97.38 MB used.
      Class:     15.16 MB used.
       Both:    112.55 MB used.

Virtual space:
  Non-class space:      128.00 MB reserved,      98.00 MB ( 77%) committed,  2 nodes.
      Class space:      416.00 MB reserved,      15.81 MB (  4%) committed,  1 nodes.
             Both:      544.00 MB reserved,     113.81 MB ( 21%) committed. 

Chunk freelists:
   Non-Class:  13.81 MB
       Class:  5.00 KB
        Both:  13.82 MB

MaxMetaspaceSize: 512.00 MB
CompressedClassSpaceSize: 416.00 MB
Initial GC threshold: 512.00 MB
Current GC threshold: 512.00 MB
CDS: on
MetaspaceReclaimPolicy: balanced
 - commit_granule_bytes: 65536.
 - commit_granule_words: 8192.
 - virtual_space_node_default_size: 8388608.
 - enlarge_chunks_in_place: 1.
 - new_chunks_are_fully_committed: 0.
 - uncommit_free_chunks: 1.
 - use_allocation_guard: 0.
 - handle_deallocations: 1.


Internal statistics:

num_allocs_failed_limit: 0.
num_arena_births: 1956.
num_arena_deaths: 0.
num_vsnodes_births: 3.
num_vsnodes_deaths: 0.
num_space_committed: 1820.
num_space_uncommitted: 0.
num_chunks_returned_to_freelist: 0.
num_chunks_taken_from_freelist: 7255.
num_chunk_merges: 0.
num_chunk_splits: 4521.
num_chunks_enlarged: 2683.
num_inconsistent_stats: 0.

CodeHeap 'non-profiled nmethods': size=120000Kb used=15099Kb max_used=15467Kb free=104900Kb
 bounds [0x0000014b58b80000, 0x0000014b59ab0000, 0x0000014b600b0000]
CodeHeap 'profiled nmethods': size=120000Kb used=34379Kb max_used=35993Kb free=85620Kb
 bounds [0x0000014b510b0000, 0x0000014b53410000, 0x0000014b585e0000]
CodeHeap 'non-nmethods': size=5760Kb used=2455Kb max_used=2511Kb free=3304Kb
 bounds [0x0000014b585e0000, 0x0000014b58870000, 0x0000014b58b80000]
 total_blobs=18446 nmethods=17454 adapters=903
 compilation: enabled
              stopped_count=0, restarted_count=0
 full_count=0

Compilation events (20 events):
Event: 106.093 Thread 0x0000014b717d4410 21740       3       java.lang.StringUTF16$CharsSpliterator::<init> (12 bytes)
Event: 106.094 Thread 0x0000014b717d4410 nmethod 21740 0x0000014b514a8790 code [0x0000014b514a8940, 0x0000014b514a8a88]
Event: 106.106 Thread 0x0000014b717d4410 21741       1       com.android.ide.common.blame.SourceFile::setOverrideSourcePath (6 bytes)
Event: 106.106 Thread 0x0000014b717d4410 nmethod 21741 0x0000014b59330a90 code [0x0000014b59330c20, 0x0000014b59330d38]
Event: 106.114 Thread 0x0000014b717d4410 21742       3       java.util.Formatter$FormatSpecifier::printInteger (131 bytes)
Event: 106.115 Thread 0x0000014b717d4410 nmethod 21742 0x0000014b51226410 code [0x0000014b512266c0, 0x0000014b512276c8]
Event: 106.115 Thread 0x0000014b717d4410 21743       3       java.util.Formatter$FormatSpecifier::getZero (36 bytes)
Event: 106.115 Thread 0x0000014b717d4410 nmethod 21743 0x0000014b51513d90 code [0x0000014b51513fa0, 0x0000014b515143b8]
Event: 106.115 Thread 0x0000014b717d4410 21744       3       java.util.Formatter::locale (9 bytes)
Event: 106.115 Thread 0x0000014b717d4410 nmethod 21744 0x0000014b51441b90 code [0x0000014b51441d40, 0x0000014b51441f68]
Event: 106.168 Thread 0x0000014b717d4410 21746       3       com.android.ide.common.blame.MergingLog::getShard (26 bytes)
Event: 106.169 Thread 0x0000014b717d4410 nmethod 21746 0x0000014b51554b90 code [0x0000014b51554d80, 0x0000014b515551a8]
Event: 106.169 Thread 0x0000014b717d4410 21747       3       com.android.ide.common.blame.SourceFile::getSourceFile (21 bytes)
Event: 106.169 Thread 0x0000014b717d4410 nmethod 21747 0x0000014b51f5e090 code [0x0000014b51f5e240, 0x0000014b51f5e468]
Event: 106.169 Thread 0x0000014b717d4410 21748       3       com.android.ide.common.blame.SourceFile::hashCode (22 bytes)
Event: 106.170 Thread 0x0000014b717d4410 nmethod 21748 0x0000014b5327f690 code [0x0000014b5327f880, 0x0000014b5327fec8]
Event: 106.171 Thread 0x0000014b7115e8a0 21749       4       java.util.ComparableTimSort::mergeAt (356 bytes)
Event: 106.176 Thread 0x0000014b7115e8a0 nmethod 21749 0x0000014b593b4110 code [0x0000014b593b42e0, 0x0000014b593b4770]
Event: 106.190 Thread 0x0000014b7115e8a0 21750       4       com.sun.org.apache.xerces.internal.dom.ElementImpl::<init> (16 bytes)
Event: 106.193 Thread 0x0000014b7115e8a0 nmethod 21750 0x0000014b58cf1c10 code [0x0000014b58cf1d80, 0x0000014b58cf2158]

GC Heap History (20 events):
Event: 87.708 GC heap after
{Heap after GC invocations=47 (full 0):
 garbage-first heap   total 512000K, used 301986K [0x0000000680000000, 0x0000000800000000)
  region size 4096K, 3 young (12288K), 3 survivors (12288K)
 Metaspace       used 112142K, committed 113472K, reserved 557056K
  class space    used 15227K, committed 15872K, reserved 425984K
}
Event: 88.914 GC heap before
{Heap before GC invocations=47 (full 0):
 garbage-first heap   total 512000K, used 424866K [0x0000000680000000, 0x0000000800000000)
  region size 4096K, 33 young (135168K), 3 survivors (12288K)
 Metaspace       used 112743K, committed 114112K, reserved 557056K
  class space    used 15307K, committed 15936K, reserved 425984K
}
Event: 88.921 GC heap after
{Heap after GC invocations=48 (full 0):
 garbage-first heap   total 512000K, used 306031K [0x0000000680000000, 0x0000000800000000)
  region size 4096K, 4 young (16384K), 4 survivors (16384K)
 Metaspace       used 112743K, committed 114112K, reserved 557056K
  class space    used 15307K, committed 15936K, reserved 425984K
}
Event: 97.070 GC heap before
{Heap before GC invocations=48 (full 0):
 garbage-first heap   total 512000K, used 420719K [0x0000000680000000, 0x0000000800000000)
  region size 4096K, 33 young (135168K), 4 survivors (16384K)
 Metaspace       used 114585K, committed 115968K, reserved 557056K
  class space    used 15475K, committed 16128K, reserved 425984K
}
Event: 97.085 GC heap after
{Heap after GC invocations=49 (full 0):
 garbage-first heap   total 512000K, used 319513K [0x0000000680000000, 0x0000000800000000)
  region size 4096K, 5 young (20480K), 5 survivors (20480K)
 Metaspace       used 114585K, committed 115968K, reserved 557056K
  class space    used 15475K, committed 16128K, reserved 425984K
}
Event: 99.546 GC heap before
{Heap before GC invocations=49 (full 0):
 garbage-first heap   total 512000K, used 417817K [0x0000000680000000, 0x0000000800000000)
  region size 4096K, 30 young (122880K), 5 survivors (20480K)
 Metaspace       used 114665K, committed 115968K, reserved 557056K
  class space    used 15480K, committed 16128K, reserved 425984K
}
Event: 99.566 GC heap after
{Heap after GC invocations=50 (full 0):
 garbage-first heap   total 512000K, used 361755K [0x0000000680000000, 0x0000000800000000)
  region size 4096K, 4 young (16384K), 4 survivors (16384K)
 Metaspace       used 114665K, committed 115968K, reserved 557056K
  class space    used 15480K, committed 16128K, reserved 425984K
}
Event: 99.791 GC heap before
{Heap before GC invocations=50 (full 0):
 garbage-first heap   total 512000K, used 415003K [0x0000000680000000, 0x0000000800000000)
  region size 4096K, 18 young (73728K), 4 survivors (16384K)
 Metaspace       used 114666K, committed 115968K, reserved 557056K
  class space    used 15480K, committed 16128K, reserved 425984K
}
Event: 99.813 GC heap after
{Heap after GC invocations=51 (full 0):
 garbage-first heap   total 512000K, used 401069K [0x0000000680000000, 0x0000000800000000)
  region size 4096K, 3 young (12288K), 3 survivors (12288K)
 Metaspace       used 114666K, committed 115968K, reserved 557056K
  class space    used 15480K, committed 16128K, reserved 425984K
}
Event: 100.053 GC heap before
{Heap before GC invocations=51 (full 0):
 garbage-first heap   total 512000K, used 454317K [0x0000000680000000, 0x0000000800000000)
  region size 4096K, 18 young (73728K), 3 survivors (12288K)
 Metaspace       used 114668K, committed 115968K, reserved 557056K
  class space    used 15480K, committed 16128K, reserved 425984K
}
Event: 100.074 GC heap after
{Heap after GC invocations=52 (full 0):
 garbage-first heap   total 516096K, used 442368K [0x0000000680000000, 0x0000000800000000)
  region size 4096K, 3 young (12288K), 3 survivors (12288K)
 Metaspace       used 114668K, committed 115968K, reserved 557056K
  class space    used 15480K, committed 16128K, reserved 425984K
}
Event: 100.328 GC heap before
{Heap before GC invocations=53 (full 0):
 garbage-first heap   total 765952K, used 499712K [0x0000000680000000, 0x0000000800000000)
  region size 4096K, 18 young (73728K), 3 survivors (12288K)
 Metaspace       used 114670K, committed 115968K, reserved 557056K
  class space    used 15480K, committed 16128K, reserved 425984K
}
Event: 100.345 GC heap after
{Heap after GC invocations=54 (full 0):
 garbage-first heap   total 765952K, used 483328K [0x0000000680000000, 0x0000000800000000)
  region size 4096K, 3 young (12288K), 3 survivors (12288K)
 Metaspace       used 114670K, committed 115968K, reserved 557056K
  class space    used 15480K, committed 16128K, reserved 425984K
}
Event: 100.661 GC heap before
{Heap before GC invocations=54 (full 0):
 garbage-first heap   total 765952K, used 581632K [0x0000000680000000, 0x0000000800000000)
  region size 4096K, 28 young (114688K), 3 survivors (12288K)
 Metaspace       used 114670K, committed 115968K, reserved 557056K
  class space    used 15480K, committed 16128K, reserved 425984K
}
Event: 100.709 GC heap after
{Heap after GC invocations=55 (full 0):
 garbage-first heap   total 765952K, used 546143K [0x0000000680000000, 0x0000000800000000)
  region size 4096K, 4 young (16384K), 4 survivors (16384K)
 Metaspace       used 114670K, committed 115968K, reserved 557056K
  class space    used 15480K, committed 16128K, reserved 425984K
}
Event: 103.141 GC heap before
{Heap before GC invocations=55 (full 0):
 garbage-first heap   total 765952K, used 640351K [0x0000000680000000, 0x0000000800000000)
  region size 4096K, 28 young (114688K), 4 survivors (16384K)
 Metaspace       used 115020K, committed 116416K, reserved 557056K
  class space    used 15515K, committed 16192K, reserved 425984K
}
Event: 103.157 GC heap after
{Heap after GC invocations=56 (full 0):
 garbage-first heap   total 765952K, used 559632K [0x0000000680000000, 0x0000000800000000)
  region size 4096K, 3 young (12288K), 3 survivors (12288K)
 Metaspace       used 115020K, committed 116416K, reserved 557056K
  class space    used 15515K, committed 16192K, reserved 425984K
}
Event: 105.281 GC heap before
{Heap before GC invocations=57 (full 0):
 garbage-first heap   total 958464K, used 686608K [0x0000000680000000, 0x0000000800000000)
  region size 4096K, 35 young (143360K), 3 survivors (12288K)
 Metaspace       used 115210K, committed 116544K, reserved 557056K
  class space    used 15527K, committed 16192K, reserved 425984K
}
Event: 105.318 GC heap after
{Heap after GC invocations=58 (full 0):
 garbage-first heap   total 958464K, used 584934K [0x0000000680000000, 0x0000000800000000)
  region size 4096K, 5 young (20480K), 5 survivors (20480K)
 Metaspace       used 115210K, committed 116544K, reserved 557056K
  class space    used 15527K, committed 16192K, reserved 425984K
}
Event: 106.241 GC heap before
{Heap before GC invocations=58 (full 0):
 garbage-first heap   total 958464K, used 707814K [0x0000000680000000, 0x0000000800000000)
  region size 4096K, 35 young (143360K), 5 survivors (20480K)
 Metaspace       used 115249K, committed 116544K, reserved 557056K
  class space    used 15527K, committed 16192K, reserved 425984K
}

Dll operation events (15 events):
Event: 0.306 Loaded shared library C:\Users\ivanp\AppData\Local\Programs\Eclipse Adoptium\jdk-17.0.19.10-hotspot\bin\java.dll
Event: 0.322 Loaded shared library C:\Users\ivanp\AppData\Local\Programs\Eclipse Adoptium\jdk-17.0.19.10-hotspot\bin\jsvml.dll
Event: 0.367 Loaded shared library C:\Users\ivanp\AppData\Local\Programs\Eclipse Adoptium\jdk-17.0.19.10-hotspot\bin\zip.dll
Event: 0.371 Loaded shared library C:\Users\ivanp\AppData\Local\Programs\Eclipse Adoptium\jdk-17.0.19.10-hotspot\bin\instrument.dll
Event: 0.376 Loaded shared library C:\Users\ivanp\AppData\Local\Programs\Eclipse Adoptium\jdk-17.0.19.10-hotspot\bin\net.dll
Event: 0.378 Loaded shared library C:\Users\ivanp\AppData\Local\Programs\Eclipse Adoptium\jdk-17.0.19.10-hotspot\bin\nio.dll
Event: 0.381 Loaded shared library C:\Users\ivanp\AppData\Local\Programs\Eclipse Adoptium\jdk-17.0.19.10-hotspot\bin\zip.dll
Event: 0.573 Loaded shared library C:\Users\ivanp\AppData\Local\Programs\Eclipse Adoptium\jdk-17.0.19.10-hotspot\bin\jimage.dll
Event: 0.631 Loaded shared library C:\Users\ivanp\AppData\Local\Programs\Eclipse Adoptium\jdk-17.0.19.10-hotspot\bin\verify.dll
Event: 0.812 Loaded shared library C:\Users\ivanp\.gradle\native\c067742578af261105cb4f569cf0c3c89f3d7b1fecec35dd04571415982c5e48\windows-amd64\native-platform.dll
Event: 0.831 Loaded shared library C:\Users\ivanp\.gradle\native\38dada09dfb8b06ba9b0570ebf7e218e3eb74d4ef43ca46872605cf95ebc2f47\windows-amd64\native-platform-file-events.dll
Event: 3.129 Loaded shared library C:\Users\ivanp\AppData\Local\Programs\Eclipse Adoptium\jdk-17.0.19.10-hotspot\bin\management.dll
Event: 3.133 Loaded shared library C:\Users\ivanp\AppData\Local\Programs\Eclipse Adoptium\jdk-17.0.19.10-hotspot\bin\management_ext.dll
Event: 3.679 Loaded shared library C:\Users\ivanp\AppData\Local\Programs\Eclipse Adoptium\jdk-17.0.19.10-hotspot\bin\extnet.dll
Event: 4.262 Loaded shared library C:\Users\ivanp\AppData\Local\Programs\Eclipse Adoptium\jdk-17.0.19.10-hotspot\bin\sunmscapi.dll

Deoptimization events (20 events):
Event: 105.220 Thread 0x0000014b769bd800 DEOPT PACKING pc=0x0000014b59947c48 sp=0x0000002651bf9330
Event: 105.221 Thread 0x0000014b769bd800 DEOPT UNPACKING pc=0x0000014b586369a3 sp=0x0000002651bf92f8 mode 2
Event: 105.266 Thread 0x0000014b769bd800 DEOPT PACKING pc=0x0000014b532bf851 sp=0x0000002651bf8ff0
Event: 105.266 Thread 0x0000014b769bd800 DEOPT UNPACKING pc=0x0000014b58637143 sp=0x0000002651bf84e8 mode 0
Event: 105.338 Thread 0x0000014b769bd800 DEOPT PACKING pc=0x0000014b532bf851 sp=0x0000002651bf8ff0
Event: 105.338 Thread 0x0000014b769bd800 DEOPT UNPACKING pc=0x0000014b58637143 sp=0x0000002651bf84e8 mode 0
Event: 105.362 Thread 0x0000014b769bd800 DEOPT PACKING pc=0x0000014b532bf851 sp=0x0000002651bf8ff0
Event: 105.362 Thread 0x0000014b769bd800 DEOPT UNPACKING pc=0x0000014b58637143 sp=0x0000002651bf84e8 mode 0
Event: 105.385 Thread 0x0000014b769bd800 DEOPT PACKING pc=0x0000014b532bf851 sp=0x0000002651bf8ff0
Event: 105.385 Thread 0x0000014b769bd800 DEOPT UNPACKING pc=0x0000014b58637143 sp=0x0000002651bf84e8 mode 0
Event: 105.413 Thread 0x0000014b769bd800 DEOPT PACKING pc=0x0000014b532bf851 sp=0x0000002651bf8ff0
Event: 105.413 Thread 0x0000014b769bd800 DEOPT UNPACKING pc=0x0000014b58637143 sp=0x0000002651bf84e8 mode 0
Event: 105.430 Thread 0x0000014b769bd800 DEOPT PACKING pc=0x0000014b532bf851 sp=0x0000002651bf91b0
Event: 105.430 Thread 0x0000014b769bd800 DEOPT UNPACKING pc=0x0000014b58637143 sp=0x0000002651bf86a8 mode 0
Event: 105.449 Thread 0x0000014b769bd800 DEOPT PACKING pc=0x0000014b532bf851 sp=0x0000002651bf91b0
Event: 105.449 Thread 0x0000014b769bd800 DEOPT UNPACKING pc=0x0000014b58637143 sp=0x0000002651bf86a8 mode 0
Event: 105.487 Thread 0x0000014b769bd800 DEOPT PACKING pc=0x0000014b5327651c sp=0x0000002651bf93d0
Event: 105.487 Thread 0x0000014b769bd800 DEOPT UNPACKING pc=0x0000014b58637143 sp=0x0000002651bf8cc8 mode 0
Event: 105.515 Thread 0x0000014b769bd800 DEOPT PACKING pc=0x0000014b5327651c sp=0x0000002651bf93d0
Event: 105.515 Thread 0x0000014b769bd800 DEOPT UNPACKING pc=0x0000014b58637143 sp=0x0000002651bf8cc8 mode 0

Classes loaded (20 events):
Event: 99.076 Loading class java/util/stream/Nodes$IntFixedNodeBuilder
Event: 99.076 Loading class java/util/stream/Node$Builder$OfInt
Event: 99.077 Loading class java/util/stream/Node$Builder$OfInt done
Event: 99.077 Loading class java/util/stream/Nodes$IntArrayNode
Event: 99.077 Loading class java/util/stream/Nodes$IntArrayNode done
Event: 99.077 Loading class java/util/stream/Nodes$IntFixedNodeBuilder done
Event: 101.028 Loading class java/util/concurrent/ConcurrentLinkedDeque
Event: 101.030 Loading class java/util/concurrent/ConcurrentLinkedDeque done
Event: 101.030 Loading class java/util/concurrent/ConcurrentLinkedDeque$Node
Event: 101.030 Loading class java/util/concurrent/ConcurrentLinkedDeque$Node done
Event: 103.089 Loading class com/sun/org/apache/xerces/internal/dom/DOMImplementationImpl
Event: 103.089 Loading class org/w3c/dom/DOMImplementation
Event: 103.090 Loading class org/w3c/dom/DOMImplementation done
Event: 103.090 Loading class com/sun/org/apache/xerces/internal/dom/CoreDOMImplementationImpl
Event: 103.090 Loading class org/w3c/dom/ls/DOMImplementationLS
Event: 103.090 Loading class org/w3c/dom/ls/DOMImplementationLS done
Event: 103.090 Loading class com/sun/org/apache/xerces/internal/dom/CoreDOMImplementationImpl done
Event: 103.090 Loading class com/sun/org/apache/xerces/internal/dom/DOMImplementationImpl done
Event: 103.091 Loading class com/sun/org/apache/xerces/internal/dom/DeferredDOMImplementationImpl
Event: 103.091 Loading class com/sun/org/apache/xerces/internal/dom/DeferredDOMImplementationImpl done

Classes unloaded (0 events):
No events

Classes redefined (0 events):
No events

Internal exceptions (20 events):
Event: 80.238 Thread 0x0000014b769bd800 Exception <a 'sun/nio/fs/WindowsException'{0x0000000695c50c10}> (0x0000000695c50c10) 
thrown [s\src\hotspot\share\prims\jni.cpp, line 516]
Event: 80.284 Thread 0x0000014b769bd800 Exception <a 'java/lang/NoSuchMethodError'{0x0000000695ea6b98}: 'void java.lang.invoke.DirectMethodHandle$Holder.invokeVirtual(java.lang.Object, java.lang.Object)'> (0x0000000695ea6b98) 
thrown [s\src\hotspot\share\interpreter\linkResolver.cpp, line 759]
Event: 80.330 Thread 0x0000014b769bd800 Exception <a 'java/lang/NoSuchMethodError'{0x0000000695fbfdd8}: 'int java.lang.invoke.DirectMethodHandle$Holder.invokeSpecial(java.lang.Object, java.lang.Object, java.lang.Object, java.lang.Object, java.lang.Object)'> (0x0000000695fbfdd8) 
thrown [s\src\hotspot\share\interpreter\linkResolver.cpp, line 759]
Event: 80.443 Thread 0x0000014b769bd800 Exception <a 'java/lang/IncompatibleClassChangeError'{0x000000069547d288}: Found class java.lang.Object, but interface was expected> (0x000000069547d288) 
thrown [s\src\hotspot\share\interpreter\linkResolver.cpp, line 826]
Event: 80.624 Thread 0x0000014b769bd800 Exception <a 'java/lang/NoSuchMethodError'{0x00000006951c4c60}: 'int java.lang.invoke.DirectMethodHandle$Holder.invokeStaticInit(java.lang.Object, java.lang.Object, java.lang.Object, java.lang.Object, java.lang.Object)'> (0x00000006951c4c60) 
thrown [s\src\hotspot\share\interpreter\linkResolver.cpp, line 759]
Event: 80.664 Thread 0x0000014b769bd800 Exception <a 'sun/nio/fs/WindowsException'{0x00000006952ebbd0}> (0x00000006952ebbd0) 
thrown [s\src\hotspot\share\prims\jni.cpp, line 516]
Event: 80.665 Thread 0x0000014b769bd800 Exception <a 'sun/nio/fs/WindowsException'{0x00000006952ee0c8}> (0x00000006952ee0c8) 
thrown [s\src\hotspot\share\prims\jni.cpp, line 516]
Event: 80.665 Thread 0x0000014b769bd800 Exception <a 'sun/nio/fs/WindowsException'{0x00000006952f02e0}> (0x00000006952f02e0) 
thrown [s\src\hotspot\share\prims\jni.cpp, line 516]
Event: 80.666 Thread 0x0000014b769bd800 Exception <a 'sun/nio/fs/WindowsException'{0x00000006952f2190}> (0x00000006952f2190) 
thrown [s\src\hotspot\share\prims\jni.cpp, line 516]
Event: 80.670 Thread 0x0000014b769bd800 Exception <a 'sun/nio/fs/WindowsException'{0x00000006952ff670}> (0x00000006952ff670) 
thrown [s\src\hotspot\share\prims\jni.cpp, line 516]
Event: 80.870 Thread 0x0000014b7112d7a0 Implicit null exception at 0x0000014b58ff7afd to 0x0000014b58ff81a8
Event: 82.379 Thread 0x0000014b769bd800 Exception <a 'java/lang/NoSuchMethodError'{0x000000069ad46e80}: 'java.lang.Object java.lang.invoke.DirectMethodHandle$Holder.invokeSpecialIFC(java.lang.Object, java.lang.Object, java.lang.Object)'> (0x000000069ad46e80) 
thrown [s\src\hotspot\share\interpreter\linkResolver.cpp, line 759]
Event: 85.188 Thread 0x0000014b769bd800 Implicit null exception at 0x0000014b598c11f5 to 0x0000014b598c1864
Event: 87.013 Thread 0x0000014b769bd800 Exception <a 'java/lang/NoSuchMethodError'{0x000000069ebccda8}: static Lcom/android/build/api/variant/impl/ResValueKeyImpl;.<clinit>()V> (0x000000069ebccda8) 
thrown [s\src\hotspot\share\prims\jni.cpp, line 1112]
Event: 87.014 Thread 0x0000014b769bd800 Exception <a 'java/lang/NoSuchMethodError'{0x000000069ebdd300}: static Lcom/android/build/api/variant/ResValue;.<clinit>()V> (0x000000069ebdd300) 
thrown [s\src\hotspot\share\prims\jni.cpp, line 1112]
Event: 87.820 Thread 0x0000014b769c0fb0 Implicit null exception at 0x0000014b59859f1c to 0x0000014b5985d394
Event: 87.830 Thread 0x0000014b769bd800 Exception <a 'sun/nio/fs/WindowsException'{0x000000069f36f0e8}> (0x000000069f36f0e8) 
thrown [s\src\hotspot\share\prims\jni.cpp, line 516]
Event: 96.566 Thread 0x0000014b769bd800 Implicit null exception at 0x0000014b5992b4c0 to 0x0000014b5992b538
Event: 103.092 Thread 0x0000014b769bd800 Exception <a 'java/lang/NoSuchMethodError'{0x00000006a8b449b0}: 'java.lang.Object java.lang.invoke.DirectMethodHandle$Holder.newInvokeSpecial(java.lang.Object, java.lang.Object, int, java.lang.Object, java.lang.Object)'> (0x00000006a8b449b0) 
thrown [s\src\hotspot\share\interpreter\linkResolver.cpp, line 759]
Event: 103.232 Thread 0x0000014b769bd800 Implicit null exception at 0x0000014b59994176 to 0x0000014b59994934

VM Operations (20 events):
Event: 101.424 Executing VM operation: HandshakeAllThreads done
Event: 102.424 Executing VM operation: Cleanup
Event: 102.424 Executing VM operation: Cleanup done
Event: 103.083 Executing VM operation: HandshakeAllThreads
Event: 103.083 Executing VM operation: HandshakeAllThreads done
Event: 103.141 Executing VM operation: G1CollectForAllocation
Event: 103.157 Executing VM operation: G1CollectForAllocation done
Event: 103.645 Executing VM operation: G1PauseRemark
Event: 103.663 Executing VM operation: G1PauseRemark done
Event: 103.889 Executing VM operation: G1PauseCleanup
Event: 103.889 Executing VM operation: G1PauseCleanup done
Event: 104.230 Executing VM operation: HandshakeAllThreads
Event: 104.230 Executing VM operation: HandshakeAllThreads done
Event: 104.316 Executing VM operation: HandshakeAllThreads
Event: 104.318 Executing VM operation: HandshakeAllThreads done
Event: 104.611 Executing VM operation: HandshakeAllThreads
Event: 104.612 Executing VM operation: HandshakeAllThreads done
Event: 105.281 Executing VM operation: G1CollectForAllocation
Event: 105.318 Executing VM operation: G1CollectForAllocation done
Event: 106.241 Executing VM operation: G1CollectForAllocation

Memory protections (0 events):
No events

Nmethod flushes (20 events):
Event: 104.648 Thread 0x0000014b717d5890 flushing  nmethod 0x0000014b533a1d90
Event: 104.648 Thread 0x0000014b717d5890 flushing  nmethod 0x0000014b533a4d10
Event: 104.648 Thread 0x0000014b717d5890 flushing  nmethod 0x0000014b533a9490
Event: 104.648 Thread 0x0000014b717d5890 flushing  nmethod 0x0000014b533aac10
Event: 104.648 Thread 0x0000014b717d5890 flushing  nmethod 0x0000014b533ab390
Event: 104.648 Thread 0x0000014b717d5890 flushing  nmethod 0x0000014b533aca10
Event: 104.648 Thread 0x0000014b717d5890 flushing  nmethod 0x0000014b533ad510
Event: 104.648 Thread 0x0000014b717d5890 flushing  nmethod 0x0000014b533ae290
Event: 104.648 Thread 0x0000014b717d5890 flushing  nmethod 0x0000014b533aea10
Event: 104.648 Thread 0x0000014b717d5890 flushing  nmethod 0x0000014b533af110
Event: 104.648 Thread 0x0000014b717d5890 flushing  nmethod 0x0000014b533b0110
Event: 104.648 Thread 0x0000014b717d5890 flushing  nmethod 0x0000014b533b0790
Event: 104.648 Thread 0x0000014b717d5890 flushing  nmethod 0x0000014b533b1790
Event: 104.648 Thread 0x0000014b717d5890 flushing  nmethod 0x0000014b533be090
Event: 104.648 Thread 0x0000014b717d5890 flushing  nmethod 0x0000014b533be490
Event: 104.648 Thread 0x0000014b717d5890 flushing  nmethod 0x0000014b533c2390
Event: 104.648 Thread 0x0000014b717d5890 flushing osr nmethod 0x0000014b533c2910
Event: 104.648 Thread 0x0000014b717d5890 flushing  nmethod 0x0000014b533c5b10
Event: 104.648 Thread 0x0000014b717d5890 flushing  nmethod 0x0000014b533cee90
Event: 104.648 Thread 0x0000014b717d5890 flushing  nmethod 0x0000014b533cfb90

Events (20 events):
Event: 89.601 Thread 0x0000014b79b25d10 Thread exited: 0x0000014b79b25d10
Event: 89.601 Thread 0x0000014b79b25270 Thread exited: 0x0000014b79b25270
Event: 89.606 Thread 0x0000014b717d4410 Thread added: 0x0000014b79b25270
Event: 89.822 Thread 0x0000014b79b25270 Thread exited: 0x0000014b79b25270
Event: 94.735 Thread 0x0000014b717d4410 Thread added: 0x0000014b79b25d10
Event: 95.635 Thread 0x0000014b79b25d10 Thread exited: 0x0000014b79b25d10
Event: 96.672 Thread 0x0000014b717d4410 Thread added: 0x0000014b79b25270
Event: 96.686 Thread 0x0000014b717d4410 Thread added: 0x0000014b79b277a0
Event: 97.945 Thread 0x0000014b79b277a0 Thread exited: 0x0000014b79b277a0
Event: 98.136 Thread 0x0000014b79b25270 Thread exited: 0x0000014b79b25270
Event: 99.155 Thread 0x0000014b717d4410 Thread added: 0x0000014b79b25270
Event: 99.469 Thread 0x0000014b79b25270 Thread exited: 0x0000014b79b25270
Event: 99.516 Thread 0x0000014b7115e8a0 Thread added: 0x0000014b79b28ce0
Event: 99.647 Thread 0x0000014b7115e8a0 Thread added: 0x0000014b79b27250
Event: 100.117 Thread 0x0000014b79b27250 Thread exited: 0x0000014b79b27250
Event: 100.620 Thread 0x0000014b79b28ce0 Thread exited: 0x0000014b79b28ce0
Event: 101.630 Thread 0x0000014b717d4410 Thread added: 0x0000014b79b28ce0
Event: 102.270 Thread 0x0000014b79b28ce0 Thread exited: 0x0000014b79b28ce0
Event: 103.096 Thread 0x0000014b717d4410 Thread added: 0x0000014b79b25d10
Event: 105.981 Thread 0x0000014b79b25d10 Thread exited: 0x0000014b79b25d10


Dynamic libraries:
0x00007ff658090000 - 0x00007ff65809e000 	C:\Users\ivanp\AppData\Local\Programs\Eclipse Adoptium\jdk-17.0.19.10-hotspot\bin\java.exe
0x00007ff9c4840000 - 0x00007ff9c4aa6000 	C:\WINDOWS\SYSTEM32\ntdll.dll
0x00007ff9c3190000 - 0x00007ff9c3259000 	C:\WINDOWS\System32\KERNEL32.DLL
0x00007ff9c1e90000 - 0x00007ff9c228a000 	C:\WINDOWS\System32\KERNELBASE.dll
0x00007ff9c1d40000 - 0x00007ff9c1e8c000 	C:\WINDOWS\System32\ucrtbase.dll
0x00007ff99f350000 - 0x00007ff99f368000 	C:\Users\ivanp\AppData\Local\Programs\Eclipse Adoptium\jdk-17.0.19.10-hotspot\bin\jli.dll
0x00007ff9b9fa0000 - 0x00007ff9b9fbe000 	C:\Users\ivanp\AppData\Local\Programs\Eclipse Adoptium\jdk-17.0.19.10-hotspot\bin\VCRUNTIME140.dll
0x00007ff9c25e0000 - 0x00007ff9c27a7000 	C:\WINDOWS\System32\USER32.dll
0x00007ff9aa7c0000 - 0x00007ff9aaa52000 	C:\WINDOWS\WinSxS\amd64_microsoft.windows.common-controls_6595b64144ccf1df_6.0.26100.8521_none_3e08b75ce33403b3\COMCTL32.dll
0x00007ff9c24d0000 - 0x00007ff9c24f7000 	C:\WINDOWS\System32\win32u.dll
0x00007ff9c2db0000 - 0x00007ff9c2e59000 	C:\WINDOWS\System32\msvcrt.dll
0x00007ff9c25b0000 - 0x00007ff9c25db000 	C:\WINDOWS\System32\GDI32.dll
0x00007ff9c1b60000 - 0x00007ff9c1c8b000 	C:\WINDOWS\System32\gdi32full.dll
0x00007ff9c2500000 - 0x00007ff9c25a3000 	C:\WINDOWS\System32\msvcp_win.dll
0x00007ff9c29e0000 - 0x00007ff9c2a12000 	C:\WINDOWS\System32\IMM32.DLL
0x00007ff9bb570000 - 0x00007ff9bb57c000 	C:\Users\ivanp\AppData\Local\Programs\Eclipse Adoptium\jdk-17.0.19.10-hotspot\bin\vcruntime140_1.dll
0x00007ff945930000 - 0x00007ff9459bd000 	C:\Users\ivanp\AppData\Local\Programs\Eclipse Adoptium\jdk-17.0.19.10-hotspot\bin\msvcp140.dll
0x00007ff8970d0000 - 0x00007ff897d3c000 	C:\Users\ivanp\AppData\Local\Programs\Eclipse Adoptium\jdk-17.0.19.10-hotspot\bin\server\jvm.dll
0x00007ff9c42b0000 - 0x00007ff9c4366000 	C:\WINDOWS\System32\ADVAPI32.dll
0x00007ff9c2c80000 - 0x00007ff9c2d2a000 	C:\WINDOWS\System32\sechost.dll
0x00007ff9c40f0000 - 0x00007ff9c4208000 	C:\WINDOWS\System32\RPCRT4.dll
0x00007ff9c2bf0000 - 0x00007ff9c2c70000 	C:\WINDOWS\System32\WS2_32.dll
0x00007ff9c1330000 - 0x00007ff9c138e000 	C:\WINDOWS\SYSTEM32\POWRPROF.dll
0x00007ff9b37e0000 - 0x00007ff9b3816000 	C:\WINDOWS\SYSTEM32\WINMM.dll
0x00007ff9b4be0000 - 0x00007ff9b4beb000 	C:\WINDOWS\SYSTEM32\VERSION.dll
0x00007ff9c1310000 - 0x00007ff9c1324000 	C:\WINDOWS\SYSTEM32\UMPDC.dll
0x00007ff9c0820000 - 0x00007ff9c083b000 	C:\WINDOWS\SYSTEM32\kernel.appcore.dll
0x00007ff9b9f90000 - 0x00007ff9b9f9a000 	C:\Users\ivanp\AppData\Local\Programs\Eclipse Adoptium\jdk-17.0.19.10-hotspot\bin\jimage.dll
0x00007ff9bf320000 - 0x00007ff9bf562000 	C:\WINDOWS\SYSTEM32\DBGHELP.DLL
0x00007ff9c3c50000 - 0x00007ff9c3fd3000 	C:\WINDOWS\System32\combase.dll
0x00007ff9c27d0000 - 0x00007ff9c28a9000 	C:\WINDOWS\System32\OLEAUT32.dll
0x00007ff99e860000 - 0x00007ff99e89b000 	C:\WINDOWS\SYSTEM32\dbgcore.DLL
0x00007ff9c1c90000 - 0x00007ff9c1d38000 	C:\WINDOWS\System32\bcryptPrimitives.dll
0x00007ff9af140000 - 0x00007ff9af14e000 	C:\Users\ivanp\AppData\Local\Programs\Eclipse Adoptium\jdk-17.0.19.10-hotspot\bin\instrument.dll
0x00007ff998080000 - 0x00007ff9980a5000 	C:\Users\ivanp\AppData\Local\Programs\Eclipse Adoptium\jdk-17.0.19.10-hotspot\bin\java.dll
0x00007ff943770000 - 0x00007ff943847000 	C:\Users\ivanp\AppData\Local\Programs\Eclipse Adoptium\jdk-17.0.19.10-hotspot\bin\jsvml.dll
0x00007ff9c3260000 - 0x00007ff9c39e4000 	C:\WINDOWS\System32\SHELL32.dll
0x00007ff9bf650000 - 0x00007ff9bfed0000 	C:\WINDOWS\SYSTEM32\windows.storage.dll
0x00007ff9c28b0000 - 0x00007ff9c29a6000 	C:\WINDOWS\System32\SHCORE.dll
0x00007ff9c2b80000 - 0x00007ff9c2be7000 	C:\WINDOWS\System32\shlwapi.dll
0x00007ff9c19f0000 - 0x00007ff9c1a19000 	C:\WINDOWS\SYSTEM32\profapi.dll
0x00007ff996460000 - 0x00007ff996478000 	C:\Users\ivanp\AppData\Local\Programs\Eclipse Adoptium\jdk-17.0.19.10-hotspot\bin\zip.dll
0x00007ff997130000 - 0x00007ff99714a000 	C:\Users\ivanp\AppData\Local\Programs\Eclipse Adoptium\jdk-17.0.19.10-hotspot\bin\net.dll
0x00007ff9b8690000 - 0x00007ff9b87b9000 	C:\WINDOWS\SYSTEM32\WINHTTP.dll
0x00007ff9c0d70000 - 0x00007ff9c0ddc000 	C:\WINDOWS\system32\mswsock.dll
0x00007ff996520000 - 0x00007ff996536000 	C:\Users\ivanp\AppData\Local\Programs\Eclipse Adoptium\jdk-17.0.19.10-hotspot\bin\nio.dll
0x00007ff9b9ef0000 - 0x00007ff9b9f00000 	C:\Users\ivanp\AppData\Local\Programs\Eclipse Adoptium\jdk-17.0.19.10-hotspot\bin\verify.dll
0x00007ff996390000 - 0x00007ff9963b7000 	C:\Users\ivanp\.gradle\native\c067742578af261105cb4f569cf0c3c89f3d7b1fecec35dd04571415982c5e48\windows-amd64\native-platform.dll
0x00007ff901330000 - 0x00007ff901474000 	C:\Users\ivanp\.gradle\native\38dada09dfb8b06ba9b0570ebf7e218e3eb74d4ef43ca46872605cf95ebc2f47\windows-amd64\native-platform-file-events.dll
0x00007ff9b5140000 - 0x00007ff9b514a000 	C:\Users\ivanp\AppData\Local\Programs\Eclipse Adoptium\jdk-17.0.19.10-hotspot\bin\management.dll
0x00007ff9af260000 - 0x00007ff9af26c000 	C:\Users\ivanp\AppData\Local\Programs\Eclipse Adoptium\jdk-17.0.19.10-hotspot\bin\management_ext.dll
0x00007ff9c42a0000 - 0x00007ff9c42a8000 	C:\WINDOWS\System32\PSAPI.DLL
0x00007ff9c1170000 - 0x00007ff9c118b000 	C:\WINDOWS\SYSTEM32\CRYPTSP.dll
0x00007ff9c0780000 - 0x00007ff9c07b9000 	C:\WINDOWS\system32\rsaenh.dll
0x00007ff9c0e20000 - 0x00007ff9c0e53000 	C:\WINDOWS\SYSTEM32\USERENV.dll
0x00007ff9c19c0000 - 0x00007ff9c19ea000 	C:\WINDOWS\SYSTEM32\bcrypt.dll
0x00007ff9c0fd0000 - 0x00007ff9c0fdc000 	C:\WINDOWS\SYSTEM32\CRYPTBASE.dll
0x00007ff9c02b0000 - 0x00007ff9c02e3000 	C:\WINDOWS\SYSTEM32\IPHLPAPI.DLL
0x00007ff9c4040000 - 0x00007ff9c404a000 	C:\WINDOWS\System32\NSI.dll
0x00007ff9b8860000 - 0x00007ff9b887d000 	C:\WINDOWS\SYSTEM32\dhcpcsvc6.DLL
0x00007ff9b87c0000 - 0x00007ff9b87e5000 	C:\WINDOWS\SYSTEM32\dhcpcsvc.DLL
0x00007ff9c02f0000 - 0x00007ff9c043a000 	C:\WINDOWS\SYSTEM32\DNSAPI.dll
0x00007ff9c0b90000 - 0x00007ff9c0b9d000 	C:\WINDOWS\SYSTEM32\DSPARSE.dll
0x00007ff99f2a0000 - 0x00007ff99f2a9000 	C:\Users\ivanp\AppData\Local\Programs\Eclipse Adoptium\jdk-17.0.19.10-hotspot\bin\extnet.dll
0x00007ff99e850000 - 0x00007ff99e85e000 	C:\Users\ivanp\AppData\Local\Programs\Eclipse Adoptium\jdk-17.0.19.10-hotspot\bin\sunmscapi.dll
0x00007ff9c2290000 - 0x00007ff9c2408000 	C:\WINDOWS\System32\CRYPT32.dll
0x00007ff9c13f0000 - 0x00007ff9c1420000 	C:\WINDOWS\SYSTEM32\ncrypt.dll
0x00007ff9c13a0000 - 0x00007ff9c13df000 	C:\WINDOWS\SYSTEM32\NTASN1.dll
0x00007ff9b3aa0000 - 0x00007ff9b3aa8000 	C:\WINDOWS\system32\wshunix.dll
0x00007ff999af0000 - 0x00007ff999b08000 	C:\WINDOWS\system32\napinsp.dll
0x00007ff996a60000 - 0x00007ff996a73000 	C:\WINDOWS\System32\winrnr.dll
0x00007ff996a30000 - 0x00007ff996a52000 	C:\WINDOWS\system32\nlansp_c.dll
0x00007ff9b6e30000 - 0x00007ff9b6e46000 	C:\WINDOWS\system32\wshbth.dll
0x00007ff9b7530000 - 0x00007ff9b753b000 	C:\Windows\System32\rasadhlp.dll
0x00007ff9b92f0000 - 0x00007ff9b9376000 	C:\WINDOWS\System32\fwpuclnt.dll

dbghelp: loaded successfully - version: 4.0.5 - missing functions: none
symbol engine: initialized successfully - sym options: 0x614 - pdb path: .;C:\Users\ivanp\AppData\Local\Programs\Eclipse Adoptium\jdk-17.0.19.10-hotspot\bin;C:\WINDOWS\SYSTEM32;C:\WINDOWS\WinSxS\amd64_microsoft.windows.common-controls_6595b64144ccf1df_6.0.26100.8521_none_3e08b75ce33403b3;C:\Users\ivanp\AppData\Local\Programs\Eclipse Adoptium\jdk-17.0.19.10-hotspot\bin\server;C:\Users\ivanp\.gradle\native\c067742578af261105cb4f569cf0c3c89f3d7b1fecec35dd04571415982c5e48\windows-amd64;C:\Users\ivanp\.gradle\native\38dada09dfb8b06ba9b0570ebf7e218e3eb74d4ef43ca46872605cf95ebc2f47\windows-amd64

VM Arguments:
jvm_args: -XX:+UseG1GC -XX:+UnlockExperimentalVMOptions -XX:G1NewSizePercent=15 -XX:G1ReservePercent=10 -XX:MaxGCPauseMillis=100 -XX:MetaspaceSize=512m -XX:MaxMetaspaceSize=512m --add-opens=java.base/java.util=ALL-UNNAMED --add-opens=java.base/java.lang=ALL-UNNAMED --add-opens=java.base/java.lang.invoke=ALL-UNNAMED --add-opens=java.prefs/java.util.prefs=ALL-UNNAMED --add-opens=java.base/java.nio.charset=ALL-UNNAMED --add-opens=java.base/java.net=ALL-UNNAMED --add-opens=java.base/java.util.concurrent.atomic=ALL-UNNAMED -Xmx6g -Dfile.encoding=windows-1251 -Duser.country=RU -Duser.language=ru -Duser.variant -javaagent:C:\Users\ivanp\.gradle\wrapper\dists\gradle-8.7-bin\bhs2wmbdwecv87pi65oeuq5iu\gradle-8.7\lib\agents\gradle-instrumentation-agent-8.7.jar 
java_command: org.gradle.launcher.daemon.bootstrap.GradleDaemon 8.7
java_class_path (initial): C:\Users\ivanp\.gradle\wrapper\dists\gradle-8.7-bin\bhs2wmbdwecv87pi65oeuq5iu\gradle-8.7\lib\gradle-launcher-8.7.jar
Launcher Type: SUN_STANDARD

[Global flags]
     intx CICompilerCount                          = 4                                         {product} {ergonomic}
   size_t CompressedClassSpaceSize                 = 436207616                                 {product} {ergonomic}
     uint ConcGCThreads                            = 3                                         {product} {ergonomic}
     uint G1ConcRefinementThreads                  = 10                                        {product} {ergonomic}
     uint G1EagerReclaimRemSetThreshold            = 32                                   {experimental} {ergonomic}
   size_t G1HeapRegionSize                         = 4194304                                   {product} {ergonomic}
    uintx G1NewSizePercent                         = 15                                   {experimental} {command line}
    uintx G1ReservePercent                         = 10                                        {product} {command line}
    uintx GCDrainStackTargetSize                   = 64                                        {product} {ergonomic}
   size_t InitialHeapSize                          = 264241152                                 {product} {ergonomic}
   size_t MarkStackSize                            = 4194304                                   {product} {ergonomic}
    uintx MaxGCPauseMillis                         = 100                                       {product} {command line}
   size_t MaxHeapSize                              = 6442450944                                {product} {command line}
   size_t MaxMetaspaceSize                         = 536870912                                 {product} {command line}
   size_t MaxNewSize                               = 3862953984                                {product} {ergonomic}
   size_t MetaspaceSize                            = 536870912                                 {product} {command line}
   size_t MinHeapDeltaBytes                        = 4194304                                   {product} {ergonomic}
   size_t MinHeapSize                              = 8388608                                   {product} {ergonomic}
    uintx NonNMethodCodeHeapSize                   = 5839372                                {pd product} {ergonomic}
    uintx NonProfiledCodeHeapSize                  = 122909434                              {pd product} {ergonomic}
    uintx ProfiledCodeHeapSize                     = 122909434                              {pd product} {ergonomic}
    uintx ReservedCodeCacheSize                    = 251658240                              {pd product} {ergonomic}
     bool SegmentedCodeCache                       = true                                      {product} {ergonomic}
   size_t SoftMaxHeapSize                          = 6442450944                             {manageable} {ergonomic}
     bool UnlockExperimentalVMOptions              = true                                 {experimental} {command line}
     bool UseCompressedClassPointers               = true                           {product lp64_product} {ergonomic}
     bool UseCompressedOops                        = true                           {product lp64_product} {ergonomic}
     bool UseG1GC                                  = true                                      {product} {command line}
     bool UseLargePagesIndividualAllocation        = false                                  {pd product} {ergonomic}

Logging:
Log output configuration:
 #0: stdout all=warning uptime,level,tags
 #1: stderr all=off uptime,level,tags

Environment Variables:
JAVA_HOME=C:\Users\ivanp\AppData\Local\Programs\Eclipse Adoptium\jdk-17.0.19.10-hotspot
CLASSPATH=C:\Users\ivanp\NewCatroid\\gradle\wrapper\gradle-wrapper.jar
PATH=C:\WINDOWS\system32;C:\WINDOWS;C:\WINDOWS\System32\Wbem;C:\WINDOWS\System32\WindowsPowerShell\v1.0\;C:\WINDOWS\System32\OpenSSH\;C:\Program Files\dotnet\;C:\Program Files\NVIDIA Corporation\NVIDIA App\NvDLISR;C:\Program Files (x86)\NVIDIA Corporation\PhysX\Common;C:\Users\ivanp\AppData\Local\Muse Hub\lib;C:\Program Files\Git\cmd;C:\Program Files\nodejs\;C:\Program Files\Cloudflare\Cloudflare WARP\;C:\Users\ivanp\AppData\Local\Programs\Eclipse Adoptium\jdk-17.0.19.10-hotspot\bin;C:\WINDOWS\system32;C:\WINDOWS;C:\WINDOWS\System32\Wbem;C:\WINDOWS\System32\WindowsPowerShell\v1.0\;C:\WINDOWS\System32\OpenSSH\;C:\Program Files\dotnet\;C:\Program Files\NVIDIA Corporation\NVIDIA App\NvDLISR;C:\Program Files (x86)\NVIDIA Corporation\PhysX\Common;C:\Users\ivanp\AppData\Local\Muse Hub\lib;C:\Program Files\Git\cmd;C:\Program Files\nodejs\;C:\Program Files\Cloudflare\Cloudflare WARP\;C:\Users\ivanp\AppData\Local\Programs\Eclipse Adoptium\jdk-21.0.11.10-hotspot\bin;C:\Users\ivanp\AppData\Local\Programs\Python\Python310\Scripts\;C:\Users\ivanp\AppData\Local\Programs\Python\Python310\;C:\Users\ivanp\AppData\Local\Programs\Eclipse Adoptium\jdk-25.0.3.9-hotspot\bin;C:\Users\ivanp\AppData\Local\Programs\Python\Python313\Scripts\;C:\Users\ivanp\AppDa;C:\Users\ivanp\AppData\Local\Programs\Microsoft VS Code\bin
USERNAME=ivanp
OS=Windows_NT
PROCESSOR_IDENTIFIER=Intel64 Family 6 Model 154 Stepping 3, GenuineIntel
TMP=C:\Users\ivanp\AppData\Local\Temp
TEMP=C:\Users\ivanp\AppData\Local\Temp



Periodic native trim disabled


---------------  S Y S T E M  ---------------

OS:
 Windows 11 , 64 bit Build 26100 (10.0.26100.8521)
OS uptime: 0 days 3:55 hours
Hyper-V role detected

CPU: total 12 (initial active 12) (6 cores per cpu, 2 threads per core) family 6 model 154 stepping 3 microcode 0x424, cx8, cmov, fxsr, ht, mmx, 3dnowpref, sse, sse2, sse3, ssse3, sse4.1, sse4.2, popcnt, lzcnt, tsc, tscinvbit, avx, avx2, aes, erms, clmul, bmi1, bmi2, adx, sha, fma, vzeroupper, clflush, clflushopt, clwb, hv
Processor Information for all 12 processors :
  Max Mhz: 2000, Current Mhz: 2000, Mhz Limit: 2000

Memory: 4k page, system-wide physical 16087M (603M free)
TotalPageFile size 36567M (AvailPageFile size 909M)
current process WorkingSet (physical memory assigned to process): 1089M, peak: 1089M
current process commit charge ("private bytes"): 1334M, peak: 2675M

vm_info: OpenJDK 64-Bit Server VM (17.0.19+10) for windows-amd64 JRE (17.0.19+10), built on Apr 25 2026 08:04:44 by "admin" with MS VC++ 17.12 (VS2022)

END.
